Archive member included to satisfy reference by file (symbol)

/usr/local/Cellar/arm-none-eabi-gcc/10.3-2021.07/gcc/bin/../lib/gcc/arm-none-eabi/10.3.1/thumb/v6-m/nofp/libgcc.a(_dvmd_tls.o)
                              CMakeFiles/shift.dir/Users/dirtyryguy/pico/pico-sdk/src/rp2_common/pico_divider/divider.S.obj (__aeabi_idiv0)
/usr/local/Cellar/arm-none-eabi-gcc/10.3-2021.07/gcc/bin/../lib/gcc/arm-none-eabi/10.3.1/../../../../arm-none-eabi/lib/thumb/v6-m/nofp/libc.a(lib_a-calloc.o)
                              CMakeFiles/shift.dir/Users/dirtyryguy/pico/pico-sdk/src/rp2_common/pico_malloc/pico_malloc.c.obj (calloc)
/usr/local/Cellar/arm-none-eabi-gcc/10.3-2021.07/gcc/bin/../lib/gcc/arm-none-eabi/10.3.1/../../../../arm-none-eabi/lib/thumb/v6-m/nofp/libc.a(lib_a-callocr.o)
                              /usr/local/Cellar/arm-none-eabi-gcc/10.3-2021.07/gcc/bin/../lib/gcc/arm-none-eabi/10.3.1/../../../../arm-none-eabi/lib/thumb/v6-m/nofp/libc.a(lib_a-calloc.o) (_calloc_r)
/usr/local/Cellar/arm-none-eabi-gcc/10.3-2021.07/gcc/bin/../lib/gcc/arm-none-eabi/10.3.1/../../../../arm-none-eabi/lib/thumb/v6-m/nofp/libc.a(lib_a-errno.o)
                              /usr/local/Cellar/arm-none-eabi-gcc/10.3-2021.07/gcc/bin/../lib/gcc/arm-none-eabi/10.3.1/../../../../arm-none-eabi/lib/thumb/v6-m/nofp/libc.a(lib_a-callocr.o) (__errno)
/usr/local/Cellar/arm-none-eabi-gcc/10.3-2021.07/gcc/bin/../lib/gcc/arm-none-eabi/10.3.1/../../../../arm-none-eabi/lib/thumb/v6-m/nofp/libc.a(lib_a-impure.o)
                              /usr/local/Cellar/arm-none-eabi-gcc/10.3-2021.07/gcc/bin/../lib/gcc/arm-none-eabi/10.3.1/../../../../arm-none-eabi/lib/thumb/v6-m/nofp/libc.a(lib_a-calloc.o) (_impure_ptr)
/usr/local/Cellar/arm-none-eabi-gcc/10.3-2021.07/gcc/bin/../lib/gcc/arm-none-eabi/10.3.1/../../../../arm-none-eabi/lib/thumb/v6-m/nofp/libc.a(lib_a-init.o)
                              /usr/local/Cellar/arm-none-eabi-gcc/10.3-2021.07/gcc/bin/../lib/gcc/arm-none-eabi/10.3.1/../../../../arm-none-eabi/lib/thumb/v6-m/nofp/crt0.o (__libc_init_array)
/usr/local/Cellar/arm-none-eabi-gcc/10.3-2021.07/gcc/bin/../lib/gcc/arm-none-eabi/10.3.1/../../../../arm-none-eabi/lib/thumb/v6-m/nofp/libc.a(lib_a-malloc.o)
                              CMakeFiles/shift.dir/Users/dirtyryguy/pico/pico-sdk/src/rp2_common/pico_malloc/pico_malloc.c.obj (malloc)
/usr/local/Cellar/arm-none-eabi-gcc/10.3-2021.07/gcc/bin/../lib/gcc/arm-none-eabi/10.3.1/../../../../arm-none-eabi/lib/thumb/v6-m/nofp/libc.a(lib_a-mallocr.o)
                              /usr/local/Cellar/arm-none-eabi-gcc/10.3-2021.07/gcc/bin/../lib/gcc/arm-none-eabi/10.3.1/../../../../arm-none-eabi/lib/thumb/v6-m/nofp/libc.a(lib_a-callocr.o) (_malloc_r)
/usr/local/Cellar/arm-none-eabi-gcc/10.3-2021.07/gcc/bin/../lib/gcc/arm-none-eabi/10.3.1/../../../../arm-none-eabi/lib/thumb/v6-m/nofp/libc.a(lib_a-mlock.o)
                              /usr/local/Cellar/arm-none-eabi-gcc/10.3-2021.07/gcc/bin/../lib/gcc/arm-none-eabi/10.3.1/../../../../arm-none-eabi/lib/thumb/v6-m/nofp/libc.a(lib_a-mallocr.o) (__malloc_lock)
/usr/local/Cellar/arm-none-eabi-gcc/10.3-2021.07/gcc/bin/../lib/gcc/arm-none-eabi/10.3.1/../../../../arm-none-eabi/lib/thumb/v6-m/nofp/libc.a(lib_a-realloc.o)
                              CMakeFiles/shift.dir/Users/dirtyryguy/pico/pico-sdk/src/rp2_common/pico_malloc/pico_malloc.c.obj (realloc)
/usr/local/Cellar/arm-none-eabi-gcc/10.3-2021.07/gcc/bin/../lib/gcc/arm-none-eabi/10.3.1/../../../../arm-none-eabi/lib/thumb/v6-m/nofp/libc.a(lib_a-reallocr.o)
                              /usr/local/Cellar/arm-none-eabi-gcc/10.3-2021.07/gcc/bin/../lib/gcc/arm-none-eabi/10.3.1/../../../../arm-none-eabi/lib/thumb/v6-m/nofp/libc.a(lib_a-realloc.o) (_realloc_r)
/usr/local/Cellar/arm-none-eabi-gcc/10.3-2021.07/gcc/bin/../lib/gcc/arm-none-eabi/10.3.1/../../../../arm-none-eabi/lib/thumb/v6-m/nofp/libc.a(lib_a-sbrkr.o)
                              /usr/local/Cellar/arm-none-eabi-gcc/10.3-2021.07/gcc/bin/../lib/gcc/arm-none-eabi/10.3.1/../../../../arm-none-eabi/lib/thumb/v6-m/nofp/libc.a(lib_a-mallocr.o) (_sbrk_r)
/usr/local/Cellar/arm-none-eabi-gcc/10.3-2021.07/gcc/bin/../lib/gcc/arm-none-eabi/10.3.1/../../../../arm-none-eabi/lib/thumb/v6-m/nofp/libc.a(lib_a-scanf.o)
                              CMakeFiles/shift.dir/shift.c.obj (scanf)
/usr/local/Cellar/arm-none-eabi-gcc/10.3-2021.07/gcc/bin/../lib/gcc/arm-none-eabi/10.3.1/../../../../arm-none-eabi/lib/thumb/v6-m/nofp/libc.a(lib_a-strlen-stub.o)
                              CMakeFiles/shift.dir/Users/dirtyryguy/pico/pico-sdk/src/rp2_common/pico_stdio/stdio.c.obj (strlen)
/usr/local/Cellar/arm-none-eabi-gcc/10.3-2021.07/gcc/bin/../lib/gcc/arm-none-eabi/10.3.1/../../../../arm-none-eabi/lib/thumb/v6-m/nofp/libc.a(lib_a-vfscanf.o)
                              /usr/local/Cellar/arm-none-eabi-gcc/10.3-2021.07/gcc/bin/../lib/gcc/arm-none-eabi/10.3.1/../../../../arm-none-eabi/lib/thumb/v6-m/nofp/libc.a(lib_a-scanf.o) (_vfscanf_r)
[...]
Memory Configuration

Name             Origin             Length             Attributes
FLASH            0x0000000010000000 0x0000000000200000 xr
RAM              0x0000000020000000 0x0000000000040000 xrw
SCRATCH_X        0x0000000020040000 0x0000000000001000 xrw
SCRATCH_Y        0x0000000020041000 0x0000000000001000 xrw
*default*        0x0000000000000000 0xffffffffffffffff

Linker script and memory map

LOAD /usr/local/Cellar/arm-none-eabi-gcc/10.3-2021.07/gcc/bin/../lib/gcc/arm-none-eabi/10.3.1/thumb/v6-m/nofp/crti.o
LOAD /usr/local/Cellar/arm-none-eabi-gcc/10.3-2021.07/gcc/bin/../lib/gcc/arm-none-eabi/10.3.1/thumb/v6-m/nofp/crtbegin.o
LOAD /usr/local/Cellar/arm-none-eabi-gcc/10.3-2021.07/gcc/bin/../lib/gcc/arm-none-eabi/10.3.1/../../../../arm-none-eabi/lib/thumb/v6-m/nofp/crt0.o

.flash_begin    0x0000000010000000        0x0
                0x0000000010000000                __flash_binary_start = .

.boot2          0x0000000010000000      0x100
                0x0000000010000000                __boot2_start__ = .
 *(.boot2)
 .boot2         0x0000000010000000      0x100 /var/folders/y0/28rp2c3j6f9cfy_bhllm4c5m0000gn/T//cc7XExmU.o
                0x0000000010000100                __boot2_end__ = .
                0x0000000000000001                ASSERT (((__boot2_end__ - __boot2_start__) == 0x100), ERROR: Pico second stage bootloader must be 256 bytes in size)

.text           0x0000000010000100     0xd6b8
                0x0000000010000100                __logical_binary_start = .
 *(.vectors)
 .vectors       0x0000000010000100       0xd4 CMakeFiles/shift.dir/Users/dirtyryguy/pico/pico-sdk/src/rp2_common/pico_standard_link/crt0.S.obj
                0x0000000010000100                __VECTOR_TABLE
                0x0000000010000100                __vectors
                0x00000000100001c0                __default_isrs_start
                0x00000000100001c0                isr_invalid
                0x00000000100001c2                isr_nmi
                0x00000000100001c4                isr_hardfault
                0x00000000100001c6                isr_svcall
                0x00000000100001c8                isr_pendsv
                0x00000000100001ca                isr_systick
                0x00000000100001cc                isr_irq28
                0x00000000100001cc                isr_irq19
                0x00000000100001cc                isr_irq0
                0x00000000100001cc                isr_irq6
                0x00000000100001cc                isr_irq22
                0x00000000100001cc                isr_irq17
                0x00000000100001cc                isr_irq14
                0x00000000100001cc                isr_irq2
                0x00000000100001cc                isr_irq10
                0x00000000100001cc                isr_irq8
                0x00000000100001cc                isr_irq24
                0x00000000100001cc                isr_irq1
                0x00000000100001cc                isr_irq7
                0x00000000100001cc                isr_irq21
                0x00000000100001cc                isr_irq20
                0x00000000100001cc                isr_irq15
                0x00000000100001cc                isr_irq25
                0x00000000100001cc                isr_irq4
                0x00000000100001cc                isr_irq16
                0x00000000100001cc                isr_irq29
                0x00000000100001cc                isr_irq26
                0x00000000100001cc                __default_isrs_end
                0x00000000100001cc                isr_irq3
                0x00000000100001cc                isr_irq9
                0x00000000100001cc                __unhandled_user_irq
                0x00000000100001cc                isr_irq13
                0x00000000100001cc                isr_irq27
                0x00000000100001cc                isr_irq31
                0x00000000100001cc                isr_irq5
                0x00000000100001cc                isr_irq11
                0x00000000100001cc                isr_irq23
                0x00000000100001cc                isr_irq18
                0x00000000100001cc                isr_irq30
                0x00000000100001cc                isr_irq12
                0x00000000100001d2                unhandled_user_irq_num_in_r0
 *(.binary_info_header)
 .binary_info_header
                0x00000000100001d4       0x14 CMakeFiles/shift.dir/Users/dirtyryguy/pico/pico-sdk/src/rp2_common/pico_standard_link/crt0.S.obj
                0x00000000100001e8                __binary_info_header_end = .
 *(.reset)
 .reset         0x00000000100001e8       0xa8 CMakeFiles/shift.dir/Users/dirtyryguy/pico/pico-sdk/src/rp2_common/pico_standard_link/crt0.S.obj
                0x00000000100001e8                _entry_point
                0x0000000010000266                __get_current_exception
 .reset         0x0000000010000290       0x30 CMakeFiles/shift.dir/Users/dirtyryguy/pico/pico-sdk/src/rp2_common/pico_standard_link/binary_info.c.obj
 *(.init)
 .init          0x00000000100002c0        0x4 /usr/local/Cellar/arm-none-eabi-gcc/10.3-2021.07/gcc/bin/../lib/gcc/arm-none-eabi/10.3.1/thumb/v6-m/nofp/crti.o
                0x00000000100002c0                _init
 *(EXCLUDE_FILE(*libm.a: *libc.a:*lib_a-mem*.o *libgcc.a:) .text*)
 .text          0x00000000100002c4       0x48 /usr/local/Cellar/arm-none-eabi-gcc/10.3-2021.07/gcc/bin/../lib/gcc/arm-none-eabi/10.3.1/thumb/v6-m/nofp/crtbegin.o
 .text.core1_entry
                0x000000001000030c       0x8c CMakeFiles/shift.dir/shift.c.obj
                0x000000001000030c                core1_entry
 .text.init_shift_register
                0x0000000010000398       0x48 CMakeFiles/shift.dir/shift.c.obj
                0x0000000010000398                init_shift_register
 .text.startup.main
                0x00000000100003e0      0x4e8 CMakeFiles/shift.dir/shift.c.obj
                0x00000000100003e0                main
 .text.gpio_set_pulls
                0x00000000100008c8       0x30 CMakeFiles/shift.dir/Users/dirtyryguy/pico/pico-sdk/src/rp2_common/hardware_gpio/gpio.c.obj
                0x00000000100008c8                gpio_set_pulls
 .text.gpio_init
                0x00000000100008f8       0x3c CMakeFiles/shift.dir/Users/dirtyryguy/pico/pico-sdk/src/rp2_common/hardware_gpio/gpio.c.obj
                0x00000000100008f8                gpio_init
 .text.hw_claim_or_assert
                0x0000000010000934       0x44 CMakeFiles/shift.dir/Users/dirtyryguy/pico/pico-sdk/src/rp2_common/hardware_claim/claim.c.obj
                0x0000000010000934                hw_claim_or_assert
 .text.hw_claim_unused_from_range
                0x0000000010000978       0x9c CMakeFiles/shift.dir/Users/dirtyryguy/pico/pico-sdk/src/rp2_common/hardware_claim/claim.c.obj
                0x0000000010000978                hw_claim_unused_from_range
 .text.running_on_fpga
                0x0000000010000a14       0x10 CMakeFiles/shift.dir/Users/dirtyryguy/pico/pico-sdk/src/rp2_common/pico_platform/platform.c.obj
                0x0000000010000a14                running_on_fpga
 .text.spin_locks_reset
                0x0000000010000a24       0x1c CMakeFiles/shift.dir/Users/dirtyryguy/pico/pico-sdk/src/rp2_common/hardware_sync/sync.c.obj
                0x0000000010000a24                spin_locks_reset
 .text.next_striped_spin_lock_num
                0x0000000010000a40       0x18 CMakeFiles/shift.dir/Users/dirtyryguy/pico/pico-sdk/src/rp2_common/hardware_sync/sync.c.obj
                0x0000000010000a40                next_striped_spin_lock_num
 .text.spin_lock_claim_unused
                0x0000000010000a58       0x20 CMakeFiles/shift.dir/Users/dirtyryguy/pico/pico-sdk/src/rp2_common/hardware_sync/sync.c.obj
                0x0000000010000a58                spin_lock_claim_unused
 .text.irq_set_enabled
                0x0000000010000a78       0x24 CMakeFiles/shift.dir/Users/dirtyryguy/pico/pico-sdk/src/rp2_common/hardware_irq/irq.c.obj
                0x0000000010000a78                irq_set_enabled
 .text.irq_is_enabled
                0x0000000010000a9c       0x18 CMakeFiles/shift.dir/Users/dirtyryguy/pico/pico-sdk/src/rp2_common/hardware_irq/irq.c.obj
                0x0000000010000a9c                irq_is_enabled
 .text.irq_set_pending
                0x0000000010000ab4       0x10 CMakeFiles/shift.dir/Users/dirtyryguy/pico/pico-sdk/src/rp2_common/hardware_irq/irq.c.obj
                0x0000000010000ab4                irq_set_pending
 .text.irq_has_shared_handler
                0x0000000010000ac4       0x2c CMakeFiles/shift.dir/Users/dirtyryguy/pico/pico-sdk/src/rp2_common/hardware_irq/irq.c.obj
                0x0000000010000ac4                irq_has_shared_handler
 .text.irq_get_vtable_handler
                0x0000000010000af0       0x10 CMakeFiles/shift.dir/Users/dirtyryguy/pico/pico-sdk/src/rp2_common/hardware_irq/irq.c.obj
                0x0000000010000af0                irq_get_vtable_handler
 .text.irq_set_exclusive_handler
                0x0000000010000b00       0x54 CMakeFiles/shift.dir/Users/dirtyryguy/pico/pico-sdk/src/rp2_common/hardware_irq/irq.c.obj
                0x0000000010000b00                irq_set_exclusive_handler
 .text.irq_add_shared_handler
                0x0000000010000b54      0x1e4 CMakeFiles/shift.dir/Users/dirtyryguy/pico/pico-sdk/src/rp2_common/hardware_irq/irq.c.obj
                0x0000000010000b54                irq_add_shared_handler
 .text.irq_remove_handler
                0x0000000010000d38      0x1b4 CMakeFiles/shift.dir/Users/dirtyryguy/pico/pico-sdk/src/rp2_common/hardware_irq/irq.c.obj
                0x0000000010000d38                irq_remove_handler
 .text.irq_add_tail_to_free_list
                0x0000000010000eec       0xb4 CMakeFiles/shift.dir/Users/dirtyryguy/pico/pico-sdk/src/rp2_common/hardware_irq/irq.c.obj
                0x0000000010000eec                irq_add_tail_to_free_list
 .text.irq_init_priorities
                0x0000000010000fa0       0x24 CMakeFiles/shift.dir/Users/dirtyryguy/pico/pico-sdk/src/rp2_common/hardware_irq/irq.c.obj
                0x0000000010000fa0                irq_init_priorities
 .text.user_irq_claim_unused
                0x0000000010000fc4       0x30 CMakeFiles/shift.dir/Users/dirtyryguy/pico/pico-sdk/src/rp2_common/hardware_irq/irq.c.obj
                0x0000000010000fc4                user_irq_claim_unused
 .text.lock_init
                0x0000000010000ff4       0x10 CMakeFiles/shift.dir/Users/dirtyryguy/pico/pico-sdk/src/common/pico_sync/lock_core.c.obj
                0x0000000010000ff4                lock_init
 .text.timer_pool_entry_comparator
                0x0000000010001004       0x34 CMakeFiles/shift.dir/Users/dirtyryguy/pico/pico-sdk/src/common/pico_time/time.c.obj
                0x0000000010001004                timer_pool_entry_comparator
 .text.sleep_until_callback
                0x0000000010001038       0x30 CMakeFiles/shift.dir/Users/dirtyryguy/pico/pico-sdk/src/common/pico_time/time.c.obj
 .text.add_alarm_under_lock.isra.0
                0x0000000010001068      0x100 CMakeFiles/shift.dir/Users/dirtyryguy/pico/pico-sdk/src/common/pico_time/time.c.obj
 .text.alarm_pool_alarm_callback
                0x0000000010001168      0x1c8 CMakeFiles/shift.dir/Users/dirtyryguy/pico/pico-sdk/src/common/pico_time/time.c.obj
 .text.alarm_pool_add_alarm_at.constprop.0
                0x0000000010001330      0x11c CMakeFiles/shift.dir/Users/dirtyryguy/pico/pico-sdk/src/common/pico_time/time.c.obj
 .text.alarm_pool_init_default
                0x000000001000144c       0x64 CMakeFiles/shift.dir/Users/dirtyryguy/pico/pico-sdk/src/common/pico_time/time.c.obj
                0x000000001000144c                alarm_pool_init_default
 .text.alarm_pool_get_default
                0x00000000100014b0        0x8 CMakeFiles/shift.dir/Users/dirtyryguy/pico/pico-sdk/src/common/pico_time/time.c.obj
                0x00000000100014b0                alarm_pool_get_default
 .text.alarm_pool_add_alarm_at
                0x00000000100014b8      0x194 CMakeFiles/shift.dir/Users/dirtyryguy/pico/pico-sdk/src/common/pico_time/time.c.obj
                0x00000000100014b8                alarm_pool_add_alarm_at
 .text.sleep_until
                0x000000001000164c       0xac CMakeFiles/shift.dir/Users/dirtyryguy/pico/pico-sdk/src/common/pico_time/time.c.obj
                0x000000001000164c                sleep_until
 .text.sleep_us
                0x00000000100016f8       0x30 CMakeFiles/shift.dir/Users/dirtyryguy/pico/pico-sdk/src/common/pico_time/time.c.obj
                0x00000000100016f8                sleep_us
 .text.sleep_ms
                0x0000000010001728       0x38 CMakeFiles/shift.dir/Users/dirtyryguy/pico/pico-sdk/src/common/pico_time/time.c.obj
                0x0000000010001728                sleep_ms
 .text.best_effort_wfe_or_timeout
                0x0000000010001760       0xd4 CMakeFiles/shift.dir/Users/dirtyryguy/pico/pico-sdk/src/common/pico_time/time.c.obj
                0x0000000010001760                best_effort_wfe_or_timeout
 .text.hardware_alarm_irq_handler
                0x0000000010001834       0xb8 CMakeFiles/shift.dir/Users/dirtyryguy/pico/pico-sdk/src/rp2_common/hardware_timer/timer.c.obj
 .text.hardware_alarm_claim
                0x00000000100018ec       0x18 CMakeFiles/shift.dir/Users/dirtyryguy/pico/pico-sdk/src/rp2_common/hardware_timer/timer.c.obj
                0x00000000100018ec                hardware_alarm_claim
 .text.time_us_64
                0x0000000010001904       0x14 CMakeFiles/shift.dir/Users/dirtyryguy/pico/pico-sdk/src/rp2_common/hardware_timer/timer.c.obj
                0x0000000010001904                time_us_64
 .text.busy_wait_us
                0x0000000010001918       0x54 CMakeFiles/shift.dir/Users/dirtyryguy/pico/pico-sdk/src/rp2_common/hardware_timer/timer.c.obj
                0x0000000010001918                busy_wait_us
 .text.busy_wait_until
                0x000000001000196c       0x20 CMakeFiles/shift.dir/Users/dirtyryguy/pico/pico-sdk/src/rp2_common/hardware_timer/timer.c.obj
                0x000000001000196c                busy_wait_until
 .text.hardware_alarm_set_callback
                0x000000001000198c       0x8c CMakeFiles/shift.dir/Users/dirtyryguy/pico/pico-sdk/src/rp2_common/hardware_timer/timer.c.obj
                0x000000001000198c                hardware_alarm_set_callback
 .text.hardware_alarm_set_target
                0x0000000010001a18       0xe0 CMakeFiles/shift.dir/Users/dirtyryguy/pico/pico-sdk/src/rp2_common/hardware_timer/timer.c.obj
                0x0000000010001a18                hardware_alarm_set_target
 .text.hardware_alarm_cancel
                0x0000000010001af8       0x3c CMakeFiles/shift.dir/Users/dirtyryguy/pico/pico-sdk/src/rp2_common/hardware_timer/timer.c.obj
                0x0000000010001af8                hardware_alarm_cancel
 .text.ph_merge_nodes
                0x0000000010001b34       0x68 CMakeFiles/shift.dir/Users/dirtyryguy/pico/pico-sdk/src/common/pico_util/pheap.c.obj
 .text.ph_post_alloc_init
                0x0000000010001b9c       0x3c CMakeFiles/shift.dir/Users/dirtyryguy/pico/pico-sdk/src/common/pico_util/pheap.c.obj
                0x0000000010001b9c                ph_post_alloc_init
 .text.ph_merge_two_pass
                0x0000000010001bd8       0x90 CMakeFiles/shift.dir/Users/dirtyryguy/pico/pico-sdk/src/common/pico_util/pheap.c.obj
                0x0000000010001bd8                ph_merge_two_pass
 .text.ph_remove_any_head
                0x0000000010001c68       0xf8 CMakeFiles/shift.dir/Users/dirtyryguy/pico/pico-sdk/src/common/pico_util/pheap.c.obj
 .text.ph_remove_head
                0x0000000010001d60       0xfc CMakeFiles/shift.dir/Users/dirtyryguy/pico/pico-sdk/src/common/pico_util/pheap.c.obj
                0x0000000010001d60                ph_remove_head
 .text.ph_remove_and_free_node
                0x0000000010001e5c       0x7c CMakeFiles/shift.dir/Users/dirtyryguy/pico/pico-sdk/src/common/pico_util/pheap.c.obj
                0x0000000010001e5c                ph_remove_and_free_node
 .text.mutex_init
                0x0000000010001ed8       0x1c CMakeFiles/shift.dir/Users/dirtyryguy/pico/pico-sdk/src/common/pico_sync/mutex.c.obj
                0x0000000010001ed8                mutex_init
 .text.recursive_mutex_init
                0x0000000010001ef4       0x1c CMakeFiles/shift.dir/Users/dirtyryguy/pico/pico-sdk/src/common/pico_sync/mutex.c.obj
                0x0000000010001ef4                recursive_mutex_init
 .text.critical_section_init
                0x0000000010001f10       0x20 CMakeFiles/shift.dir/Users/dirtyryguy/pico/pico-sdk/src/common/pico_sync/critical_section.c.obj
                0x0000000010001f10                critical_section_init
 .text.runtime_init
                0x0000000010001f30       0xf0 CMakeFiles/shift.dir/Users/dirtyryguy/pico/pico-sdk/src/rp2_common/pico_runtime/runtime.c.obj
                0x0000000010001f30                runtime_init
 .text._sbrk    0x0000000010002020       0x34 CMakeFiles/shift.dir/Users/dirtyryguy/pico/pico-sdk/src/rp2_common/pico_runtime/runtime.c.obj
                0x0000000010002020                _sbrk
 .text.exit     0x0000000010002054        0x4 CMakeFiles/shift.dir/Users/dirtyryguy/pico/pico-sdk/src/rp2_common/pico_runtime/runtime.c.obj
                0x0000000010002054                exit
 .text.__assert_func
                0x0000000010002058       0x34 CMakeFiles/shift.dir/Users/dirtyryguy/pico/pico-sdk/src/rp2_common/pico_runtime/runtime.c.obj
                0x0000000010002058                __assert_func
 .text.panic    0x000000001000208c       0x30 CMakeFiles/shift.dir/Users/dirtyryguy/pico/pico-sdk/src/rp2_common/pico_runtime/runtime.c.obj
                0x000000001000208c                panic
 .text.hard_assertion_failure
                0x00000000100020bc        0xc CMakeFiles/shift.dir/Users/dirtyryguy/pico/pico-sdk/src/rp2_common/pico_runtime/runtime.c.obj
                0x00000000100020bc                hard_assertion_failure
 .text.clocks_init
                0x00000000100020c8      0x2bc CMakeFiles/shift.dir/Users/dirtyryguy/pico/pico-sdk/src/rp2_common/hardware_clocks/clocks.c.obj
                0x00000000100020c8                clocks_init
 .text.pll_init
                0x0000000010002384       0xb0 CMakeFiles/shift.dir/Users/dirtyryguy/pico/pico-sdk/src/rp2_common/hardware_pll/pll.c.obj
                0x0000000010002384                pll_init
 .text.watchdog_start_tick
                0x0000000010002434       0x10 CMakeFiles/shift.dir/Users/dirtyryguy/pico/pico-sdk/src/rp2_common/hardware_watchdog/watchdog.c.obj
                0x0000000010002434                watchdog_start_tick
 .text.watchdog_reboot
                0x0000000010002444       0x98 CMakeFiles/shift.dir/Users/dirtyryguy/pico/pico-sdk/src/rp2_common/hardware_watchdog/watchdog.c.obj
                0x0000000010002444                watchdog_reboot
 .text.xosc_init
                0x00000000100024dc       0x28 CMakeFiles/shift.dir/Users/dirtyryguy/pico/pico-sdk/src/rp2_common/hardware_xosc/xosc.c.obj
                0x00000000100024dc                xosc_init
 .text._out_buffer
                0x0000000010002504        0x8 CMakeFiles/shift.dir/Users/dirtyryguy/pico/pico-sdk/src/rp2_common/pico_printf/printf.c.obj
 .text._out_null
                0x000000001000250c        0x4 CMakeFiles/shift.dir/Users/dirtyryguy/pico/pico-sdk/src/rp2_common/pico_printf/printf.c.obj
 .text._out_rev
                0x0000000010002510       0x9c CMakeFiles/shift.dir/Users/dirtyryguy/pico/pico-sdk/src/rp2_common/pico_printf/printf.c.obj
 .text._ntoa_format
                0x00000000100025ac      0x1cc CMakeFiles/shift.dir/Users/dirtyryguy/pico/pico-sdk/src/rp2_common/pico_printf/printf.c.obj
 .text._out_char
                0x0000000010002778       0x10 CMakeFiles/shift.dir/Users/dirtyryguy/pico/pico-sdk/src/rp2_common/pico_printf/printf.c.obj
 .text._out_fct
                0x0000000010002788       0x10 CMakeFiles/shift.dir/Users/dirtyryguy/pico/pico-sdk/src/rp2_common/pico_printf/printf.c.obj
 .text._etoa    0x0000000010002798      0x44c CMakeFiles/shift.dir/Users/dirtyryguy/pico/pico-sdk/src/rp2_common/pico_printf/printf.c.obj
 .text._ftoa    0x0000000010002be4      0x398 CMakeFiles/shift.dir/Users/dirtyryguy/pico/pico-sdk/src/rp2_common/pico_printf/printf.c.obj
 .text._vsnprintf
                0x0000000010002f7c      0xb04 CMakeFiles/shift.dir/Users/dirtyryguy/pico/pico-sdk/src/rp2_common/pico_printf/printf.c.obj
 .text.__wrap_sprintf
                0x0000000010003a80       0x28 CMakeFiles/shift.dir/Users/dirtyryguy/pico/pico-sdk/src/rp2_common/pico_printf/printf.c.obj
                0x0000000010003a80                __wrap_sprintf
 .text.vfctprintf
                0x0000000010003aa8       0x20 CMakeFiles/shift.dir/Users/dirtyryguy/pico/pico-sdk/src/rp2_common/pico_printf/printf.c.obj
                0x0000000010003aa8                vfctprintf
 .text.weak_raw_printf
                0x0000000010003ac8       0x40 CMakeFiles/shift.dir/Users/dirtyryguy/pico/pico-sdk/src/rp2_common/pico_printf/printf.c.obj
                0x0000000010003ac8                weak_raw_printf
 .text.weak_raw_vprintf
                0x0000000010003b08       0x30 CMakeFiles/shift.dir/Users/dirtyryguy/pico/pico-sdk/src/rp2_common/pico_printf/printf.c.obj
                0x0000000010003b08                weak_raw_vprintf
 .text          0x0000000010003b38       0x10 CMakeFiles/shift.dir/Users/dirtyryguy/pico/pico-sdk/src/rp2_common/pico_bit_ops/bit_ops_aeabi.S.obj
 .text.rom_func_lookup
                0x0000000010003b48       0x10 CMakeFiles/shift.dir/Users/dirtyryguy/pico/pico-sdk/src/rp2_common/pico_bootrom/bootrom.c.obj
                0x0000000010003b48                rom_func_lookup
 .text.rom_data_lookup
                0x0000000010003b58       0x10 CMakeFiles/shift.dir/Users/dirtyryguy/pico/pico-sdk/src/rp2_common/pico_bootrom/bootrom.c.obj
                0x0000000010003b58                rom_data_lookup
 .text.rom_funcs_lookup
                0x0000000010003b68       0x44 CMakeFiles/shift.dir/Users/dirtyryguy/pico/pico-sdk/src/rp2_common/pico_bootrom/bootrom.c.obj
                0x0000000010003b68                rom_funcs_lookup
 .text.__wrap___aeabi_idiv
                0x0000000010003bac       0x50 CMakeFiles/shift.dir/Users/dirtyryguy/pico/pico-sdk/src/rp2_common/pico_divider/divider.S.obj
                0x0000000010003bac                __wrap___aeabi_idivmod
                0x0000000010003bac                divmod_s32s32
                0x0000000010003bac                div_s32s32
                0x0000000010003bac                __wrap___aeabi_idiv
                0x0000000010003bb4                divmod_s32s32_unsafe
                0x0000000010003be0                divmod_s32s32_savestate
 .text.__wrap___aeabi_uidiv
                0x0000000010003bfc       0x4c CMakeFiles/shift.dir/Users/dirtyryguy/pico/pico-sdk/src/rp2_common/pico_divider/divider.S.obj
                0x0000000010003bfc                __wrap___aeabi_uidiv
                0x0000000010003bfc                __wrap___aeabi_uidivmod
                0x0000000010003bfc                div_u32u32
                0x0000000010003bfc                divmod_u32u32
                0x0000000010003c04                divmod_u32u32_unsafe
                0x0000000010003c2c                divmod_u32u32_savestate
 .text.__wrap___aeabi_ldiv
                0x0000000010003c48      0x434 CMakeFiles/shift.dir/Users/dirtyryguy/pico/pico-sdk/src/rp2_common/pico_divider/divider.S.obj
                0x0000000010003c48                __wrap___aeabi_ldivmod
                0x0000000010003c48                div_s64s64
                0x0000000010003c48                divmod_s64s64
                0x0000000010003c80                divmod_u64u64
                0x0000000010003c80                div_u64u64
                0x0000000010003c80                __wrap___aeabi_uldivmod
                0x0000000010003c90                divmod_u64u64_savestate
                0x0000000010003cb8                divmod_s64s64_unsafe
                0x0000000010003d40                divmod_u64u64_unsafe
 .text.__wrap___aeabi_darithmetic
                0x000000001000407c       0x80 CMakeFiles/shift.dir/Users/dirtyryguy/pico/pico-sdk/src/rp2_common/pico_double/double_aeabi.S.obj
                0x000000001000407c                __wrap___aeabi_drsub
                0x0000000010004082                __wrap___aeabi_dsub
                0x0000000010004094                __wrap___aeabi_dadd
                0x00000000100040a6                __wrap___aeabi_ddiv
                0x00000000100040e2                __wrap___aeabi_dmul
 .text.__wrap___aeabi_cdcmple
                0x00000000100040fc       0x6c CMakeFiles/shift.dir/Users/dirtyryguy/pico/pico-sdk/src/rp2_common/pico_double/double_aeabi.S.obj
                0x00000000100040fc                __wrap___aeabi_cdrcmple
                0x000000001000410c                __wrap___aeabi_cdcmple
                0x000000001000410c                __wrap___aeabi_cdcmpeq
 .text.__wrap___aeabi_dcmpeq
                0x0000000010004168       0x10 CMakeFiles/shift.dir/Users/dirtyryguy/pico/pico-sdk/src/rp2_common/pico_double/double_aeabi.S.obj
                0x0000000010004168                __wrap___aeabi_dcmpeq
 .text.__wrap___aeabi_dcmplt
                0x0000000010004178        0xc CMakeFiles/shift.dir/Users/dirtyryguy/pico/pico-sdk/src/rp2_common/pico_double/double_aeabi.S.obj
                0x0000000010004178                __wrap___aeabi_dcmplt
 .text.__wrap___aeabi_dcmple
                0x0000000010004184       0x10 CMakeFiles/shift.dir/Users/dirtyryguy/pico/pico-sdk/src/rp2_common/pico_double/double_aeabi.S.obj
                0x0000000010004184                __wrap___aeabi_dcmple
 .text.__wrap___aeabi_dcmpge
                0x0000000010004194       0x10 CMakeFiles/shift.dir/Users/dirtyryguy/pico/pico-sdk/src/rp2_common/pico_double/double_aeabi.S.obj
                0x0000000010004194                __wrap___aeabi_dcmpge
 .text.__wrap___aeabi_dcmpgt
                0x00000000100041a4        0xa CMakeFiles/shift.dir/Users/dirtyryguy/pico/pico-sdk/src/rp2_common/pico_double/double_aeabi.S.obj
                0x00000000100041a4                __wrap___aeabi_dcmpgt
 .text.__wrap___aeabi_dcmpun
                0x00000000100041ae       0x1c CMakeFiles/shift.dir/Users/dirtyryguy/pico/pico-sdk/src/rp2_common/pico_double/double_aeabi.S.obj
                0x00000000100041ae                __wrap___aeabi_dcmpun
 *fill*         0x00000000100041ca        0x2 
 .text.__wrap___aeabi_i2d
                0x00000000100041cc       0x38 CMakeFiles/shift.dir/Users/dirtyryguy/pico/pico-sdk/src/rp2_common/pico_double/double_aeabi.S.obj
                0x00000000100041cc                __wrap___aeabi_ui2d
                0x00000000100041d4                __wrap___aeabi_i2d
 .text.__wrap___aeabi_d2iz
                0x0000000010004204       0x48 CMakeFiles/shift.dir/Users/dirtyryguy/pico/pico-sdk/src/rp2_common/pico_double/double_aeabi.S.obj
                0x0000000010004204                __wrap___aeabi_d2iz
                0x0000000010004204                double2int_z
 .text.__wrap___aeabi_d2uiz
                0x000000001000424c       0x18 CMakeFiles/shift.dir/Users/dirtyryguy/pico/pico-sdk/src/rp2_common/pico_double/double_aeabi.S.obj
                0x000000001000424c                double2uint
                0x000000001000424c                __wrap___aeabi_d2uiz
 .text.__wrap___aeabi_l2d
                0x0000000010004264       0x18 CMakeFiles/shift.dir/Users/dirtyryguy/pico/pico-sdk/src/rp2_common/pico_double/double_aeabi.S.obj
                0x0000000010004264                __wrap___aeabi_l2d
 .text.__wrap___aeabi_d2lz
                0x000000001000427c       0x26 CMakeFiles/shift.dir/Users/dirtyryguy/pico/pico-sdk/src/rp2_common/pico_double/double_aeabi.S.obj
                0x000000001000427c                __wrap___aeabi_d2lz
                0x000000001000427c                double2int64_z
 *fill*         0x00000000100042a2        0x2 
 .text.double2int64
                0x00000000100042a4       0x18 CMakeFiles/shift.dir/Users/dirtyryguy/pico/pico-sdk/src/rp2_common/pico_double/double_aeabi.S.obj
                0x00000000100042a4                double2int64
 .text.double2ufix64
                0x00000000100042bc       0x18 CMakeFiles/shift.dir/Users/dirtyryguy/pico/pico-sdk/src/rp2_common/pico_double/double_aeabi.S.obj
                0x00000000100042bc                double2ufix64
 .text.__wrap___aeabi_d2f
                0x00000000100042d4       0x18 CMakeFiles/shift.dir/Users/dirtyryguy/pico/pico-sdk/src/rp2_common/pico_double/double_aeabi.S.obj
                0x00000000100042d4                __wrap___aeabi_d2f
 .text.__aeabi_double_init
                0x00000000100042ec       0x94 CMakeFiles/shift.dir/Users/dirtyryguy/pico/pico-sdk/src/rp2_common/pico_double/double_init_rom.c.obj
                0x00000000100042ec                __aeabi_double_init
 .text.double_table_shim_on_use_helper
                0x0000000010004380       0x2c CMakeFiles/shift.dir/Users/dirtyryguy/pico/pico-sdk/src/rp2_common/pico_double/double_v1_rom_shim.S.obj
                0x0000000010004380                double_table_shim_on_use_helper
 .text.__wrap___aeabi_dsub
                0x00000000100043ac       0x10 CMakeFiles/shift.dir/Users/dirtyryguy/pico/pico-sdk/src/rp2_common/pico_double/double_v1_rom_shim.S.obj
                0x00000000100043ac                drsub_shim
                0x00000000100043b2                dsub_shim
 .text.dadd_shim
                0x00000000100043bc      0x15c CMakeFiles/shift.dir/Users/dirtyryguy/pico/pico-sdk/src/rp2_common/pico_double/double_v1_rom_shim.S.obj
                0x00000000100043bc                dadd_shim
 .text.dmul_shim
                0x0000000010004518      0x15c CMakeFiles/shift.dir/Users/dirtyryguy/pico/pico-sdk/src/rp2_common/pico_double/double_v1_rom_shim.S.obj
                0x0000000010004518                dmul_shim
 .text.ddiv_shim
                0x0000000010004674      0x1b0 CMakeFiles/shift.dir/Users/dirtyryguy/pico/pico-sdk/src/rp2_common/pico_double/double_v1_rom_shim.S.obj
                0x0000000010004674                ddiv_shim
 .text.double2uint_shim
                0x0000000010004824        0xe CMakeFiles/shift.dir/Users/dirtyryguy/pico/pico-sdk/src/rp2_common/pico_double/double_v1_rom_shim.S.obj
                0x0000000010004824                double2uint_shim
                0x0000000010004826                double2ufix_shim
 .text.double2int64_shim
                0x0000000010004832       0x1a CMakeFiles/shift.dir/Users/dirtyryguy/pico/pico-sdk/src/rp2_common/pico_double/double_v1_rom_shim.S.obj
                0x0000000010004832                double2int64_shim
                0x0000000010004834                double2fix64_shim
 .text.double2uint64_shim
                0x000000001000484c       0x70 CMakeFiles/shift.dir/Users/dirtyryguy/pico/pico-sdk/src/rp2_common/pico_double/double_v1_rom_shim.S.obj
                0x000000001000484c                double2uint64_shim
                0x000000001000484e                double2ufix64_shim
                0x000000001000486e                d2fix_a
 .text.double2float_shim
                0x00000000100048bc       0x5c CMakeFiles/shift.dir/Users/dirtyryguy/pico/pico-sdk/src/rp2_common/pico_double/double_v1_rom_shim.S.obj
                0x00000000100048bc                double2float_shim
 .text.x2double_shims
                0x0000000010004918       0x90 CMakeFiles/shift.dir/Users/dirtyryguy/pico/pico-sdk/src/rp2_common/pico_double/double_v1_rom_shim.S.obj
                0x0000000010004918                uint2double_shim
                0x000000001000491a                ufix2double_shim
                0x0000000010004920                int2double_shim
                0x0000000010004922                fix2double_shim
                0x0000000010004928                uint642double_shim
                0x000000001000492a                ufix642double_shim
                0x0000000010004930                int642double_shim
                0x0000000010004932                fix642double_shim
 .text.dunpacks
                0x00000000100049a8       0x3c CMakeFiles/shift.dir/Users/dirtyryguy/pico/pico-sdk/src/rp2_common/pico_double/double_v1_rom_shim.S.obj
                0x00000000100049a8                dunpacks
 .text.__aeabi_lmul
                0x00000000100049e4       0x32 CMakeFiles/shift.dir/Users/dirtyryguy/pico/pico-sdk/src/rp2_common/pico_int64_ops/pico_int64_ops_aeabi.S.obj
                0x00000000100049e4                __wrap___aeabi_lmul
 *fill*         0x0000000010004a16        0x2 
 .text.__aeabi_float_init
                0x0000000010004a18       0x64 CMakeFiles/shift.dir/Users/dirtyryguy/pico/pico-sdk/src/rp2_common/pico_float/float_init_rom.c.obj
                0x0000000010004a18                __aeabi_float_init
 .text.float_table_shim_on_use_helper
                0x0000000010004a7c       0x2c CMakeFiles/shift.dir/Users/dirtyryguy/pico/pico-sdk/src/rp2_common/pico_float/float_v1_rom_shim.S.obj
                0x0000000010004a7c                float_table_shim_on_use_helper
 .text.__wrap_malloc
                0x0000000010004aa8       0x3c CMakeFiles/shift.dir/Users/dirtyryguy/pico/pico-sdk/src/rp2_common/pico_malloc/pico_malloc.c.obj
                0x0000000010004aa8                __wrap_malloc
 .text.__wrap_realloc
                0x0000000010004ae4       0x40 CMakeFiles/shift.dir/Users/dirtyryguy/pico/pico-sdk/src/rp2_common/pico_malloc/pico_malloc.c.obj
                0x0000000010004ae4                __wrap_realloc
 .text.__wrap_free
                0x0000000010004b24       0x20 CMakeFiles/shift.dir/Users/dirtyryguy/pico/pico-sdk/src/rp2_common/pico_malloc/pico_malloc.c.obj
                0x0000000010004b24                __wrap_free
 .text          0x0000000010004b44       0x10 CMakeFiles/shift.dir/Users/dirtyryguy/pico/pico-sdk/src/rp2_common/pico_mem_ops/mem_ops_aeabi.S.obj
                0x0000000010004b44                __aeabi_mem_init
 .text.memset   0x0000000010004b54        0xc CMakeFiles/shift.dir/Users/dirtyryguy/pico/pico-sdk/src/rp2_common/pico_mem_ops/mem_ops_aeabi.S.obj
                0x0000000010004b54                __wrap_memset
 .text.memcpy   0x0000000010004b60        0xc CMakeFiles/shift.dir/Users/dirtyryguy/pico/pico-sdk/src/rp2_common/pico_mem_ops/mem_ops_aeabi.S.obj
                0x0000000010004b60                __wrap___aeabi_memcpy
                0x0000000010004b60                __wrap_memcpy
 .text.stdio_out_chars_no_crlf
                0x0000000010004b6c       0x10 CMakeFiles/shift.dir/Users/dirtyryguy/pico/pico-sdk/src/rp2_common/pico_stdio/stdio.c.obj
 .text.stdio_out_chars_crlf
                0x0000000010004b7c       0xb4 CMakeFiles/shift.dir/Users/dirtyryguy/pico/pico-sdk/src/rp2_common/pico_stdio/stdio.c.obj
 .text.stdio_buffered_printer
                0x0000000010004c30       0x64 CMakeFiles/shift.dir/Users/dirtyryguy/pico/pico-sdk/src/rp2_common/pico_stdio/stdio.c.obj
 .text.stdio_put_string.isra.0
                0x0000000010004c94       0xfc CMakeFiles/shift.dir/Users/dirtyryguy/pico/pico-sdk/src/rp2_common/pico_stdio/stdio.c.obj
 .text.__wrap_putchar
                0x0000000010004d90       0xa0 CMakeFiles/shift.dir/Users/dirtyryguy/pico/pico-sdk/src/rp2_common/pico_stdio/stdio.c.obj
                0x0000000010004d90                __wrap_putchar
 .text.__wrap_puts
                0x0000000010004e30       0x3c CMakeFiles/shift.dir/Users/dirtyryguy/pico/pico-sdk/src/rp2_common/pico_stdio/stdio.c.obj
                0x0000000010004e30                __wrap_puts
 .text._read    0x0000000010004e6c       0x94 CMakeFiles/shift.dir/Users/dirtyryguy/pico/pico-sdk/src/rp2_common/pico_stdio/stdio.c.obj
                0x0000000010004e6c                _read
 .text._write   0x0000000010004f00       0xb0 CMakeFiles/shift.dir/Users/dirtyryguy/pico/pico-sdk/src/rp2_common/pico_stdio/stdio.c.obj
                0x0000000010004f00                _write
 .text.stdio_set_driver_enabled
                0x0000000010004fb0       0x30 CMakeFiles/shift.dir/Users/dirtyryguy/pico/pico-sdk/src/rp2_common/pico_stdio/stdio.c.obj
                0x0000000010004fb0                stdio_set_driver_enabled
 .text.__wrap_vprintf
                0x0000000010004fe0       0xd8 CMakeFiles/shift.dir/Users/dirtyryguy/pico/pico-sdk/src/rp2_common/pico_stdio/stdio.c.obj
                0x0000000010004fe0                __wrap_vprintf
 .text.__wrap_printf
                0x00000000100050b8       0x18 CMakeFiles/shift.dir/Users/dirtyryguy/pico/pico-sdk/src/rp2_common/pico_stdio/stdio.c.obj
                0x00000000100050b8                __wrap_printf
 .text.stdio_init_all
                0x00000000100050d0        0x8 CMakeFiles/shift.dir/Users/dirtyryguy/pico/pico-sdk/src/rp2_common/pico_stdio/stdio.c.obj
                0x00000000100050d0                stdio_init_all
 .text.resetd_init
                0x00000000100050d8        0x4 CMakeFiles/shift.dir/Users/dirtyryguy/pico/pico-sdk/src/rp2_common/pico_stdio_usb/reset_interface.c.obj
 .text.resetd_reset
                0x00000000100050dc        0xc CMakeFiles/shift.dir/Users/dirtyryguy/pico/pico-sdk/src/rp2_common/pico_stdio_usb/reset_interface.c.obj
 .text.resetd_open
                0x00000000100050e8       0x28 CMakeFiles/shift.dir/Users/dirtyryguy/pico/pico-sdk/src/rp2_common/pico_stdio_usb/reset_interface.c.obj
 .text.resetd_xfer_cb
                0x0000000010005110        0x4 CMakeFiles/shift.dir/Users/dirtyryguy/pico/pico-sdk/src/rp2_common/pico_stdio_usb/reset_interface.c.obj
 .text.resetd_control_xfer_cb
                0x0000000010005114       0x64 CMakeFiles/shift.dir/Users/dirtyryguy/pico/pico-sdk/src/rp2_common/pico_stdio_usb/reset_interface.c.obj
 .text.usbd_app_driver_get_cb
                0x0000000010005178        0xc CMakeFiles/shift.dir/Users/dirtyryguy/pico/pico-sdk/src/rp2_common/pico_stdio_usb/reset_interface.c.obj
                0x0000000010005178                usbd_app_driver_get_cb
 .text.tud_cdc_line_coding_cb
                0x0000000010005184       0x34 CMakeFiles/shift.dir/Users/dirtyryguy/pico/pico-sdk/src/rp2_common/pico_stdio_usb/reset_interface.c.obj
                0x0000000010005184                tud_cdc_line_coding_cb
 .text.stdio_usb_in_chars
                0x00000000100051b8       0x68 CMakeFiles/shift.dir/Users/dirtyryguy/pico/pico-sdk/src/rp2_common/pico_stdio_usb/stdio_usb.c.obj
                0x00000000100051b8                stdio_usb_in_chars
 .text.stdio_usb_out_chars
                0x0000000010005220       0xe4 CMakeFiles/shift.dir/Users/dirtyryguy/pico/pico-sdk/src/rp2_common/pico_stdio_usb/stdio_usb.c.obj
 .text.timer_task
                0x0000000010005304       0x18 CMakeFiles/shift.dir/Users/dirtyryguy/pico/pico-sdk/src/rp2_common/pico_stdio_usb/stdio_usb.c.obj
 .text.usb_irq  0x000000001000531c       0x10 CMakeFiles/shift.dir/Users/dirtyryguy/pico/pico-sdk/src/rp2_common/pico_stdio_usb/stdio_usb.c.obj
 .text.low_priority_worker_irq
                0x000000001000532c       0x24 CMakeFiles/shift.dir/Users/dirtyryguy/pico/pico-sdk/src/rp2_common/pico_stdio_usb/stdio_usb.c.obj
 .text.stdio_usb_init
                0x0000000010005350       0xb0 CMakeFiles/shift.dir/Users/dirtyryguy/pico/pico-sdk/src/rp2_common/pico_stdio_usb/stdio_usb.c.obj
                0x0000000010005350                stdio_usb_init
 .text.stdio_usb_connected
                0x0000000010005400        0xc CMakeFiles/shift.dir/Users/dirtyryguy/pico/pico-sdk/src/rp2_common/pico_stdio_usb/stdio_usb.c.obj
                0x0000000010005400                stdio_usb_connected
 .text.tud_descriptor_device_cb
                0x000000001000540c        0x8 CMakeFiles/shift.dir/Users/dirtyryguy/pico/pico-sdk/src/rp2_common/pico_stdio_usb/stdio_usb_descriptors.c.obj
                0x000000001000540c                tud_descriptor_device_cb
 .text.tud_descriptor_configuration_cb
                0x0000000010005414        0x8 CMakeFiles/shift.dir/Users/dirtyryguy/pico/pico-sdk/src/rp2_common/pico_stdio_usb/stdio_usb_descriptors.c.obj
                0x0000000010005414                tud_descriptor_configuration_cb
 .text.tud_descriptor_string_cb
                0x000000001000541c       0x74 CMakeFiles/shift.dir/Users/dirtyryguy/pico/pico-sdk/src/rp2_common/pico_stdio_usb/stdio_usb_descriptors.c.obj
                0x000000001000541c                tud_descriptor_string_cb
 .text.dcd_rp2040_irq
                0x0000000010005490      0x21c CMakeFiles/shift.dir/Users/dirtyryguy/pico/pico-sdk/lib/tinyusb/src/portable/raspberrypi/rp2040/dcd_rp2040.c.obj
 .text.dcd_int_enable
                0x00000000100056ac        0xc CMakeFiles/shift.dir/Users/dirtyryguy/pico/pico-sdk/lib/tinyusb/src/portable/raspberrypi/rp2040/dcd_rp2040.c.obj
                0x00000000100056ac                dcd_int_enable
 .text.dcd_set_address
                0x00000000100056b8       0x14 CMakeFiles/shift.dir/Users/dirtyryguy/pico/pico-sdk/lib/tinyusb/src/portable/raspberrypi/rp2040/dcd_rp2040.c.obj
                0x00000000100056b8                dcd_set_address
 .text.dcd_connect
                0x00000000100056cc       0x10 CMakeFiles/shift.dir/Users/dirtyryguy/pico/pico-sdk/lib/tinyusb/src/portable/raspberrypi/rp2040/dcd_rp2040.c.obj
                0x00000000100056cc                dcd_connect
 .text.dcd_init
                0x00000000100056dc      0x144 CMakeFiles/shift.dir/Users/dirtyryguy/pico/pico-sdk/lib/tinyusb/src/portable/raspberrypi/rp2040/dcd_rp2040.c.obj
                0x00000000100056dc                dcd_init
 .text.dcd_edpt0_status_complete
                0x0000000010005820       0x1c CMakeFiles/shift.dir/Users/dirtyryguy/pico/pico-sdk/lib/tinyusb/src/portable/raspberrypi/rp2040/dcd_rp2040.c.obj
                0x0000000010005820                dcd_edpt0_status_complete
 .text.dcd_edpt_open
                0x000000001000583c       0xf0 CMakeFiles/shift.dir/Users/dirtyryguy/pico/pico-sdk/lib/tinyusb/src/portable/raspberrypi/rp2040/dcd_rp2040.c.obj
                0x000000001000583c                dcd_edpt_open
 .text.dcd_edpt_close_all
                0x000000001000592c       0xbc CMakeFiles/shift.dir/Users/dirtyryguy/pico/pico-sdk/lib/tinyusb/src/portable/raspberrypi/rp2040/dcd_rp2040.c.obj
                0x000000001000592c                dcd_edpt_close_all
 .text.dcd_edpt_xfer
                0x00000000100059e8       0x24 CMakeFiles/shift.dir/Users/dirtyryguy/pico/pico-sdk/lib/tinyusb/src/portable/raspberrypi/rp2040/dcd_rp2040.c.obj
                0x00000000100059e8                dcd_edpt_xfer
 .text.dcd_edpt_stall
                0x0000000010005a0c       0x38 CMakeFiles/shift.dir/Users/dirtyryguy/pico/pico-sdk/lib/tinyusb/src/portable/raspberrypi/rp2040/dcd_rp2040.c.obj
                0x0000000010005a0c                dcd_edpt_stall
 .text.dcd_edpt_clear_stall
                0x0000000010005a44       0x30 CMakeFiles/shift.dir/Users/dirtyryguy/pico/pico-sdk/lib/tinyusb/src/portable/raspberrypi/rp2040/dcd_rp2040.c.obj
                0x0000000010005a44                dcd_edpt_clear_stall
 .text._hw_endpoint_buffer_control_update32.part.0.isra.0
                0x0000000010005a74       0x1c CMakeFiles/shift.dir/Users/dirtyryguy/pico/pico-sdk/lib/tinyusb/src/portable/raspberrypi/rp2040/rp2040_usb.c.obj
 .text.rp2040_usb_init
                0x0000000010005a90       0x4c CMakeFiles/shift.dir/Users/dirtyryguy/pico/pico-sdk/lib/tinyusb/src/portable/raspberrypi/rp2040/rp2040_usb.c.obj
                0x0000000010005a90                rp2040_usb_init
 .text.hw_endpoint_reset_transfer
                0x0000000010005adc        0xc CMakeFiles/shift.dir/Users/dirtyryguy/pico/pico-sdk/lib/tinyusb/src/portable/raspberrypi/rp2040/rp2040_usb.c.obj
                0x0000000010005adc                hw_endpoint_reset_transfer
 .text._hw_endpoint_buffer_control_update32
                0x0000000010005ae8       0x44 CMakeFiles/shift.dir/Users/dirtyryguy/pico/pico-sdk/lib/tinyusb/src/portable/raspberrypi/rp2040/rp2040_usb.c.obj
                0x0000000010005ae8                _hw_endpoint_buffer_control_update32
 .text.hw_endpoint_xfer_start
                0x0000000010005b2c      0x138 CMakeFiles/shift.dir/Users/dirtyryguy/pico/pico-sdk/lib/tinyusb/src/portable/raspberrypi/rp2040/rp2040_usb.c.obj
                0x0000000010005b2c                hw_endpoint_xfer_start
 .text.hw_endpoint_xfer_continue
                0x0000000010005c64      0x1e4 CMakeFiles/shift.dir/Users/dirtyryguy/pico/pico-sdk/lib/tinyusb/src/portable/raspberrypi/rp2040/rp2040_usb.c.obj
                0x0000000010005c64                hw_endpoint_xfer_continue
 .text.tud_mounted
                0x0000000010005e48       0x10 CMakeFiles/shift.dir/Users/dirtyryguy/pico/pico-sdk/lib/tinyusb/src/device/usbd.c.obj
                0x0000000010005e48                tud_mounted
 .text.tud_suspended
                0x0000000010005e58       0x10 CMakeFiles/shift.dir/Users/dirtyryguy/pico/pico-sdk/lib/tinyusb/src/device/usbd.c.obj
                0x0000000010005e58                tud_suspended
 .text.tud_inited
                0x0000000010005e68        0xc CMakeFiles/shift.dir/Users/dirtyryguy/pico/pico-sdk/lib/tinyusb/src/device/usbd.c.obj
                0x0000000010005e68                tud_inited
 .text.tud_init
                0x0000000010005e74       0xd8 CMakeFiles/shift.dir/Users/dirtyryguy/pico/pico-sdk/lib/tinyusb/src/device/usbd.c.obj
                0x0000000010005e74                tud_init
 .text.tud_task
                0x0000000010005f4c      0x8ec CMakeFiles/shift.dir/Users/dirtyryguy/pico/pico-sdk/lib/tinyusb/src/device/usbd.c.obj
                0x0000000010005f4c                tud_task
 .text.dcd_event_bus_signal
                0x0000000010006838      0x120 CMakeFiles/shift.dir/Users/dirtyryguy/pico/pico-sdk/lib/tinyusb/src/device/usbd.c.obj
                0x0000000010006838                dcd_event_bus_signal
 .text.dcd_event_bus_reset
                0x0000000010006958       0x54 CMakeFiles/shift.dir/Users/dirtyryguy/pico/pico-sdk/lib/tinyusb/src/device/usbd.c.obj
                0x0000000010006958                dcd_event_bus_reset
 .text.dcd_event_setup_received
                0x00000000100069ac       0x50 CMakeFiles/shift.dir/Users/dirtyryguy/pico/pico-sdk/lib/tinyusb/src/device/usbd.c.obj
                0x00000000100069ac                dcd_event_setup_received
 .text.dcd_event_xfer_complete
                0x00000000100069fc       0x68 CMakeFiles/shift.dir/Users/dirtyryguy/pico/pico-sdk/lib/tinyusb/src/device/usbd.c.obj
                0x00000000100069fc                dcd_event_xfer_complete
 .text.usbd_open_edpt_pair
                0x0000000010006a64       0x80 CMakeFiles/shift.dir/Users/dirtyryguy/pico/pico-sdk/lib/tinyusb/src/device/usbd.c.obj
                0x0000000010006a64                usbd_open_edpt_pair
 .text.usbd_edpt_open
                0x0000000010006ae4       0x30 CMakeFiles/shift.dir/Users/dirtyryguy/pico/pico-sdk/lib/tinyusb/src/device/usbd.c.obj
                0x0000000010006ae4                usbd_edpt_open
 .text.usbd_edpt_claim
                0x0000000010006b14       0x64 CMakeFiles/shift.dir/Users/dirtyryguy/pico/pico-sdk/lib/tinyusb/src/device/usbd.c.obj
                0x0000000010006b14                usbd_edpt_claim
 .text.usbd_edpt_release
                0x0000000010006b78       0x4c CMakeFiles/shift.dir/Users/dirtyryguy/pico/pico-sdk/lib/tinyusb/src/device/usbd.c.obj
                0x0000000010006b78                usbd_edpt_release
 .text.usbd_edpt_xfer
                0x0000000010006bc4       0x48 CMakeFiles/shift.dir/Users/dirtyryguy/pico/pico-sdk/lib/tinyusb/src/device/usbd.c.obj
                0x0000000010006bc4                usbd_edpt_xfer
 .text.tud_control_status
                0x0000000010006c0c       0x30 CMakeFiles/shift.dir/Users/dirtyryguy/pico/pico-sdk/lib/tinyusb/src/device/usbd_control.c.obj
                0x0000000010006c0c                tud_control_status
 .text.tud_control_xfer
                0x0000000010006c3c       0xbc CMakeFiles/shift.dir/Users/dirtyryguy/pico/pico-sdk/lib/tinyusb/src/device/usbd_control.c.obj
                0x0000000010006c3c                tud_control_xfer
 .text.usbd_control_reset
                0x0000000010006cf8       0x14 CMakeFiles/shift.dir/Users/dirtyryguy/pico/pico-sdk/lib/tinyusb/src/device/usbd_control.c.obj
                0x0000000010006cf8                usbd_control_reset
 .text.usbd_control_set_complete_callback
                0x0000000010006d0c        0xc CMakeFiles/shift.dir/Users/dirtyryguy/pico/pico-sdk/lib/tinyusb/src/device/usbd_control.c.obj
                0x0000000010006d0c                usbd_control_set_complete_callback
 .text.usbd_control_set_request
                0x0000000010006d18       0x1c CMakeFiles/shift.dir/Users/dirtyryguy/pico/pico-sdk/lib/tinyusb/src/device/usbd_control.c.obj
                0x0000000010006d18                usbd_control_set_request
 .text.usbd_control_xfer_cb
                0x0000000010006d34       0xfc CMakeFiles/shift.dir/Users/dirtyryguy/pico/pico-sdk/lib/tinyusb/src/device/usbd_control.c.obj
                0x0000000010006d34                usbd_control_xfer_cb
 .text.tud_cdc_n_connected
                0x0000000010006e30       0x30 CMakeFiles/shift.dir/Users/dirtyryguy/pico/pico-sdk/lib/tinyusb/src/class/cdc/cdc_device.c.obj
                0x0000000010006e30                tud_cdc_n_connected
 .text.tud_cdc_n_available
                0x0000000010006e60       0x18 CMakeFiles/shift.dir/Users/dirtyryguy/pico/pico-sdk/lib/tinyusb/src/class/cdc/cdc_device.c.obj
                0x0000000010006e60                tud_cdc_n_available
 .text.tud_cdc_n_read
                0x0000000010006e78       0x70 CMakeFiles/shift.dir/Users/dirtyryguy/pico/pico-sdk/lib/tinyusb/src/class/cdc/cdc_device.c.obj
                0x0000000010006e78                tud_cdc_n_read
 .text.tud_cdc_n_write_flush
                0x0000000010006ee8       0x78 CMakeFiles/shift.dir/Users/dirtyryguy/pico/pico-sdk/lib/tinyusb/src/class/cdc/cdc_device.c.obj
                0x0000000010006ee8                tud_cdc_n_write_flush
 .text.tud_cdc_n_write
                0x0000000010006f60       0x34 CMakeFiles/shift.dir/Users/dirtyryguy/pico/pico-sdk/lib/tinyusb/src/class/cdc/cdc_device.c.obj
                0x0000000010006f60                tud_cdc_n_write
 .text.tud_cdc_n_write_available
                0x0000000010006f94       0x18 CMakeFiles/shift.dir/Users/dirtyryguy/pico/pico-sdk/lib/tinyusb/src/class/cdc/cdc_device.c.obj
                0x0000000010006f94                tud_cdc_n_write_available
 .text.cdcd_init
                0x0000000010006fac       0x7c CMakeFiles/shift.dir/Users/dirtyryguy/pico/pico-sdk/lib/tinyusb/src/class/cdc/cdc_device.c.obj
                0x0000000010006fac                cdcd_init
 .text.cdcd_reset
                0x0000000010007028       0x2c CMakeFiles/shift.dir/Users/dirtyryguy/pico/pico-sdk/lib/tinyusb/src/class/cdc/cdc_device.c.obj
                0x0000000010007028                cdcd_reset
 .text.cdcd_open
                0x0000000010007054       0xe4 CMakeFiles/shift.dir/Users/dirtyryguy/pico/pico-sdk/lib/tinyusb/src/class/cdc/cdc_device.c.obj
                0x0000000010007054                cdcd_open
 .text.cdcd_control_xfer_cb
                0x0000000010007138       0xe4 CMakeFiles/shift.dir/Users/dirtyryguy/pico/pico-sdk/lib/tinyusb/src/class/cdc/cdc_device.c.obj
                0x0000000010007138                cdcd_control_xfer_cb
 .text.cdcd_xfer_cb
                0x000000001000721c      0x148 CMakeFiles/shift.dir/Users/dirtyryguy/pico/pico-sdk/lib/tinyusb/src/class/cdc/cdc_device.c.obj
                0x000000001000721c                cdcd_xfer_cb
 .text.tusb_init
                0x0000000010007364        0xc CMakeFiles/shift.dir/Users/dirtyryguy/pico/pico-sdk/lib/tinyusb/src/tusb.c.obj
                0x0000000010007364                tusb_init
 .text.tusb_inited
                0x0000000010007370        0x8 CMakeFiles/shift.dir/Users/dirtyryguy/pico/pico-sdk/lib/tinyusb/src/tusb.c.obj
                0x0000000010007370                tusb_inited
 .text.tu_edpt_validate
                0x0000000010007378       0x78 CMakeFiles/shift.dir/Users/dirtyryguy/pico/pico-sdk/lib/tinyusb/src/tusb.c.obj
                0x0000000010007378                tu_edpt_validate
 .text.tu_edpt_bind_driver
                0x00000000100073f0       0x2c CMakeFiles/shift.dir/Users/dirtyryguy/pico/pico-sdk/lib/tinyusb/src/tusb.c.obj
                0x00000000100073f0                tu_edpt_bind_driver
 .text.tu_fifo_config
                0x000000001000741c       0x78 CMakeFiles/shift.dir/Users/dirtyryguy/pico/pico-sdk/lib/tinyusb/src/common/tusb_fifo.c.obj
                0x000000001000741c                tu_fifo_config
 .text.tu_fifo_count
                0x0000000010007494       0x20 CMakeFiles/shift.dir/Users/dirtyryguy/pico/pico-sdk/lib/tinyusb/src/common/tusb_fifo.c.obj
                0x0000000010007494                tu_fifo_count
 .text.tu_fifo_empty
                0x00000000100074b4       0x10 CMakeFiles/shift.dir/Users/dirtyryguy/pico/pico-sdk/lib/tinyusb/src/common/tusb_fifo.c.obj
                0x00000000100074b4                tu_fifo_empty
 .text.tu_fifo_remaining
                0x00000000100074c4       0x1c CMakeFiles/shift.dir/Users/dirtyryguy/pico/pico-sdk/lib/tinyusb/src/common/tusb_fifo.c.obj
                0x00000000100074c4                tu_fifo_remaining
 .text.tu_fifo_read
                0x00000000100074e0       0x9c CMakeFiles/shift.dir/Users/dirtyryguy/pico/pico-sdk/lib/tinyusb/src/common/tusb_fifo.c.obj
                0x00000000100074e0                tu_fifo_read
 .text.tu_fifo_read_n
                0x000000001000757c      0x100 CMakeFiles/shift.dir/Users/dirtyryguy/pico/pico-sdk/lib/tinyusb/src/common/tusb_fifo.c.obj
                0x000000001000757c                tu_fifo_read_n
 .text.tu_fifo_write
                0x000000001000767c       0x7c CMakeFiles/shift.dir/Users/dirtyryguy/pico/pico-sdk/lib/tinyusb/src/common/tusb_fifo.c.obj
                0x000000001000767c                tu_fifo_write
 .text.tu_fifo_write_n
                0x00000000100076f8      0x100 CMakeFiles/shift.dir/Users/dirtyryguy/pico/pico-sdk/lib/tinyusb/src/common/tusb_fifo.c.obj
                0x00000000100076f8                tu_fifo_write_n
 .text.tu_fifo_clear
                0x00000000100077f8       0x4c CMakeFiles/shift.dir/Users/dirtyryguy/pico/pico-sdk/lib/tinyusb/src/common/tusb_fifo.c.obj
                0x00000000100077f8                tu_fifo_clear
 .text.tu_fifo_set_overwritable
                0x0000000010007844       0x3c CMakeFiles/shift.dir/Users/dirtyryguy/pico/pico-sdk/lib/tinyusb/src/common/tusb_fifo.c.obj
                0x0000000010007844                tu_fifo_set_overwritable
 .text.startup._retrieve_unique_id_on_boot
                0x0000000010007880       0x10 CMakeFiles/shift.dir/Users/dirtyryguy/pico/pico-sdk/src/rp2_common/pico_unique_id/unique_id.c.obj
 .text.pico_get_unique_board_id_string
                0x0000000010007890      0x1a8 CMakeFiles/shift.dir/Users/dirtyryguy/pico/pico-sdk/src/rp2_common/pico_unique_id/unique_id.c.obj
                0x0000000010007890                pico_get_unique_board_id_string
 .text.flash_get_unique_id
                0x0000000010007a38       0x40 CMakeFiles/shift.dir/Users/dirtyryguy/pico/pico-sdk/src/rp2_common/hardware_flash/flash.c.obj
                0x0000000010007a38                flash_get_unique_id
 .text.core1_trampoline
                0x0000000010007a78        0x4 CMakeFiles/shift.dir/Users/dirtyryguy/pico/pico-sdk/src/rp2_common/pico_multicore/multicore.c.obj
 .text.core1_wrapper
                0x0000000010007a7c        0xc CMakeFiles/shift.dir/Users/dirtyryguy/pico/pico-sdk/src/rp2_common/pico_multicore/multicore.c.obj
                0x0000000010007a7c                core1_wrapper
 .text.multicore_launch_core1_raw
                0x0000000010007a88       0x84 CMakeFiles/shift.dir/Users/dirtyryguy/pico/pico-sdk/src/rp2_common/pico_multicore/multicore.c.obj
                0x0000000010007a88                multicore_launch_core1_raw
 .text.multicore_launch_core1
                0x0000000010007b0c       0x4c CMakeFiles/shift.dir/Users/dirtyryguy/pico/pico-sdk/src/rp2_common/pico_multicore/multicore.c.obj
                0x0000000010007b0c                multicore_launch_core1
 .text._calloc_r
                0x0000000010007b58       0x9c /usr/local/Cellar/arm-none-eabi-gcc/10.3-2021.07/gcc/bin/../lib/gcc/arm-none-eabi/10.3.1/../../../../arm-none-eabi/lib/thumb/v6-m/nofp/libc.a(lib_a-callocr.o)
                0x0000000010007b58                _calloc_r
 .text.__errno  0x0000000010007bf4        0xc /usr/local/Cellar/arm-none-eabi-gcc/10.3-2021.07/gcc/bin/../lib/gcc/arm-none-eabi/10.3.1/../../../../arm-none-eabi/lib/thumb/v6-m/nofp/libc.a(lib_a-errno.o)
                0x0000000010007bf4                __errno
 .text.malloc   0x0000000010007c00       0x14 /usr/local/Cellar/arm-none-eabi-gcc/10.3-2021.07/gcc/bin/../lib/gcc/arm-none-eabi/10.3.1/../../../../arm-none-eabi/lib/thumb/v6-m/nofp/libc.a(lib_a-malloc.o)
                0x0000000010007c00                malloc
 .text.free     0x0000000010007c14       0x14 /usr/local/Cellar/arm-none-eabi-gcc/10.3-2021.07/gcc/bin/../lib/gcc/arm-none-eabi/10.3.1/../../../../arm-none-eabi/lib/thumb/v6-m/nofp/libc.a(lib_a-malloc.o)
                0x0000000010007c14                free
 .text._malloc_r
                0x0000000010007c28      0x584 /usr/local/Cellar/arm-none-eabi-gcc/10.3-2021.07/gcc/bin/../lib/gcc/arm-none-eabi/10.3.1/../../../../arm-none-eabi/lib/thumb/v6-m/nofp/libc.a(lib_a-mallocr.o)
                0x0000000010007c28                _malloc_r
 .text.__malloc_lock
                0x00000000100081ac       0x10 /usr/local/Cellar/arm-none-eabi-gcc/10.3-2021.07/gcc/bin/../lib/gcc/arm-none-eabi/10.3.1/../../../../arm-none-eabi/lib/thumb/v6-m/nofp/libc.a(lib_a-mlock.o)
                0x00000000100081ac                __malloc_lock
 .text.__malloc_unlock
                0x00000000100081bc       0x10 /usr/local/Cellar/arm-none-eabi-gcc/10.3-2021.07/gcc/bin/../lib/gcc/arm-none-eabi/10.3.1/../../../../arm-none-eabi/lib/thumb/v6-m/nofp/libc.a(lib_a-mlock.o)
                0x00000000100081bc                __malloc_unlock
 .text.realloc  0x00000000100081cc       0x18 /usr/local/Cellar/arm-none-eabi-gcc/10.3-2021.07/gcc/bin/../lib/gcc/arm-none-eabi/10.3.1/../../../../arm-none-eabi/lib/thumb/v6-m/nofp/libc.a(lib_a-realloc.o)
                0x00000000100081cc                realloc
 .text._realloc_r
                0x00000000100081e4      0x354 /usr/local/Cellar/arm-none-eabi-gcc/10.3-2021.07/gcc/bin/../lib/gcc/arm-none-eabi/10.3.1/../../../../arm-none-eabi/lib/thumb/v6-m/nofp/libc.a(lib_a-reallocr.o)
                0x00000000100081e4                _realloc_r
 .text._sbrk_r  0x0000000010008538       0x24 /usr/local/Cellar/arm-none-eabi-gcc/10.3-2021.07/gcc/bin/../lib/gcc/arm-none-eabi/10.3.1/../../../../arm-none-eabi/lib/thumb/v6-m/nofp/libc.a(lib_a-sbrkr.o)
                0x0000000010008538                _sbrk_r
 .text.scanf    0x000000001000855c       0x24 /usr/local/Cellar/arm-none-eabi-gcc/10.3-2021.07/gcc/bin/../lib/gcc/arm-none-eabi/10.3.1/../../../../arm-none-eabi/lib/thumb/v6-m/nofp/libc.a(lib_a-scanf.o)
                0x000000001000855c                scanf
 .text.strlen   0x0000000010008580       0x5c /usr/local/Cellar/arm-none-eabi-gcc/10.3-2021.07/gcc/bin/../lib/gcc/arm-none-eabi/10.3.1/../../../../arm-none-eabi/lib/thumb/v6-m/nofp/libc.a(lib_a-strlen-stub.o)
                0x0000000010008580                strlen
 .text.__svfscanf_r
                0x00000000100085dc     0x17d8 /usr/local/Cellar/arm-none-eabi-gcc/10.3-2021.07/gcc/bin/../lib/gcc/arm-none-eabi/10.3.1/../../../../arm-none-eabi/lib/thumb/v6-m/nofp/libc.a(lib_a-vfscanf.o)
                0x00000000100085dc                __svfscanf_r
 .text._vfscanf_r
                0x0000000010009db4       0x28 /usr/local/Cellar/arm-none-eabi-gcc/10.3-2021.07/gcc/bin/../lib/gcc/arm-none-eabi/10.3.1/../../../../arm-none-eabi/lib/thumb/v6-m/nofp/libc.a(lib_a-vfscanf.o)
                0x0000000010009db4                _vfscanf_r
 .text._cleanup_r
                0x0000000010009ddc       0x10 /usr/local/Cellar/arm-none-eabi-gcc/10.3-2021.07/gcc/bin/../lib/gcc/arm-none-eabi/10.3.1/../../../../arm-none-eabi/lib/thumb/v6-m/nofp/libc.a(lib_a-findfp.o)
                0x0000000010009ddc                _cleanup_r
 .text.__sinit  0x0000000010009dec      0x120 /usr/local/Cellar/arm-none-eabi-gcc/10.3-2021.07/gcc/bin/../lib/gcc/arm-none-eabi/10.3.1/../../../../arm-none-eabi/lib/thumb/v6-m/nofp/libc.a(lib_a-findfp.o)
                0x0000000010009dec                __sinit
 .text.__sfp_lock_acquire
                0x0000000010009f0c       0x10 /usr/local/Cellar/arm-none-eabi-gcc/10.3-2021.07/gcc/bin/../lib/gcc/arm-none-eabi/10.3.1/../../../../arm-none-eabi/lib/thumb/v6-m/nofp/libc.a(lib_a-findfp.o)
                0x0000000010009f0c                __sfp_lock_acquire
 .text.__sfp_lock_release
                0x0000000010009f1c       0x10 /usr/local/Cellar/arm-none-eabi-gcc/10.3-2021.07/gcc/bin/../lib/gcc/arm-none-eabi/10.3.1/../../../../arm-none-eabi/lib/thumb/v6-m/nofp/libc.a(lib_a-findfp.o)
                0x0000000010009f1c                __sfp_lock_release
 .text._fread_r
                0x0000000010009f2c      0x1bc /usr/local/Cellar/arm-none-eabi-gcc/10.3-2021.07/gcc/bin/../lib/gcc/arm-none-eabi/10.3.1/../../../../arm-none-eabi/lib/thumb/v6-m/nofp/libc.a(lib_a-fread.o)
                0x0000000010009f2c                _fread_r
 .text._malloc_trim_r
                0x000000001000a0e8       0x9c /usr/local/Cellar/arm-none-eabi-gcc/10.3-2021.07/gcc/bin/../lib/gcc/arm-none-eabi/10.3.1/../../../../arm-none-eabi/lib/thumb/v6-m/nofp/libc.a(lib_a-freer.o)
                0x000000001000a0e8                _malloc_trim_r
 .text._free_r  0x000000001000a184      0x1c4 /usr/local/Cellar/arm-none-eabi-gcc/10.3-2021.07/gcc/bin/../lib/gcc/arm-none-eabi/10.3.1/../../../../arm-none-eabi/lib/thumb/v6-m/nofp/libc.a(lib_a-freer.o)
                0x000000001000a184                _free_r
 .text._fwalk   0x000000001000a348       0x40 /usr/local/Cellar/arm-none-eabi-gcc/10.3-2021.07/gcc/bin/../lib/gcc/arm-none-eabi/10.3.1/../../../../arm-none-eabi/lib/thumb/v6-m/nofp/libc.a(lib_a-fwalk.o)
                0x000000001000a348                _fwalk
 .text._fwalk_reent
                0x000000001000a388       0x48 /usr/local/Cellar/arm-none-eabi-gcc/10.3-2021.07/gcc/bin/../lib/gcc/arm-none-eabi/10.3.1/../../../../arm-none-eabi/lib/thumb/v6-m/nofp/libc.a(lib_a-fwalk.o)
                0x000000001000a388                _fwalk_reent
 .text.iswspace
                0x000000001000a3d0        0xc /usr/local/Cellar/arm-none-eabi-gcc/10.3-2021.07/gcc/bin/../lib/gcc/arm-none-eabi/10.3.1/../../../../arm-none-eabi/lib/thumb/v6-m/nofp/libc.a(lib_a-iswspace.o)
                0x000000001000a3d0                iswspace
 .text.iswspace_l
                0x000000001000a3dc       0x18 /usr/local/Cellar/arm-none-eabi-gcc/10.3-2021.07/gcc/bin/../lib/gcc/arm-none-eabi/10.3.1/../../../../arm-none-eabi/lib/thumb/v6-m/nofp/libc.a(lib_a-iswspace_l.o)
                0x000000001000a3dc                iswspace_l
 .text.__locale_mb_cur_max
                0x000000001000a3f4       0x10 /usr/local/Cellar/arm-none-eabi-gcc/10.3-2021.07/gcc/bin/../lib/gcc/arm-none-eabi/10.3.1/../../../../arm-none-eabi/lib/thumb/v6-m/nofp/libc.a(lib_a-locale.o)
                0x000000001000a3f4                __locale_mb_cur_max
 .text._localeconv_r
                0x000000001000a404        0x8 /usr/local/Cellar/arm-none-eabi-gcc/10.3-2021.07/gcc/bin/../lib/gcc/arm-none-eabi/10.3.1/../../../../arm-none-eabi/lib/thumb/v6-m/nofp/libc.a(lib_a-localeconv.o)
                0x000000001000a404                _localeconv_r
 .text.__retarget_lock_init_recursive
                0x000000001000a40c        0x4 /usr/local/Cellar/arm-none-eabi-gcc/10.3-2021.07/gcc/bin/../lib/gcc/arm-none-eabi/10.3.1/../../../../arm-none-eabi/lib/thumb/v6-m/nofp/libc.a(lib_a-lock.o)
                0x000000001000a40c                __retarget_lock_init_recursive
 .text.__retarget_lock_close_recursive
                0x000000001000a410        0x4 /usr/local/Cellar/arm-none-eabi-gcc/10.3-2021.07/gcc/bin/../lib/gcc/arm-none-eabi/10.3.1/../../../../arm-none-eabi/lib/thumb/v6-m/nofp/libc.a(lib_a-lock.o)
                0x000000001000a410                __retarget_lock_close_recursive
 .text.__retarget_lock_acquire_recursive
                0x000000001000a414        0x4 /usr/local/Cellar/arm-none-eabi-gcc/10.3-2021.07/gcc/bin/../lib/gcc/arm-none-eabi/10.3.1/../../../../arm-none-eabi/lib/thumb/v6-m/nofp/libc.a(lib_a-lock.o)
                0x000000001000a414                __retarget_lock_acquire_recursive
 .text.__retarget_lock_release_recursive
                0x000000001000a418        0x4 /usr/local/Cellar/arm-none-eabi-gcc/10.3-2021.07/gcc/bin/../lib/gcc/arm-none-eabi/10.3.1/../../../../arm-none-eabi/lib/thumb/v6-m/nofp/libc.a(lib_a-lock.o)
                0x000000001000a418                __retarget_lock_release_recursive
 .text._mbrtowc_r
                0x000000001000a41c       0x4c /usr/local/Cellar/arm-none-eabi-gcc/10.3-2021.07/gcc/bin/../lib/gcc/arm-none-eabi/10.3.1/../../../../arm-none-eabi/lib/thumb/v6-m/nofp/libc.a(lib_a-mbrtowc.o)
                0x000000001000a41c                _mbrtowc_r
 .text.__ascii_mbtowc
                0x000000001000a468       0x2c /usr/local/Cellar/arm-none-eabi-gcc/10.3-2021.07/gcc/bin/../lib/gcc/arm-none-eabi/10.3.1/../../../../arm-none-eabi/lib/thumb/v6-m/nofp/libc.a(lib_a-mbtowc_r.o)
                0x000000001000a468                __ascii_mbtowc
 .text.lflush   0x000000001000a494       0x1c /usr/local/Cellar/arm-none-eabi-gcc/10.3-2021.07/gcc/bin/../lib/gcc/arm-none-eabi/10.3.1/../../../../arm-none-eabi/lib/thumb/v6-m/nofp/libc.a(lib_a-refill.o)
 .text.__srefill_r
                0x000000001000a4b0      0x124 /usr/local/Cellar/arm-none-eabi-gcc/10.3-2021.07/gcc/bin/../lib/gcc/arm-none-eabi/10.3.1/../../../../arm-none-eabi/lib/thumb/v6-m/nofp/libc.a(lib_a-refill.o)
                0x000000001000a4b0                __srefill_r
 .text.__sccl   0x000000001000a5d4       0x80 /usr/local/Cellar/arm-none-eabi-gcc/10.3-2021.07/gcc/bin/../lib/gcc/arm-none-eabi/10.3.1/../../../../arm-none-eabi/lib/thumb/v6-m/nofp/libc.a(lib_a-sccl.o)
                0x000000001000a5d4                __sccl
 .text.nanf     0x000000001000a654        0x8 /usr/local/Cellar/arm-none-eabi-gcc/10.3-2021.07/gcc/bin/../lib/gcc/arm-none-eabi/10.3.1/../../../../arm-none-eabi/lib/thumb/v6-m/nofp/libc.a(lib_a-sf_nan.o)
                0x000000001000a654                nanf
 .text.__sread  0x000000001000a65c       0x28 /usr/local/Cellar/arm-none-eabi-gcc/10.3-2021.07/gcc/bin/../lib/gcc/arm-none-eabi/10.3.1/../../../../arm-none-eabi/lib/thumb/v6-m/nofp/libc.a(lib_a-stdio.o)
                0x000000001000a65c                __sread
 .text.__swrite
                0x000000001000a684       0x40 /usr/local/Cellar/arm-none-eabi-gcc/10.3-2021.07/gcc/bin/../lib/gcc/arm-none-eabi/10.3.1/../../../../arm-none-eabi/lib/thumb/v6-m/nofp/libc.a(lib_a-stdio.o)
                0x000000001000a684                __swrite
 .text.__sseek  0x000000001000a6c4       0x2c /usr/local/Cellar/arm-none-eabi-gcc/10.3-2021.07/gcc/bin/../lib/gcc/arm-none-eabi/10.3.1/../../../../arm-none-eabi/lib/thumb/v6-m/nofp/libc.a(lib_a-stdio.o)
                0x000000001000a6c4                __sseek
 .text.__sclose
                0x000000001000a6f0        0xc /usr/local/Cellar/arm-none-eabi-gcc/10.3-2021.07/gcc/bin/../lib/gcc/arm-none-eabi/10.3.1/../../../../arm-none-eabi/lib/thumb/v6-m/nofp/libc.a(lib_a-stdio.o)
                0x000000001000a6f0                __sclose
 .text._strtod_l
                0x000000001000a6fc      0xf78 /usr/local/Cellar/arm-none-eabi-gcc/10.3-2021.07/gcc/bin/../lib/gcc/arm-none-eabi/10.3.1/../../../../arm-none-eabi/lib/thumb/v6-m/nofp/libc.a(lib_a-strtod.o)
                0x000000001000a6fc                _strtod_l
 .text._strtod_r
                0x000000001000b674       0x10 /usr/local/Cellar/arm-none-eabi-gcc/10.3-2021.07/gcc/bin/../lib/gcc/arm-none-eabi/10.3.1/../../../../arm-none-eabi/lib/thumb/v6-m/nofp/libc.a(lib_a-strtod.o)
                0x000000001000b674                _strtod_r
 .text._strtol_l.part.0
                0x000000001000b684      0x144 /usr/local/Cellar/arm-none-eabi-gcc/10.3-2021.07/gcc/bin/../lib/gcc/arm-none-eabi/10.3.1/../../../../arm-none-eabi/lib/thumb/v6-m/nofp/libc.a(lib_a-strtol.o)
 .text._strtol_r
                0x000000001000b7c8       0x1c /usr/local/Cellar/arm-none-eabi-gcc/10.3-2021.07/gcc/bin/../lib/gcc/arm-none-eabi/10.3.1/../../../../arm-none-eabi/lib/thumb/v6-m/nofp/libc.a(lib_a-strtol.o)
                0x000000001000b7c8                _strtol_r
 .text._strtoll_l.constprop.0
                0x000000001000b7e4      0x198 /usr/local/Cellar/arm-none-eabi-gcc/10.3-2021.07/gcc/bin/../lib/gcc/arm-none-eabi/10.3.1/../../../../arm-none-eabi/lib/thumb/v6-m/nofp/libc.a(lib_a-strtoll.o)
 .text._strtoll_r
                0x000000001000b97c        0x8 /usr/local/Cellar/arm-none-eabi-gcc/10.3-2021.07/gcc/bin/../lib/gcc/arm-none-eabi/10.3.1/../../../../arm-none-eabi/lib/thumb/v6-m/nofp/libc.a(lib_a-strtoll.o)
                0x000000001000b97c                _strtoll_r
 .text._strtoul_l.constprop.0
                0x000000001000b984      0x148 /usr/local/Cellar/arm-none-eabi-gcc/10.3-2021.07/gcc/bin/../lib/gcc/arm-none-eabi/10.3.1/../../../../arm-none-eabi/lib/thumb/v6-m/nofp/libc.a(lib_a-strtoul.o)
 .text._strtoul_r
                0x000000001000bacc        0x8 /usr/local/Cellar/arm-none-eabi-gcc/10.3-2021.07/gcc/bin/../lib/gcc/arm-none-eabi/10.3.1/../../../../arm-none-eabi/lib/thumb/v6-m/nofp/libc.a(lib_a-strtoul.o)
                0x000000001000bacc                _strtoul_r
 .text._strtoull_l.constprop.0
                0x000000001000bad4      0x1bc /usr/local/Cellar/arm-none-eabi-gcc/10.3-2021.07/gcc/bin/../lib/gcc/arm-none-eabi/10.3.1/../../../../arm-none-eabi/lib/thumb/v6-m/nofp/libc.a(lib_a-strtoull.o)
 .text._strtoull_r
                0x000000001000bc90        0x8 /usr/local/Cellar/arm-none-eabi-gcc/10.3-2021.07/gcc/bin/../lib/gcc/arm-none-eabi/10.3.1/../../../../arm-none-eabi/lib/thumb/v6-m/nofp/libc.a(lib_a-strtoull.o)
                0x000000001000bc90                _strtoull_r
 .text.__submore
                0x000000001000bc98       0x84 /usr/local/Cellar/arm-none-eabi-gcc/10.3-2021.07/gcc/bin/../lib/gcc/arm-none-eabi/10.3.1/../../../../arm-none-eabi/lib/thumb/v6-m/nofp/libc.a(lib_a-ungetc.o)
                0x000000001000bc98                __submore
 .text._ungetc_r
                0x000000001000bd1c      0x138 /usr/local/Cellar/arm-none-eabi-gcc/10.3-2021.07/gcc/bin/../lib/gcc/arm-none-eabi/10.3.1/../../../../arm-none-eabi/lib/thumb/v6-m/nofp/libc.a(lib_a-ungetc.o)
                0x000000001000bd1c                _ungetc_r
 .text.__ascii_wctomb
                0x000000001000be54       0x1c /usr/local/Cellar/arm-none-eabi-gcc/10.3-2021.07/gcc/bin/../lib/gcc/arm-none-eabi/10.3.1/../../../../arm-none-eabi/lib/thumb/v6-m/nofp/libc.a(lib_a-wctomb_r.o)
                0x000000001000be54                __ascii_wctomb
 .text._write_r
                0x000000001000be70       0x28 /usr/local/Cellar/arm-none-eabi-gcc/10.3-2021.07/gcc/bin/../lib/gcc/arm-none-eabi/10.3.1/../../../../arm-none-eabi/lib/thumb/v6-m/nofp/libc.a(lib_a-writer.o)
                0x000000001000be70                _write_r
 .text._close_r
                0x000000001000be98       0x24 /usr/local/Cellar/arm-none-eabi-gcc/10.3-2021.07/gcc/bin/../lib/gcc/arm-none-eabi/10.3.1/../../../../arm-none-eabi/lib/thumb/v6-m/nofp/libc.a(lib_a-closer.o)
                0x000000001000be98                _close_r
 .text._fclose_r
                0x000000001000bebc       0xdc /usr/local/Cellar/arm-none-eabi-gcc/10.3-2021.07/gcc/bin/../lib/gcc/arm-none-eabi/10.3.1/../../../../arm-none-eabi/lib/thumb/v6-m/nofp/libc.a(lib_a-fclose.o)
                0x000000001000bebc                _fclose_r
 .text.__sflush_r
                0x000000001000bf98      0x140 /usr/local/Cellar/arm-none-eabi-gcc/10.3-2021.07/gcc/bin/../lib/gcc/arm-none-eabi/10.3.1/../../../../arm-none-eabi/lib/thumb/v6-m/nofp/libc.a(lib_a-fflush.o)
                0x000000001000bf98                __sflush_r
 .text._fflush_r
                0x000000001000c0d8       0x6c /usr/local/Cellar/arm-none-eabi-gcc/10.3-2021.07/gcc/bin/../lib/gcc/arm-none-eabi/10.3.1/../../../../arm-none-eabi/lib/thumb/v6-m/nofp/libc.a(lib_a-fflush.o)
                0x000000001000c0d8                _fflush_r
 .text.fflush   0x000000001000c144       0x78 /usr/local/Cellar/arm-none-eabi-gcc/10.3-2021.07/gcc/bin/../lib/gcc/arm-none-eabi/10.3.1/../../../../arm-none-eabi/lib/thumb/v6-m/nofp/libc.a(lib_a-fflush.o)
                0x000000001000c144                fflush
 .text.rshift   0x000000001000c1bc       0xa4 /usr/local/Cellar/arm-none-eabi-gcc/10.3-2021.07/gcc/bin/../lib/gcc/arm-none-eabi/10.3.1/../../../../arm-none-eabi/lib/thumb/v6-m/nofp/libc.a(lib_a-gdtoa-gethex.o)
 .text.__gethex
                0x000000001000c260      0x5cc /usr/local/Cellar/arm-none-eabi-gcc/10.3-2021.07/gcc/bin/../lib/gcc/arm-none-eabi/10.3.1/../../../../arm-none-eabi/lib/thumb/v6-m/nofp/libc.a(lib_a-gdtoa-gethex.o)
                0x000000001000c260                __gethex
 .text.__match  0x000000001000c82c       0x2c /usr/local/Cellar/arm-none-eabi-gcc/10.3-2021.07/gcc/bin/../lib/gcc/arm-none-eabi/10.3.1/../../../../arm-none-eabi/lib/thumb/v6-m/nofp/libc.a(lib_a-gdtoa-hexnan.o)
                0x000000001000c82c                __match
 .text.__hexnan
                0x000000001000c858      0x1d0 /usr/local/Cellar/arm-none-eabi-gcc/10.3-2021.07/gcc/bin/../lib/gcc/arm-none-eabi/10.3.1/../../../../arm-none-eabi/lib/thumb/v6-m/nofp/libc.a(lib_a-gdtoa-hexnan.o)
                0x000000001000c858                __hexnan
 .text._lseek_r
                0x000000001000ca28       0x28 /usr/local/Cellar/arm-none-eabi-gcc/10.3-2021.07/gcc/bin/../lib/gcc/arm-none-eabi/10.3.1/../../../../arm-none-eabi/lib/thumb/v6-m/nofp/libc.a(lib_a-lseekr.o)
                0x000000001000ca28                _lseek_r
 .text.__smakebuf_r
                0x000000001000ca50       0xe4 /usr/local/Cellar/arm-none-eabi-gcc/10.3-2021.07/gcc/bin/../lib/gcc/arm-none-eabi/10.3.1/../../../../arm-none-eabi/lib/thumb/v6-m/nofp/libc.a(lib_a-makebuf.o)
                0x000000001000ca50                __smakebuf_r
 .text._Balloc  0x000000001000cb34       0x50 /usr/local/Cellar/arm-none-eabi-gcc/10.3-2021.07/gcc/bin/../lib/gcc/arm-none-eabi/10.3.1/../../../../arm-none-eabi/lib/thumb/v6-m/nofp/libc.a(lib_a-mprec.o)
                0x000000001000cb34                _Balloc
 .text._Bfree   0x000000001000cb84       0x14 /usr/local/Cellar/arm-none-eabi-gcc/10.3-2021.07/gcc/bin/../lib/gcc/arm-none-eabi/10.3.1/../../../../arm-none-eabi/lib/thumb/v6-m/nofp/libc.a(lib_a-mprec.o)
                0x000000001000cb84                _Bfree
 .text.__multadd
                0x000000001000cb98       0xa8 /usr/local/Cellar/arm-none-eabi-gcc/10.3-2021.07/gcc/bin/../lib/gcc/arm-none-eabi/10.3.1/../../../../arm-none-eabi/lib/thumb/v6-m/nofp/libc.a(lib_a-mprec.o)
                0x000000001000cb98                __multadd
 .text.__s2b    0x000000001000cc40       0xb0 /usr/local/Cellar/arm-none-eabi-gcc/10.3-2021.07/gcc/bin/../lib/gcc/arm-none-eabi/10.3.1/../../../../arm-none-eabi/lib/thumb/v6-m/nofp/libc.a(lib_a-mprec.o)
                0x000000001000cc40                __s2b
 .text.__hi0bits
                0x000000001000ccf0       0x38 /usr/local/Cellar/arm-none-eabi-gcc/10.3-2021.07/gcc/bin/../lib/gcc/arm-none-eabi/10.3.1/../../../../arm-none-eabi/lib/thumb/v6-m/nofp/libc.a(lib_a-mprec.o)
                0x000000001000ccf0                __hi0bits
 .text.__lo0bits
                0x000000001000cd28       0x5c /usr/local/Cellar/arm-none-eabi-gcc/10.3-2021.07/gcc/bin/../lib/gcc/arm-none-eabi/10.3.1/../../../../arm-none-eabi/lib/thumb/v6-m/nofp/libc.a(lib_a-mprec.o)
                0x000000001000cd28                __lo0bits
 .text.__i2b    0x000000001000cd84       0x60 /usr/local/Cellar/arm-none-eabi-gcc/10.3-2021.07/gcc/bin/../lib/gcc/arm-none-eabi/10.3.1/../../../../arm-none-eabi/lib/thumb/v6-m/nofp/libc.a(lib_a-mprec.o)
                0x000000001000cd84                __i2b
 .text.__multiply
                0x000000001000cde4      0x1a4 /usr/local/Cellar/arm-none-eabi-gcc/10.3-2021.07/gcc/bin/../lib/gcc/arm-none-eabi/10.3.1/../../../../arm-none-eabi/lib/thumb/v6-m/nofp/libc.a(lib_a-mprec.o)
                0x000000001000cde4                __multiply
 .text.__pow5mult
                0x000000001000cf88       0xd8 /usr/local/Cellar/arm-none-eabi-gcc/10.3-2021.07/gcc/bin/../lib/gcc/arm-none-eabi/10.3.1/../../../../arm-none-eabi/lib/thumb/v6-m/nofp/libc.a(lib_a-mprec.o)
                0x000000001000cf88                __pow5mult
 .text.__lshift
                0x000000001000d060       0xfc /usr/local/Cellar/arm-none-eabi-gcc/10.3-2021.07/gcc/bin/../lib/gcc/arm-none-eabi/10.3.1/../../../../arm-none-eabi/lib/thumb/v6-m/nofp/libc.a(lib_a-mprec.o)
                0x000000001000d060                __lshift
 .text.__mcmp   0x000000001000d15c       0x34 /usr/local/Cellar/arm-none-eabi-gcc/10.3-2021.07/gcc/bin/../lib/gcc/arm-none-eabi/10.3.1/../../../../arm-none-eabi/lib/thumb/v6-m/nofp/libc.a(lib_a-mprec.o)
                0x000000001000d15c                __mcmp
 .text.__mdiff  0x000000001000d190      0x18c /usr/local/Cellar/arm-none-eabi-gcc/10.3-2021.07/gcc/bin/../lib/gcc/arm-none-eabi/10.3.1/../../../../arm-none-eabi/lib/thumb/v6-m/nofp/libc.a(lib_a-mprec.o)
                0x000000001000d190                __mdiff
 .text.__ulp    0x000000001000d31c       0x48 /usr/local/Cellar/arm-none-eabi-gcc/10.3-2021.07/gcc/bin/../lib/gcc/arm-none-eabi/10.3.1/../../../../arm-none-eabi/lib/thumb/v6-m/nofp/libc.a(lib_a-mprec.o)
                0x000000001000d31c                __ulp
 .text.__b2d    0x000000001000d364       0xc8 /usr/local/Cellar/arm-none-eabi-gcc/10.3-2021.07/gcc/bin/../lib/gcc/arm-none-eabi/10.3.1/../../../../arm-none-eabi/lib/thumb/v6-m/nofp/libc.a(lib_a-mprec.o)
                0x000000001000d364                __b2d
 .text.__d2b    0x000000001000d42c       0xd8 /usr/local/Cellar/arm-none-eabi-gcc/10.3-2021.07/gcc/bin/../lib/gcc/arm-none-eabi/10.3.1/../../../../arm-none-eabi/lib/thumb/v6-m/nofp/libc.a(lib_a-mprec.o)
                0x000000001000d42c                __d2b
 .text.__ratio  0x000000001000d504       0x68 /usr/local/Cellar/arm-none-eabi-gcc/10.3-2021.07/gcc/bin/../lib/gcc/arm-none-eabi/10.3.1/../../../../arm-none-eabi/lib/thumb/v6-m/nofp/libc.a(lib_a-mprec.o)
                0x000000001000d504                __ratio
 .text.__copybits
                0x000000001000d56c       0x40 /usr/local/Cellar/arm-none-eabi-gcc/10.3-2021.07/gcc/bin/../lib/gcc/arm-none-eabi/10.3.1/../../../../arm-none-eabi/lib/thumb/v6-m/nofp/libc.a(lib_a-mprec.o)
                0x000000001000d56c                __copybits
 .text.__any_on
                0x000000001000d5ac       0x50 /usr/local/Cellar/arm-none-eabi-gcc/10.3-2021.07/gcc/bin/../lib/gcc/arm-none-eabi/10.3.1/../../../../arm-none-eabi/lib/thumb/v6-m/nofp/libc.a(lib_a-mprec.o)
                0x000000001000d5ac                __any_on
 .text._read_r  0x000000001000d5fc       0x28 /usr/local/Cellar/arm-none-eabi-gcc/10.3-2021.07/gcc/bin/../lib/gcc/arm-none-eabi/10.3.1/../../../../arm-none-eabi/lib/thumb/v6-m/nofp/libc.a(lib_a-readr.o)
                0x000000001000d5fc                _read_r
 .text.nan      0x000000001000d624        0xc /usr/local/Cellar/arm-none-eabi-gcc/10.3-2021.07/gcc/bin/../lib/gcc/arm-none-eabi/10.3.1/../../../../arm-none-eabi/lib/thumb/v6-m/nofp/libc.a(lib_a-s_nan.o)
                0x000000001000d624                nan
 .text.strncmp  0x000000001000d630       0x74 /usr/local/Cellar/arm-none-eabi-gcc/10.3-2021.07/gcc/bin/../lib/gcc/arm-none-eabi/10.3.1/../../../../arm-none-eabi/lib/thumb/v6-m/nofp/libc.a(lib_a-strncmp.o)
                0x000000001000d630                strncmp
 .text._fstat_r
                0x000000001000d6a4       0x28 /usr/local/Cellar/arm-none-eabi-gcc/10.3-2021.07/gcc/bin/../lib/gcc/arm-none-eabi/10.3.1/../../../../arm-none-eabi/lib/thumb/v6-m/nofp/libc.a(lib_a-fstatr.o)
                0x000000001000d6a4                _fstat_r
 .text._isatty_r
                0x000000001000d6cc       0x24 /usr/local/Cellar/arm-none-eabi-gcc/10.3-2021.07/gcc/bin/../lib/gcc/arm-none-eabi/10.3.1/../../../../arm-none-eabi/lib/thumb/v6-m/nofp/libc.a(lib_a-isattyr.o)
                0x000000001000d6cc                _isatty_r
 .text._close   0x000000001000d6f0       0x10 /usr/local/Cellar/arm-none-eabi-gcc/10.3-2021.07/gcc/bin/../lib/gcc/arm-none-eabi/10.3.1/../../../../arm-none-eabi/lib/thumb/v6-m/nofp/libnosys.a(close.o)
                0x000000001000d6f0                _close
 .text._fstat   0x000000001000d700       0x10 /usr/local/Cellar/arm-none-eabi-gcc/10.3-2021.07/gcc/bin/../lib/gcc/arm-none-eabi/10.3.1/../../../../arm-none-eabi/lib/thumb/v6-m/nofp/libnosys.a(fstat.o)
                0x000000001000d700                _fstat
 .text._isatty  0x000000001000d710       0x10 /usr/local/Cellar/arm-none-eabi-gcc/10.3-2021.07/gcc/bin/../lib/gcc/arm-none-eabi/10.3.1/../../../../arm-none-eabi/lib/thumb/v6-m/nofp/libnosys.a(isatty.o)
                0x000000001000d710                _isatty
 .text._lseek   0x000000001000d720       0x10 /usr/local/Cellar/arm-none-eabi-gcc/10.3-2021.07/gcc/bin/../lib/gcc/arm-none-eabi/10.3.1/../../../../arm-none-eabi/lib/thumb/v6-m/nofp/libnosys.a(lseek.o)
                0x000000001000d720                _lseek
 *(.fini)
 .fini          0x000000001000d730        0x4 /usr/local/Cellar/arm-none-eabi-gcc/10.3-2021.07/gcc/bin/../lib/gcc/arm-none-eabi/10.3.1/thumb/v6-m/nofp/crti.o
                0x000000001000d730                _fini
 *fill*         0x000000001000d734        0x4 
 .fini.__stub   0x000000001000d738       0x80 linker stubs
 *crtbegin.o(.ctors)
 *crtbegin?.o(.ctors)
 *(EXCLUDE_FILE(*crtend.o *crtend?.o) .ctors)
 *(SORT_BY_NAME(.ctors.*))
 *(.ctors)
 *crtbegin.o(.dtors)
 *crtbegin?.o(.dtors)
 *(EXCLUDE_FILE(*crtend.o *crtend?.o) .dtors)
 *(SORT_BY_NAME(.dtors.*))
 *(.dtors)
 *(.eh_frame*)
 .eh_frame      0x000000001000d7b8        0x0 /usr/local/Cellar/arm-none-eabi-gcc/10.3-2021.07/gcc/bin/../lib/gcc/arm-none-eabi/10.3.1/thumb/v6-m/nofp/crtbegin.o
                0x000000001000d7b8                . = ALIGN (0x4)

.glue_7         0x000000001000d7b8        0x0
 .glue_7        0x000000001000d7b8        0x0 linker stubs

.glue_7t        0x000000001000d7b8        0x0
 .glue_7t       0x000000001000d7b8        0x0 linker stubs

.vfp11_veneer   0x000000001000d7b8        0x0
 .vfp11_veneer  0x000000001000d7b8        0x0 linker stubs

.v4_bx          0x000000001000d7b8        0x0
 .v4_bx         0x000000001000d7b8        0x0 linker stubs

.iplt           0x000000001000d7b8        0x0
 .iplt          0x000000001000d7b8        0x0 /usr/local/Cellar/arm-none-eabi-gcc/10.3-2021.07/gcc/bin/../lib/gcc/arm-none-eabi/10.3.1/thumb/v6-m/nofp/crtbegin.o

.rodata         0x000000001000d7b8      0xeb4
 *(EXCLUDE_FILE(*libm.a: *libc.a:*lib_a-mem*.o *libgcc.a:) .rodata*)
 .rodata.core1_entry.str1.4
                0x000000001000d7b8       0x24 CMakeFiles/shift.dir/shift.c.obj
 .rodata.spin_lock_claim_unused.str1.4
                0x000000001000d7dc       0x1b CMakeFiles/shift.dir/Users/dirtyryguy/pico/pico-sdk/src/rp2_common/hardware_sync/sync.c.obj
 *fill*         0x000000001000d7f7        0x1 
 .rodata.user_irq_claim_unused.str1.4
                0x000000001000d7f8       0x1b CMakeFiles/shift.dir/Users/dirtyryguy/pico/pico-sdk/src/rp2_common/hardware_irq/irq.c.obj
 *fill*         0x000000001000d813        0x5 
 .rodata.at_the_end_of_time
                0x000000001000d818        0x8 CMakeFiles/shift.dir/Users/dirtyryguy/pico/pico-sdk/src/common/pico_time/time.c.obj
                0x000000001000d818                at_the_end_of_time
 .rodata.hardware_alarm_claim.str1.4
                0x000000001000d820       0x22 CMakeFiles/shift.dir/Users/dirtyryguy/pico/pico-sdk/src/rp2_common/hardware_timer/timer.c.obj
 *fill*         0x000000001000d842        0x2 
 .rodata.__assert_func.str1.4
                0x000000001000d844       0x3f CMakeFiles/shift.dir/Users/dirtyryguy/pico/pico-sdk/src/rp2_common/pico_runtime/runtime.c.obj
                                         0x43 (size before relaxing)
 *fill*         0x000000001000d883        0x1 
 .rodata.panic.str1.4
                0x000000001000d884       0x12 CMakeFiles/shift.dir/Users/dirtyryguy/pico/pico-sdk/src/rp2_common/pico_runtime/runtime.c.obj
 *fill*         0x000000001000d896        0x2 
 .rodata.hard_assertion_failure.str1.4
                0x000000001000d898        0xc CMakeFiles/shift.dir/Users/dirtyryguy/pico/pico-sdk/src/rp2_common/pico_runtime/runtime.c.obj
 .rodata._ftoa.str1.4
                0x000000001000d8a4       0x15 CMakeFiles/shift.dir/Users/dirtyryguy/pico/pico-sdk/src/rp2_common/pico_printf/printf.c.obj
 *fill*         0x000000001000d8b9        0x3 
 .rodata._vsnprintf
                0x000000001000d8bc      0x1e0 CMakeFiles/shift.dir/Users/dirtyryguy/pico/pico-sdk/src/rp2_common/pico_printf/printf.c.obj
 *fill*         0x000000001000da9c        0x4 
 .rodata.pow10.0
                0x000000001000daa0       0x50 CMakeFiles/shift.dir/Users/dirtyryguy/pico/pico-sdk/src/rp2_common/pico_printf/printf.c.obj
 .rodata.__wrap_malloc.str1.4
                0x000000001000daf0        0xe CMakeFiles/shift.dir/Users/dirtyryguy/pico/pico-sdk/src/rp2_common/pico_malloc/pico_malloc.c.obj
 *fill*         0x000000001000dafe        0x2 
 .rodata.str1.4
                0x000000001000db00       0x3c CMakeFiles/shift.dir/Users/dirtyryguy/pico/pico-sdk/src/rp2_common/pico_standard_link/binary_info.c.obj
 .rodata.__bi_44
                0x000000001000db3c        0xc CMakeFiles/shift.dir/Users/dirtyryguy/pico/pico-sdk/src/rp2_common/pico_standard_link/binary_info.c.obj
 .rodata.__bi_75
                0x000000001000db48        0xc CMakeFiles/shift.dir/Users/dirtyryguy/pico/pico-sdk/src/rp2_common/pico_standard_link/binary_info.c.obj
 .rodata.__bi_81
                0x000000001000db54        0xc CMakeFiles/shift.dir/Users/dirtyryguy/pico/pico-sdk/src/rp2_common/pico_standard_link/binary_info.c.obj
 .rodata.crlf_str.0
                0x000000001000db60        0x2 CMakeFiles/shift.dir/Users/dirtyryguy/pico/pico-sdk/src/rp2_common/pico_stdio/stdio.c.obj
 *fill*         0x000000001000db62        0x2 
 .rodata._resetd_driver
                0x000000001000db64       0x18 CMakeFiles/shift.dir/Users/dirtyryguy/pico/pico-sdk/src/rp2_common/pico_stdio_usb/reset_interface.c.obj
 .rodata.str1.4
                0x000000001000db7c       0x13 CMakeFiles/shift.dir/Users/dirtyryguy/pico/pico-sdk/src/rp2_common/pico_stdio_usb/stdio_usb.c.obj
 *fill*         0x000000001000db8f        0x1 
 .rodata.__bi_118.0
                0x000000001000db90        0xc CMakeFiles/shift.dir/Users/dirtyryguy/pico/pico-sdk/src/rp2_common/pico_stdio_usb/stdio_usb.c.obj
 .rodata.str1.4
                0x000000001000db9c       0x2a CMakeFiles/shift.dir/Users/dirtyryguy/pico/pico-sdk/src/rp2_common/pico_stdio_usb/stdio_usb_descriptors.c.obj
 *fill*         0x000000001000dbc6        0x2 
 .rodata.usbd_desc_cfg
                0x000000001000dbc8       0x54 CMakeFiles/shift.dir/Users/dirtyryguy/pico/pico-sdk/src/rp2_common/pico_stdio_usb/stdio_usb_descriptors.c.obj
 .rodata.usbd_desc_device
                0x000000001000dc1c       0x12 CMakeFiles/shift.dir/Users/dirtyryguy/pico/pico-sdk/src/rp2_common/pico_stdio_usb/stdio_usb_descriptors.c.obj
 *fill*         0x000000001000dc2e        0x2 
 .rodata.usbd_desc_str
                0x000000001000dc30       0x18 CMakeFiles/shift.dir/Users/dirtyryguy/pico/pico-sdk/src/rp2_common/pico_stdio_usb/stdio_usb_descriptors.c.obj
 .rodata.dcd_rp2040_irq.str1.4
                0x000000001000dc48       0x14 CMakeFiles/shift.dir/Users/dirtyryguy/pico/pico-sdk/lib/tinyusb/src/portable/raspberrypi/rp2040/dcd_rp2040.c.obj
 .rodata._hw_endpoint_buffer_control_update32.part.0.isra.0.str1.4
                0x000000001000dc5c       0x1f CMakeFiles/shift.dir/Users/dirtyryguy/pico/pico-sdk/lib/tinyusb/src/portable/raspberrypi/rp2040/rp2040_usb.c.obj
 *fill*         0x000000001000dc7b        0x1 
 .rodata.hw_endpoint_xfer_continue.str1.4
                0x000000001000dc7c       0x29 CMakeFiles/shift.dir/Users/dirtyryguy/pico/pico-sdk/lib/tinyusb/src/portable/raspberrypi/rp2040/rp2040_usb.c.obj
 *fill*         0x000000001000dca5        0x3 
 .rodata.str1.4
                0x000000001000dca8        0x7 CMakeFiles/shift.dir/Users/dirtyryguy/pico/pico-sdk/lib/tinyusb/src/portable/raspberrypi/rp2040/rp2040_usb.c.obj
 *fill*         0x000000001000dcaf        0x1 
 .rodata.tud_task
                0x000000001000dcb0       0x8c CMakeFiles/shift.dir/Users/dirtyryguy/pico/pico-sdk/lib/tinyusb/src/device/usbd.c.obj
 .rodata._usbd_driver
                0x000000001000dd3c       0x18 CMakeFiles/shift.dir/Users/dirtyryguy/pico/pico-sdk/lib/tinyusb/src/device/usbd.c.obj
 .rodata._global_impure_ptr
                0x000000001000dd54        0x4 /usr/local/Cellar/arm-none-eabi-gcc/10.3-2021.07/gcc/bin/../lib/gcc/arm-none-eabi/10.3.1/../../../../arm-none-eabi/lib/thumb/v6-m/nofp/libc.a(lib_a-impure.o)
                0x000000001000dd54                _global_impure_ptr
 .rodata.__svfscanf_r.str1.4
                0x000000001000dd58        0x5 /usr/local/Cellar/arm-none-eabi-gcc/10.3-2021.07/gcc/bin/../lib/gcc/arm-none-eabi/10.3.1/../../../../arm-none-eabi/lib/thumb/v6-m/nofp/libc.a(lib_a-vfscanf.o)
                                          0x9 (size before relaxing)
 *fill*         0x000000001000dd5d        0x3 
 .rodata.__svfscanf_r
                0x000000001000dd60      0x3cc /usr/local/Cellar/arm-none-eabi-gcc/10.3-2021.07/gcc/bin/../lib/gcc/arm-none-eabi/10.3.1/../../../../arm-none-eabi/lib/thumb/v6-m/nofp/libc.a(lib_a-vfscanf.o)
 .rodata.basefix.0
                0x000000001000e12c       0x22 /usr/local/Cellar/arm-none-eabi-gcc/10.3-2021.07/gcc/bin/../lib/gcc/arm-none-eabi/10.3.1/../../../../arm-none-eabi/lib/thumb/v6-m/nofp/libc.a(lib_a-vfscanf.o)
 *fill*         0x000000001000e14e        0x2 
 .rodata._ctype_
                0x000000001000e150      0x101 /usr/local/Cellar/arm-none-eabi-gcc/10.3-2021.07/gcc/bin/../lib/gcc/arm-none-eabi/10.3.1/../../../../arm-none-eabi/lib/thumb/v6-m/nofp/libc.a(lib_a-ctype_.o)
                0x000000001000e150                _ctype_
 *fill*         0x000000001000e251        0x3 
 .rodata._setlocale_r.str1.4
                0x000000001000e254        0x6 /usr/local/Cellar/arm-none-eabi-gcc/10.3-2021.07/gcc/bin/../lib/gcc/arm-none-eabi/10.3.1/../../../../arm-none-eabi/lib/thumb/v6-m/nofp/libc.a(lib_a-locale.o)
                                          0xd (size before relaxing)
 *fill*         0x000000001000e25a        0x2 
 .rodata.str1.4
                0x000000001000e25c        0x2 /usr/local/Cellar/arm-none-eabi-gcc/10.3-2021.07/gcc/bin/../lib/gcc/arm-none-eabi/10.3.1/../../../../arm-none-eabi/lib/thumb/v6-m/nofp/libc.a(lib_a-locale.o)
 .rodata._mbrtowc_r.str1.4
                0x000000001000e25e        0x1 /usr/local/Cellar/arm-none-eabi-gcc/10.3-2021.07/gcc/bin/../lib/gcc/arm-none-eabi/10.3.1/../../../../arm-none-eabi/lib/thumb/v6-m/nofp/libc.a(lib_a-mbrtowc.o)
 *fill*         0x000000001000e25e        0x2 
 .rodata._strtod_l.str1.4
                0x000000001000e260        0xf /usr/local/Cellar/arm-none-eabi-gcc/10.3-2021.07/gcc/bin/../lib/gcc/arm-none-eabi/10.3.1/../../../../arm-none-eabi/lib/thumb/v6-m/nofp/libc.a(lib_a-strtod.o)
                                         0x11 (size before relaxing)
 *fill*         0x000000001000e26f        0x1 
 .rodata._strtod_l
                0x000000001000e270       0xd0 /usr/local/Cellar/arm-none-eabi-gcc/10.3-2021.07/gcc/bin/../lib/gcc/arm-none-eabi/10.3.1/../../../../arm-none-eabi/lib/thumb/v6-m/nofp/libc.a(lib_a-strtod.o)
 .rodata.fpi.1  0x000000001000e340       0x14 /usr/local/Cellar/arm-none-eabi-gcc/10.3-2021.07/gcc/bin/../lib/gcc/arm-none-eabi/10.3.1/../../../../arm-none-eabi/lib/thumb/v6-m/nofp/libc.a(lib_a-strtod.o)
 .rodata.fpinan.0
                0x000000001000e354       0x14 /usr/local/Cellar/arm-none-eabi-gcc/10.3-2021.07/gcc/bin/../lib/gcc/arm-none-eabi/10.3.1/../../../../arm-none-eabi/lib/thumb/v6-m/nofp/libc.a(lib_a-strtod.o)
 .rodata.tinytens
                0x000000001000e368       0x28 /usr/local/Cellar/arm-none-eabi-gcc/10.3-2021.07/gcc/bin/../lib/gcc/arm-none-eabi/10.3.1/../../../../arm-none-eabi/lib/thumb/v6-m/nofp/libc.a(lib_a-strtod.o)
 .rodata.__gethex.str1.4
                0x000000001000e390       0x76 /usr/local/Cellar/arm-none-eabi-gcc/10.3-2021.07/gcc/bin/../lib/gcc/arm-none-eabi/10.3.1/../../../../arm-none-eabi/lib/thumb/v6-m/nofp/libc.a(lib_a-gdtoa-gethex.o)
 *fill*         0x000000001000e406        0x2 
 .rodata.__hexdig
                0x000000001000e408      0x100 /usr/local/Cellar/arm-none-eabi-gcc/10.3-2021.07/gcc/bin/../lib/gcc/arm-none-eabi/10.3.1/../../../../arm-none-eabi/lib/thumb/v6-m/nofp/libc.a(lib_a-gdtoa-gethex.o)
                0x000000001000e408                __hexdig
 .rodata.str1.4
                0x000000001000e508        0x5 /usr/local/Cellar/arm-none-eabi-gcc/10.3-2021.07/gcc/bin/../lib/gcc/arm-none-eabi/10.3.1/../../../../arm-none-eabi/lib/thumb/v6-m/nofp/libc.a(lib_a-lnumeric.o)
 .rodata._C_numeric_locale
                0x000000001000e508        0xc /usr/local/Cellar/arm-none-eabi-gcc/10.3-2021.07/gcc/bin/../lib/gcc/arm-none-eabi/10.3.1/../../../../arm-none-eabi/lib/thumb/v6-m/nofp/libc.a(lib_a-lnumeric.o)
                0x000000001000e508                _C_numeric_locale
 .rodata.__multadd.str1.4
                0x000000001000e514       0x5b /usr/local/Cellar/arm-none-eabi-gcc/10.3-2021.07/gcc/bin/../lib/gcc/arm-none-eabi/10.3.1/../../../../arm-none-eabi/lib/thumb/v6-m/nofp/libc.a(lib_a-mprec.o)
                                         0x6f (size before relaxing)
 *fill*         0x000000001000e56f        0x1 
 .rodata.__mprec_bigtens
                0x000000001000e570       0x28 /usr/local/Cellar/arm-none-eabi-gcc/10.3-2021.07/gcc/bin/../lib/gcc/arm-none-eabi/10.3.1/../../../../arm-none-eabi/lib/thumb/v6-m/nofp/libc.a(lib_a-mprec.o)
                0x000000001000e570                __mprec_bigtens
 .rodata.__mprec_tens