Archive member included to satisfy reference by file (symbol)

/usr/local/Cellar/arm-none-eabi-gcc/10.3-2021.07/gcc/bin/../lib/gcc/arm-none-eabi/10.3.1/thumb/v6-m/nofp/libgcc.a(_dvmd_tls.o)
                              CMakeFiles/serial.dir/Users/dirtyryguy/pico/pico-sdk/src/rp2_common/pico_divider/divider.S.obj (__aeabi_idiv0)
/usr/local/Cellar/arm-none-eabi-gcc/10.3-2021.07/gcc/bin/../lib/gcc/arm-none-eabi/10.3.1/../../../../arm-none-eabi/lib/thumb/v6-m/nofp/libc.a(lib_a-calloc.o)
                              CMakeFiles/serial.dir/Users/dirtyryguy/pico/pico-sdk/src/rp2_common/pico_malloc/pico_malloc.c.obj (calloc)
/usr/local/Cellar/arm-none-eabi-gcc/10.3-2021.07/gcc/bin/../lib/gcc/arm-none-eabi/10.3.1/../../../../arm-none-eabi/lib/thumb/v6-m/nofp/libc.a(lib_a-callocr.o)
                              /usr/local/Cellar/arm-none-eabi-gcc/10.3-2021.07/gcc/bin/../lib/gcc/arm-none-eabi/10.3.1/../../../../arm-none-eabi/lib/thumb/v6-m/nofp/libc.a(lib_a-calloc.o) (_calloc_r)
/usr/local/Cellar/arm-none-eabi-gcc/10.3-2021.07/gcc/bin/../lib/gcc/arm-none-eabi/10.3.1/../../../../arm-none-eabi/lib/thumb/v6-m/nofp/libc.a(lib_a-errno.o)
                              /usr/local/Cellar/arm-none-eabi-gcc/10.3-2021.07/gcc/bin/../lib/gcc/arm-none-eabi/10.3.1/../../../../arm-none-eabi/lib/thumb/v6-m/nofp/libc.a(lib_a-callocr.o) (__errno)
/usr/local/Cellar/arm-none-eabi-gcc/10.3-2021.07/gcc/bin/../lib/gcc/arm-none-eabi/10.3.1/../../../../arm-none-eabi/lib/thumb/v6-m/nofp/libc.a(lib_a-impure.o)
                              /usr/local/Cellar/arm-none-eabi-gcc/10.3-2021.07/gcc/bin/../lib/gcc/arm-none-eabi/10.3.1/../../../../arm-none-eabi/lib/thumb/v6-m/nofp/libc.a(lib_a-calloc.o) (_impure_ptr)
/usr/local/Cellar/arm-none-eabi-gcc/10.3-2021.07/gcc/bin/../lib/gcc/arm-none-eabi/10.3.1/../../../../arm-none-eabi/lib/thumb/v6-m/nofp/libc.a(lib_a-init.o)
                              /usr/local/Cellar/arm-none-eabi-gcc/10.3-2021.07/gcc/bin/../lib/gcc/arm-none-eabi/10.3.1/../../../../arm-none-eabi/lib/thumb/v6-m/nofp/crt0.o (__libc_init_array)
/usr/local/Cellar/arm-none-eabi-gcc/10.3-2021.07/gcc/bin/../lib/gcc/arm-none-eabi/10.3.1/../../../../arm-none-eabi/lib/thumb/v6-m/nofp/libc.a(lib_a-malloc.o)
                              CMakeFiles/serial.dir/Users/dirtyryguy/pico/pico-sdk/src/rp2_common/pico_malloc/pico_malloc.c.obj (malloc)
/usr/local/Cellar/arm-none-eabi-gcc/10.3-2021.07/gcc/bin/../lib/gcc/arm-none-eabi/10.3.1/../../../../arm-none-eabi/lib/thumb/v6-m/nofp/libc.a(lib_a-mallocr.o)
                              /usr/local/Cellar/arm-none-eabi-gcc/10.3-2021.07/gcc/bin/../lib/gcc/arm-none-eabi/10.3.1/../../../../arm-none-eabi/lib/thumb/v6-m/nofp/libc.a(lib_a-callocr.o) (_malloc_r)
/usr/local/Cellar/arm-none-eabi-gcc/10.3-2021.07/gcc/bin/../lib/gcc/arm-none-eabi/10.3.1/../../../../arm-none-eabi/lib/thumb/v6-m/nofp/libc.a(lib_a-mlock.o)
                              /usr/local/Cellar/arm-none-eabi-gcc/10.3-2021.07/gcc/bin/../lib/gcc/arm-none-eabi/10.3.1/../../../../arm-none-eabi/lib/thumb/v6-m/nofp/libc.a(lib_a-mallocr.o) (__malloc_lock)
/usr/local/Cellar/arm-none-eabi-gcc/10.3-2021.07/gcc/bin/../lib/gcc/arm-none-eabi/10.3.1/../../../../arm-none-eabi/lib/thumb/v6-m/nofp/libc.a(lib_a-realloc.o)
                              CMakeFiles/serial.dir/Users/dirtyryguy/pico/pico-sdk/src/rp2_common/pico_malloc/pico_malloc.c.obj (realloc)
/usr/local/Cellar/arm-none-eabi-gcc/10.3-2021.07/gcc/bin/../lib/gcc/arm-none-eabi/10.3.1/../../../../arm-none-eabi/lib/thumb/v6-m/nofp/libc.a(lib_a-reallocr.o)
                              /usr/local/Cellar/arm-none-eabi-gcc/10.3-2021.07/gcc/bin/../lib/gcc/arm-none-eabi/10.3.1/../../../../arm-none-eabi/lib/thumb/v6-m/nofp/libc.a(lib_a-realloc.o) (_realloc_r)
/usr/local/Cellar/arm-none-eabi-gcc/10.3-2021.07/gcc/bin/../lib/gcc/arm-none-eabi/10.3.1/../../../../arm-none-eabi/lib/thumb/v6-m/nofp/libc.a(lib_a-sbrkr.o)
                              /usr/local/Cellar/arm-none-eabi-gcc/10.3-2021.07/gcc/bin/../lib/gcc/arm-none-eabi/10.3.1/../../../../arm-none-eabi/lib/thumb/v6-m/nofp/libc.a(lib_a-mallocr.o) (_sbrk_r)
/usr/local/Cellar/arm-none-eabi-gcc/10.3-2021.07/gcc/bin/../lib/gcc/arm-none-eabi/10.3.1/../../../../arm-none-eabi/lib/thumb/v6-m/nofp/libc.a(lib_a-scanf.o)
                              CMakeFiles/serial.dir/serial.c.obj (scanf)
/usr/local/Cellar/arm-none-eabi-gcc/10.3-2021.07/gcc/bin/../lib/gcc/arm-none-eabi/10.3.1/../../../../arm-none-eabi/lib/thumb/v6-m/nofp/libc.a(lib_a-strlen-stub.o)
                              CMakeFiles/serial.dir/Users/dirtyryguy/pico/pico-sdk/src/rp2_common/pico_stdio/stdio.c.obj (strlen)
/usr/local/Cellar/arm-none-eabi-gcc/10.3-2021.07/gcc/bin/../lib/gcc/arm-none-eabi/10.3.1/../../../../arm-none-eabi/lib/thumb/v6-m/nofp/libc.a(lib_a-vfscanf.o)
                              /usr/local/Cellar/arm-none-eabi-gcc/10.3-2021.07/gcc/bin/../lib/gcc/arm-none-eabi/10.3.1/../../../../arm-none-eabi/lib/thumb/v6-m/nofp/libc.a(lib_a-scanf.o) (_vfscanf_r)
[...]
Memory Configuration

Name             Origin             Length             Attributes
FLASH            0x0000000010000000 0x0000000000200000 xr
RAM              0x0000000020000000 0x0000000000040000 xrw
SCRATCH_X        0x0000000020040000 0x0000000000001000 xrw
SCRATCH_Y        0x0000000020041000 0x0000000000001000 xrw
*default*        0x0000000000000000 0xffffffffffffffff

Linker script and memory map

LOAD /usr/local/Cellar/arm-none-eabi-gcc/10.3-2021.07/gcc/bin/../lib/gcc/arm-none-eabi/10.3.1/thumb/v6-m/nofp/crti.o
LOAD /usr/local/Cellar/arm-none-eabi-gcc/10.3-2021.07/gcc/bin/../lib/gcc/arm-none-eabi/10.3.1/thumb/v6-m/nofp/crtbegin.o
LOAD /usr/local/Cellar/arm-none-eabi-gcc/10.3-2021.07/gcc/bin/../lib/gcc/arm-none-eabi/10.3.1/../../../../arm-none-eabi/lib/thumb/v6-m/nofp/crt0.o

.flash_begin    0x0000000010000000        0x0
                0x0000000010000000                __flash_binary_start = .

.boot2          0x0000000010000000      0x100
                0x0000000010000000                __boot2_start__ = .
 *(.boot2)
 .boot2         0x0000000010000000      0x100 /var/folders/y0/28rp2c3j6f9cfy_bhllm4c5m0000gn/T//ccPLqQN1.o
                0x0000000010000100                __boot2_end__ = .
                0x0000000000000001                ASSERT (((__boot2_end__ - __boot2_start__) == 0x100), ERROR: Pico second stage bootloader must be 256 bytes in size)

.text           0x0000000010000100     0xd7f8
                0x0000000010000100                __logical_binary_start = .
 *(.vectors)
 .vectors       0x0000000010000100       0xd4 CMakeFiles/serial.dir/Users/dirtyryguy/pico/pico-sdk/src/rp2_common/pico_standard_link/crt0.S.obj
                0x0000000010000100                __VECTOR_TABLE
                0x0000000010000100                __vectors
                0x00000000100001c0                __default_isrs_start
                0x00000000100001c0                isr_invalid
                0x00000000100001c2                isr_nmi
                0x00000000100001c4                isr_hardfault
                0x00000000100001c6                isr_svcall
                0x00000000100001c8                isr_pendsv
                0x00000000100001ca                isr_systick
                0x00000000100001cc                isr_irq28
                0x00000000100001cc                isr_irq19
                0x00000000100001cc                isr_irq0
                0x00000000100001cc                isr_irq6
                0x00000000100001cc                isr_irq22
                0x00000000100001cc                isr_irq17
                0x00000000100001cc                isr_irq14
                0x00000000100001cc                isr_irq2
                0x00000000100001cc                isr_irq10
                0x00000000100001cc                isr_irq8
                0x00000000100001cc                isr_irq24
                0x00000000100001cc                isr_irq1
                0x00000000100001cc                isr_irq7
                0x00000000100001cc                isr_irq21
                0x00000000100001cc                isr_irq20
                0x00000000100001cc                isr_irq15
                0x00000000100001cc                isr_irq25
                0x00000000100001cc                isr_irq4
                0x00000000100001cc                isr_irq16
                0x00000000100001cc                isr_irq29
                0x00000000100001cc                isr_irq26
                0x00000000100001cc                __default_isrs_end
                0x00000000100001cc                isr_irq3
                0x00000000100001cc                isr_irq9
                0x00000000100001cc                __unhandled_user_irq
                0x00000000100001cc                isr_irq13
                0x00000000100001cc                isr_irq27
                0x00000000100001cc                isr_irq31
                0x00000000100001cc                isr_irq5
                0x00000000100001cc                isr_irq11
                0x00000000100001cc                isr_irq23
                0x00000000100001cc                isr_irq18
                0x00000000100001cc                isr_irq30
                0x00000000100001cc                isr_irq12
                0x00000000100001d2                unhandled_user_irq_num_in_r0
 *(.binary_info_header)
 .binary_info_header
                0x00000000100001d4       0x14 CMakeFiles/serial.dir/Users/dirtyryguy/pico/pico-sdk/src/rp2_common/pico_standard_link/crt0.S.obj
                0x00000000100001e8                __binary_info_header_end = .
 *(.reset)
 .reset         0x00000000100001e8       0xa8 CMakeFiles/serial.dir/Users/dirtyryguy/pico/pico-sdk/src/rp2_common/pico_standard_link/crt0.S.obj
                0x00000000100001e8                _entry_point
                0x0000000010000266                __get_current_exception
 .reset         0x0000000010000290       0x30 CMakeFiles/serial.dir/Users/dirtyryguy/pico/pico-sdk/src/rp2_common/pico_standard_link/binary_info.c.obj
 *(.init)
 .init          0x00000000100002c0        0x4 /usr/local/Cellar/arm-none-eabi-gcc/10.3-2021.07/gcc/bin/../lib/gcc/arm-none-eabi/10.3.1/thumb/v6-m/nofp/crti.o
                0x00000000100002c0                _init
 *(EXCLUDE_FILE(*libm.a: *libc.a:*lib_a-mem*.o *libgcc.a:) .text*)
 .text          0x00000000100002c4       0x48 /usr/local/Cellar/arm-none-eabi-gcc/10.3-2021.07/gcc/bin/../lib/gcc/arm-none-eabi/10.3.1/thumb/v6-m/nofp/crtbegin.o
 .text.core1_entry
                0x000000001000030c       0x5c CMakeFiles/serial.dir/serial.c.obj
                0x000000001000030c                core1_entry
 .text.init_stepper
                0x0000000010000368       0x5c CMakeFiles/serial.dir/serial.c.obj
                0x0000000010000368                init_stepper
 .text.startup.main
                0x00000000100003c4      0x648 CMakeFiles/serial.dir/serial.c.obj
                0x00000000100003c4                main
 .text.gpio_set_pulls
                0x0000000010000a0c       0x30 CMakeFiles/serial.dir/Users/dirtyryguy/pico/pico-sdk/src/rp2_common/hardware_gpio/gpio.c.obj
                0x0000000010000a0c                gpio_set_pulls
 .text.gpio_init
                0x0000000010000a3c       0x3c CMakeFiles/serial.dir/Users/dirtyryguy/pico/pico-sdk/src/rp2_common/hardware_gpio/gpio.c.obj
                0x0000000010000a3c                gpio_init
 .text.hw_claim_or_assert
                0x0000000010000a78       0x44 CMakeFiles/serial.dir/Users/dirtyryguy/pico/pico-sdk/src/rp2_common/hardware_claim/claim.c.obj
                0x0000000010000a78                hw_claim_or_assert
 .text.hw_claim_unused_from_range
                0x0000000010000abc       0x9c CMakeFiles/serial.dir/Users/dirtyryguy/pico/pico-sdk/src/rp2_common/hardware_claim/claim.c.obj
                0x0000000010000abc                hw_claim_unused_from_range
 .text.running_on_fpga
                0x0000000010000b58       0x10 CMakeFiles/serial.dir/Users/dirtyryguy/pico/pico-sdk/src/rp2_common/pico_platform/platform.c.obj
                0x0000000010000b58                running_on_fpga
 .text.spin_locks_reset
                0x0000000010000b68       0x1c CMakeFiles/serial.dir/Users/dirtyryguy/pico/pico-sdk/src/rp2_common/hardware_sync/sync.c.obj
                0x0000000010000b68                spin_locks_reset
 .text.next_striped_spin_lock_num
                0x0000000010000b84       0x18 CMakeFiles/serial.dir/Users/dirtyryguy/pico/pico-sdk/src/rp2_common/hardware_sync/sync.c.obj
                0x0000000010000b84                next_striped_spin_lock_num
 .text.spin_lock_claim_unused
                0x0000000010000b9c       0x20 CMakeFiles/serial.dir/Users/dirtyryguy/pico/pico-sdk/src/rp2_common/hardware_sync/sync.c.obj
                0x0000000010000b9c                spin_lock_claim_unused
 .text.irq_set_enabled
                0x0000000010000bbc       0x24 CMakeFiles/serial.dir/Users/dirtyryguy/pico/pico-sdk/src/rp2_common/hardware_irq/irq.c.obj
                0x0000000010000bbc                irq_set_enabled
 .text.irq_is_enabled
                0x0000000010000be0       0x18 CMakeFiles/serial.dir/Users/dirtyryguy/pico/pico-sdk/src/rp2_common/hardware_irq/irq.c.obj
                0x0000000010000be0                irq_is_enabled
 .text.irq_set_pending
                0x0000000010000bf8       0x10 CMakeFiles/serial.dir/Users/dirtyryguy/pico/pico-sdk/src/rp2_common/hardware_irq/irq.c.obj
                0x0000000010000bf8                irq_set_pending
 .text.irq_has_shared_handler
                0x0000000010000c08       0x2c CMakeFiles/serial.dir/Users/dirtyryguy/pico/pico-sdk/src/rp2_common/hardware_irq/irq.c.obj
                0x0000000010000c08                irq_has_shared_handler
 .text.irq_get_vtable_handler
                0x0000000010000c34       0x10 CMakeFiles/serial.dir/Users/dirtyryguy/pico/pico-sdk/src/rp2_common/hardware_irq/irq.c.obj
                0x0000000010000c34                irq_get_vtable_handler
 .text.irq_set_exclusive_handler
                0x0000000010000c44       0x54 CMakeFiles/serial.dir/Users/dirtyryguy/pico/pico-sdk/src/rp2_common/hardware_irq/irq.c.obj
                0x0000000010000c44                irq_set_exclusive_handler
 .text.irq_add_shared_handler
                0x0000000010000c98      0x1e4 CMakeFiles/serial.dir/Users/dirtyryguy/pico/pico-sdk/src/rp2_common/hardware_irq/irq.c.obj
                0x0000000010000c98                irq_add_shared_handler
 .text.irq_remove_handler
                0x0000000010000e7c      0x1b4 CMakeFiles/serial.dir/Users/dirtyryguy/pico/pico-sdk/src/rp2_common/hardware_irq/irq.c.obj
                0x0000000010000e7c                irq_remove_handler
 .text.irq_add_tail_to_free_list
                0x0000000010001030       0xb4 CMakeFiles/serial.dir/Users/dirtyryguy/pico/pico-sdk/src/rp2_common/hardware_irq/irq.c.obj
                0x0000000010001030                irq_add_tail_to_free_list
 .text.irq_init_priorities
                0x00000000100010e4       0x24 CMakeFiles/serial.dir/Users/dirtyryguy/pico/pico-sdk/src/rp2_common/hardware_irq/irq.c.obj
                0x00000000100010e4                irq_init_priorities
 .text.user_irq_claim_unused
                0x0000000010001108       0x30 CMakeFiles/serial.dir/Users/dirtyryguy/pico/pico-sdk/src/rp2_common/hardware_irq/irq.c.obj
                0x0000000010001108                user_irq_claim_unused
 .text.lock_init
                0x0000000010001138       0x10 CMakeFiles/serial.dir/Users/dirtyryguy/pico/pico-sdk/src/common/pico_sync/lock_core.c.obj
                0x0000000010001138                lock_init
 .text.timer_pool_entry_comparator
                0x0000000010001148       0x34 CMakeFiles/serial.dir/Users/dirtyryguy/pico/pico-sdk/src/common/pico_time/time.c.obj
                0x0000000010001148                timer_pool_entry_comparator
 .text.sleep_until_callback
                0x000000001000117c       0x30 CMakeFiles/serial.dir/Users/dirtyryguy/pico/pico-sdk/src/common/pico_time/time.c.obj
 .text.add_alarm_under_lock.isra.0
                0x00000000100011ac      0x100 CMakeFiles/serial.dir/Users/dirtyryguy/pico/pico-sdk/src/common/pico_time/time.c.obj
 .text.alarm_pool_alarm_callback
                0x00000000100012ac      0x1c8 CMakeFiles/serial.dir/Users/dirtyryguy/pico/pico-sdk/src/common/pico_time/time.c.obj
 .text.alarm_pool_add_alarm_at.constprop.0
                0x0000000010001474      0x11c CMakeFiles/serial.dir/Users/dirtyryguy/pico/pico-sdk/src/common/pico_time/time.c.obj
 .text.alarm_pool_init_default
                0x0000000010001590       0x64 CMakeFiles/serial.dir/Users/dirtyryguy/pico/pico-sdk/src/common/pico_time/time.c.obj
                0x0000000010001590                alarm_pool_init_default
 .text.alarm_pool_get_default
                0x00000000100015f4        0x8 CMakeFiles/serial.dir/Users/dirtyryguy/pico/pico-sdk/src/common/pico_time/time.c.obj
                0x00000000100015f4                alarm_pool_get_default
 .text.alarm_pool_add_alarm_at
                0x00000000100015fc      0x194 CMakeFiles/serial.dir/Users/dirtyryguy/pico/pico-sdk/src/common/pico_time/time.c.obj
                0x00000000100015fc                alarm_pool_add_alarm_at
 .text.sleep_until
                0x0000000010001790       0xac CMakeFiles/serial.dir/Users/dirtyryguy/pico/pico-sdk/src/common/pico_time/time.c.obj
                0x0000000010001790                sleep_until
 .text.sleep_us
                0x000000001000183c       0x30 CMakeFiles/serial.dir/Users/dirtyryguy/pico/pico-sdk/src/common/pico_time/time.c.obj
                0x000000001000183c                sleep_us
 .text.sleep_ms
                0x000000001000186c       0x38 CMakeFiles/serial.dir/Users/dirtyryguy/pico/pico-sdk/src/common/pico_time/time.c.obj
                0x000000001000186c                sleep_ms
 .text.best_effort_wfe_or_timeout
                0x00000000100018a4       0xd4 CMakeFiles/serial.dir/Users/dirtyryguy/pico/pico-sdk/src/common/pico_time/time.c.obj
                0x00000000100018a4                best_effort_wfe_or_timeout
 .text.hardware_alarm_irq_handler
                0x0000000010001978       0xb8 CMakeFiles/serial.dir/Users/dirtyryguy/pico/pico-sdk/src/rp2_common/hardware_timer/timer.c.obj
 .text.hardware_alarm_claim
                0x0000000010001a30       0x18 CMakeFiles/serial.dir/Users/dirtyryguy/pico/pico-sdk/src/rp2_common/hardware_timer/timer.c.obj
                0x0000000010001a30                hardware_alarm_claim
 .text.time_us_64
                0x0000000010001a48       0x14 CMakeFiles/serial.dir/Users/dirtyryguy/pico/pico-sdk/src/rp2_common/hardware_timer/timer.c.obj
                0x0000000010001a48                time_us_64
 .text.busy_wait_us
                0x0000000010001a5c       0x54 CMakeFiles/serial.dir/Users/dirtyryguy/pico/pico-sdk/src/rp2_common/hardware_timer/timer.c.obj
                0x0000000010001a5c                busy_wait_us
 .text.busy_wait_until
                0x0000000010001ab0       0x20 CMakeFiles/serial.dir/Users/dirtyryguy/pico/pico-sdk/src/rp2_common/hardware_timer/timer.c.obj
                0x0000000010001ab0                busy_wait_until
 .text.hardware_alarm_set_callback
                0x0000000010001ad0       0x8c CMakeFiles/serial.dir/Users/dirtyryguy/pico/pico-sdk/src/rp2_common/hardware_timer/timer.c.obj
                0x0000000010001ad0                hardware_alarm_set_callback
 .text.hardware_alarm_set_target
                0x0000000010001b5c       0xe0 CMakeFiles/serial.dir/Users/dirtyryguy/pico/pico-sdk/src/rp2_common/hardware_timer/timer.c.obj
                0x0000000010001b5c                hardware_alarm_set_target
 .text.hardware_alarm_cancel
                0x0000000010001c3c       0x3c CMakeFiles/serial.dir/Users/dirtyryguy/pico/pico-sdk/src/rp2_common/hardware_timer/timer.c.obj
                0x0000000010001c3c                hardware_alarm_cancel
 .text.ph_merge_nodes
                0x0000000010001c78       0x68 CMakeFiles/serial.dir/Users/dirtyryguy/pico/pico-sdk/src/common/pico_util/pheap.c.obj
 .text.ph_post_alloc_init
                0x0000000010001ce0       0x3c CMakeFiles/serial.dir/Users/dirtyryguy/pico/pico-sdk/src/common/pico_util/pheap.c.obj
                0x0000000010001ce0                ph_post_alloc_init
 .text.ph_merge_two_pass
                0x0000000010001d1c       0x90 CMakeFiles/serial.dir/Users/dirtyryguy/pico/pico-sdk/src/common/pico_util/pheap.c.obj
                0x0000000010001d1c                ph_merge_two_pass
 .text.ph_remove_any_head
                0x0000000010001dac       0xf8 CMakeFiles/serial.dir/Users/dirtyryguy/pico/pico-sdk/src/common/pico_util/pheap.c.obj
 .text.ph_remove_head
                0x0000000010001ea4       0xfc CMakeFiles/serial.dir/Users/dirtyryguy/pico/pico-sdk/src/common/pico_util/pheap.c.obj
                0x0000000010001ea4                ph_remove_head
 .text.ph_remove_and_free_node
                0x0000000010001fa0       0x7c CMakeFiles/serial.dir/Users/dirtyryguy/pico/pico-sdk/src/common/pico_util/pheap.c.obj
                0x0000000010001fa0                ph_remove_and_free_node
 .text.mutex_init
                0x000000001000201c       0x1c CMakeFiles/serial.dir/Users/dirtyryguy/pico/pico-sdk/src/common/pico_sync/mutex.c.obj
                0x000000001000201c                mutex_init
 .text.recursive_mutex_init
                0x0000000010002038       0x1c CMakeFiles/serial.dir/Users/dirtyryguy/pico/pico-sdk/src/common/pico_sync/mutex.c.obj
                0x0000000010002038                recursive_mutex_init
 .text.critical_section_init
                0x0000000010002054       0x20 CMakeFiles/serial.dir/Users/dirtyryguy/pico/pico-sdk/src/common/pico_sync/critical_section.c.obj
                0x0000000010002054                critical_section_init
 .text.runtime_init
                0x0000000010002074       0xf0 CMakeFiles/serial.dir/Users/dirtyryguy/pico/pico-sdk/src/rp2_common/pico_runtime/runtime.c.obj
                0x0000000010002074                runtime_init
 .text._sbrk    0x0000000010002164       0x34 CMakeFiles/serial.dir/Users/dirtyryguy/pico/pico-sdk/src/rp2_common/pico_runtime/runtime.c.obj
                0x0000000010002164                _sbrk
 .text.exit     0x0000000010002198        0x4 CMakeFiles/serial.dir/Users/dirtyryguy/pico/pico-sdk/src/rp2_common/pico_runtime/runtime.c.obj
                0x0000000010002198                exit
 .text.__assert_func
                0x000000001000219c       0x34 CMakeFiles/serial.dir/Users/dirtyryguy/pico/pico-sdk/src/rp2_common/pico_runtime/runtime.c.obj
                0x000000001000219c                __assert_func
 .text.panic    0x00000000100021d0       0x30 CMakeFiles/serial.dir/Users/dirtyryguy/pico/pico-sdk/src/rp2_common/pico_runtime/runtime.c.obj
                0x00000000100021d0                panic
 .text.hard_assertion_failure
                0x0000000010002200        0xc CMakeFiles/serial.dir/Users/dirtyryguy/pico/pico-sdk/src/rp2_common/pico_runtime/runtime.c.obj
                0x0000000010002200                hard_assertion_failure
 .text.clocks_init
                0x000000001000220c      0x2bc CMakeFiles/serial.dir/Users/dirtyryguy/pico/pico-sdk/src/rp2_common/hardware_clocks/clocks.c.obj
                0x000000001000220c                clocks_init
 .text.pll_init
                0x00000000100024c8       0xb0 CMakeFiles/serial.dir/Users/dirtyryguy/pico/pico-sdk/src/rp2_common/hardware_pll/pll.c.obj
                0x00000000100024c8                pll_init
 .text.watchdog_start_tick
                0x0000000010002578       0x10 CMakeFiles/serial.dir/Users/dirtyryguy/pico/pico-sdk/src/rp2_common/hardware_watchdog/watchdog.c.obj
                0x0000000010002578                watchdog_start_tick
 .text.watchdog_reboot
                0x0000000010002588       0x98 CMakeFiles/serial.dir/Users/dirtyryguy/pico/pico-sdk/src/rp2_common/hardware_watchdog/watchdog.c.obj
                0x0000000010002588                watchdog_reboot
 .text.xosc_init
                0x0000000010002620       0x28 CMakeFiles/serial.dir/Users/dirtyryguy/pico/pico-sdk/src/rp2_common/hardware_xosc/xosc.c.obj
                0x0000000010002620                xosc_init
 .text._out_buffer
                0x0000000010002648        0x8 CMakeFiles/serial.dir/Users/dirtyryguy/pico/pico-sdk/src/rp2_common/pico_printf/printf.c.obj
 .text._out_null
                0x0000000010002650        0x4 CMakeFiles/serial.dir/Users/dirtyryguy/pico/pico-sdk/src/rp2_common/pico_printf/printf.c.obj
 .text._out_rev
                0x0000000010002654       0x9c CMakeFiles/serial.dir/Users/dirtyryguy/pico/pico-sdk/src/rp2_common/pico_printf/printf.c.obj
 .text._ntoa_format
                0x00000000100026f0      0x1cc CMakeFiles/serial.dir/Users/dirtyryguy/pico/pico-sdk/src/rp2_common/pico_printf/printf.c.obj
 .text._out_char
                0x00000000100028bc       0x10 CMakeFiles/serial.dir/Users/dirtyryguy/pico/pico-sdk/src/rp2_common/pico_printf/printf.c.obj
 .text._out_fct
                0x00000000100028cc       0x10 CMakeFiles/serial.dir/Users/dirtyryguy/pico/pico-sdk/src/rp2_common/pico_printf/printf.c.obj
 .text._etoa    0x00000000100028dc      0x44c CMakeFiles/serial.dir/Users/dirtyryguy/pico/pico-sdk/src/rp2_common/pico_printf/printf.c.obj
 .text._ftoa    0x0000000010002d28      0x398 CMakeFiles/serial.dir/Users/dirtyryguy/pico/pico-sdk/src/rp2_common/pico_printf/printf.c.obj
 .text._vsnprintf
                0x00000000100030c0      0xb04 CMakeFiles/serial.dir/Users/dirtyryguy/pico/pico-sdk/src/rp2_common/pico_printf/printf.c.obj
 .text.__wrap_sprintf
                0x0000000010003bc4       0x28 CMakeFiles/serial.dir/Users/dirtyryguy/pico/pico-sdk/src/rp2_common/pico_printf/printf.c.obj
                0x0000000010003bc4                __wrap_sprintf
 .text.vfctprintf
                0x0000000010003bec       0x20 CMakeFiles/serial.dir/Users/dirtyryguy/pico/pico-sdk/src/rp2_common/pico_printf/printf.c.obj
                0x0000000010003bec                vfctprintf
 .text.weak_raw_printf
                0x0000000010003c0c       0x40 CMakeFiles/serial.dir/Users/dirtyryguy/pico/pico-sdk/src/rp2_common/pico_printf/printf.c.obj
                0x0000000010003c0c                weak_raw_printf
 .text.weak_raw_vprintf
                0x0000000010003c4c       0x30 CMakeFiles/serial.dir/Users/dirtyryguy/pico/pico-sdk/src/rp2_common/pico_printf/printf.c.obj
                0x0000000010003c4c                weak_raw_vprintf
 .text          0x0000000010003c7c       0x10 CMakeFiles/serial.dir/Users/dirtyryguy/pico/pico-sdk/src/rp2_common/pico_bit_ops/bit_ops_aeabi.S.obj
 .text.rom_func_lookup
                0x0000000010003c8c       0x10 CMakeFiles/serial.dir/Users/dirtyryguy/pico/pico-sdk/src/rp2_common/pico_bootrom/bootrom.c.obj
                0x0000000010003c8c                rom_func_lookup
 .text.rom_data_lookup
                0x0000000010003c9c       0x10 CMakeFiles/serial.dir/Users/dirtyryguy/pico/pico-sdk/src/rp2_common/pico_bootrom/bootrom.c.obj
                0x0000000010003c9c                rom_data_lookup
 .text.rom_funcs_lookup
                0x0000000010003cac       0x44 CMakeFiles/serial.dir/Users/dirtyryguy/pico/pico-sdk/src/rp2_common/pico_bootrom/bootrom.c.obj
                0x0000000010003cac                rom_funcs_lookup
 .text.__wrap___aeabi_idiv
                0x0000000010003cf0       0x50 CMakeFiles/serial.dir/Users/dirtyryguy/pico/pico-sdk/src/rp2_common/pico_divider/divider.S.obj
                0x0000000010003cf0                __wrap___aeabi_idivmod
                0x0000000010003cf0                divmod_s32s32
                0x0000000010003cf0                div_s32s32
                0x0000000010003cf0                __wrap___aeabi_idiv
                0x0000000010003cf8                divmod_s32s32_unsafe
                0x0000000010003d24                divmod_s32s32_savestate
 .text.__wrap___aeabi_uidiv
                0x0000000010003d40       0x4c CMakeFiles/serial.dir/Users/dirtyryguy/pico/pico-sdk/src/rp2_common/pico_divider/divider.S.obj
                0x0000000010003d40                __wrap___aeabi_uidiv
                0x0000000010003d40                __wrap___aeabi_uidivmod
                0x0000000010003d40                div_u32u32
                0x0000000010003d40                divmod_u32u32
                0x0000000010003d48                divmod_u32u32_unsafe
                0x0000000010003d70                divmod_u32u32_savestate
 .text.__wrap___aeabi_ldiv
                0x0000000010003d8c      0x434 CMakeFiles/serial.dir/Users/dirtyryguy/pico/pico-sdk/src/rp2_common/pico_divider/divider.S.obj
                0x0000000010003d8c                __wrap___aeabi_ldivmod
                0x0000000010003d8c                div_s64s64
                0x0000000010003d8c                divmod_s64s64
                0x0000000010003dc4                divmod_u64u64
                0x0000000010003dc4                div_u64u64
                0x0000000010003dc4                __wrap___aeabi_uldivmod
                0x0000000010003dd4                divmod_u64u64_savestate
                0x0000000010003dfc                divmod_s64s64_unsafe
                0x0000000010003e84                divmod_u64u64_unsafe
 .text.__wrap___aeabi_darithmetic
                0x00000000100041c0       0x80 CMakeFiles/serial.dir/Users/dirtyryguy/pico/pico-sdk/src/rp2_common/pico_double/double_aeabi.S.obj
                0x00000000100041c0                __wrap___aeabi_drsub
                0x00000000100041c6                __wrap___aeabi_dsub
                0x00000000100041d8                __wrap___aeabi_dadd
                0x00000000100041ea                __wrap___aeabi_ddiv
                0x0000000010004226                __wrap___aeabi_dmul
 .text.__wrap___aeabi_cdcmple
                0x0000000010004240       0x6c CMakeFiles/serial.dir/Users/dirtyryguy/pico/pico-sdk/src/rp2_common/pico_double/double_aeabi.S.obj
                0x0000000010004240                __wrap___aeabi_cdrcmple
                0x0000000010004250                __wrap___aeabi_cdcmple
                0x0000000010004250                __wrap___aeabi_cdcmpeq
 .text.__wrap___aeabi_dcmpeq
                0x00000000100042ac       0x10 CMakeFiles/serial.dir/Users/dirtyryguy/pico/pico-sdk/src/rp2_common/pico_double/double_aeabi.S.obj
                0x00000000100042ac                __wrap___aeabi_dcmpeq
 .text.__wrap___aeabi_dcmplt
                0x00000000100042bc        0xc CMakeFiles/serial.dir/Users/dirtyryguy/pico/pico-sdk/src/rp2_common/pico_double/double_aeabi.S.obj
                0x00000000100042bc                __wrap___aeabi_dcmplt
 .text.__wrap___aeabi_dcmple
                0x00000000100042c8       0x10 CMakeFiles/serial.dir/Users/dirtyryguy/pico/pico-sdk/src/rp2_common/pico_double/double_aeabi.S.obj
                0x00000000100042c8                __wrap___aeabi_dcmple
 .text.__wrap___aeabi_dcmpge
                0x00000000100042d8       0x10 CMakeFiles/serial.dir/Users/dirtyryguy/pico/pico-sdk/src/rp2_common/pico_double/double_aeabi.S.obj
                0x00000000100042d8                __wrap___aeabi_dcmpge
 .text.__wrap___aeabi_dcmpgt
                0x00000000100042e8        0xa CMakeFiles/serial.dir/Users/dirtyryguy/pico/pico-sdk/src/rp2_common/pico_double/double_aeabi.S.obj
                0x00000000100042e8                __wrap___aeabi_dcmpgt
 .text.__wrap___aeabi_dcmpun
                0x00000000100042f2       0x1c CMakeFiles/serial.dir/Users/dirtyryguy/pico/pico-sdk/src/rp2_common/pico_double/double_aeabi.S.obj
                0x00000000100042f2                __wrap___aeabi_dcmpun
 *fill*         0x000000001000430e        0x2 
 .text.__wrap___aeabi_i2d
                0x0000000010004310       0x38 CMakeFiles/serial.dir/Users/dirtyryguy/pico/pico-sdk/src/rp2_common/pico_double/double_aeabi.S.obj
                0x0000000010004310                __wrap___aeabi_ui2d
                0x0000000010004318                __wrap___aeabi_i2d
 .text.__wrap___aeabi_d2iz
                0x0000000010004348       0x48 CMakeFiles/serial.dir/Users/dirtyryguy/pico/pico-sdk/src/rp2_common/pico_double/double_aeabi.S.obj
                0x0000000010004348                __wrap___aeabi_d2iz
                0x0000000010004348                double2int_z
 .text.__wrap___aeabi_d2uiz
                0x0000000010004390       0x18 CMakeFiles/serial.dir/Users/dirtyryguy/pico/pico-sdk/src/rp2_common/pico_double/double_aeabi.S.obj
                0x0000000010004390                double2uint
                0x0000000010004390                __wrap___aeabi_d2uiz
 .text.__wrap___aeabi_l2d
                0x00000000100043a8       0x18 CMakeFiles/serial.dir/Users/dirtyryguy/pico/pico-sdk/src/rp2_common/pico_double/double_aeabi.S.obj
                0x00000000100043a8                __wrap___aeabi_l2d
 .text.__wrap___aeabi_d2lz
                0x00000000100043c0       0x26 CMakeFiles/serial.dir/Users/dirtyryguy/pico/pico-sdk/src/rp2_common/pico_double/double_aeabi.S.obj
                0x00000000100043c0                __wrap___aeabi_d2lz
                0x00000000100043c0                double2int64_z
 *fill*         0x00000000100043e6        0x2 
 .text.double2int64
                0x00000000100043e8       0x18 CMakeFiles/serial.dir/Users/dirtyryguy/pico/pico-sdk/src/rp2_common/pico_double/double_aeabi.S.obj
                0x00000000100043e8                double2int64
 .text.double2ufix64
                0x0000000010004400       0x18 CMakeFiles/serial.dir/Users/dirtyryguy/pico/pico-sdk/src/rp2_common/pico_double/double_aeabi.S.obj
                0x0000000010004400                double2ufix64
 .text.__wrap___aeabi_d2f
                0x0000000010004418       0x18 CMakeFiles/serial.dir/Users/dirtyryguy/pico/pico-sdk/src/rp2_common/pico_double/double_aeabi.S.obj
                0x0000000010004418                __wrap___aeabi_d2f
 .text.__aeabi_double_init
                0x0000000010004430       0x94 CMakeFiles/serial.dir/Users/dirtyryguy/pico/pico-sdk/src/rp2_common/pico_double/double_init_rom.c.obj
                0x0000000010004430                __aeabi_double_init
 .text.double_table_shim_on_use_helper
                0x00000000100044c4       0x2c CMakeFiles/serial.dir/Users/dirtyryguy/pico/pico-sdk/src/rp2_common/pico_double/double_v1_rom_shim.S.obj
                0x00000000100044c4                double_table_shim_on_use_helper
 .text.__wrap___aeabi_dsub
                0x00000000100044f0       0x10 CMakeFiles/serial.dir/Users/dirtyryguy/pico/pico-sdk/src/rp2_common/pico_double/double_v1_rom_shim.S.obj
                0x00000000100044f0                drsub_shim
                0x00000000100044f6                dsub_shim
 .text.dadd_shim
                0x0000000010004500      0x15c CMakeFiles/serial.dir/Users/dirtyryguy/pico/pico-sdk/src/rp2_common/pico_double/double_v1_rom_shim.S.obj
                0x0000000010004500                dadd_shim
 .text.dmul_shim
                0x000000001000465c      0x15c CMakeFiles/serial.dir/Users/dirtyryguy/pico/pico-sdk/src/rp2_common/pico_double/double_v1_rom_shim.S.obj
                0x000000001000465c                dmul_shim
 .text.ddiv_shim
                0x00000000100047b8      0x1b0 CMakeFiles/serial.dir/Users/dirtyryguy/pico/pico-sdk/src/rp2_common/pico_double/double_v1_rom_shim.S.obj
                0x00000000100047b8                ddiv_shim
 .text.double2uint_shim
                0x0000000010004968        0xe CMakeFiles/serial.dir/Users/dirtyryguy/pico/pico-sdk/src/rp2_common/pico_double/double_v1_rom_shim.S.obj
                0x0000000010004968                double2uint_shim
                0x000000001000496a                double2ufix_shim
 .text.double2int64_shim
                0x0000000010004976       0x1a CMakeFiles/serial.dir/Users/dirtyryguy/pico/pico-sdk/src/rp2_common/pico_double/double_v1_rom_shim.S.obj
                0x0000000010004976                double2int64_shim
                0x0000000010004978                double2fix64_shim
 .text.double2uint64_shim
                0x0000000010004990       0x70 CMakeFiles/serial.dir/Users/dirtyryguy/pico/pico-sdk/src/rp2_common/pico_double/double_v1_rom_shim.S.obj
                0x0000000010004990                double2uint64_shim
                0x0000000010004992                double2ufix64_shim
                0x00000000100049b2                d2fix_a
 .text.double2float_shim
                0x0000000010004a00       0x5c CMakeFiles/serial.dir/Users/dirtyryguy/pico/pico-sdk/src/rp2_common/pico_double/double_v1_rom_shim.S.obj
                0x0000000010004a00                double2float_shim
 .text.x2double_shims
                0x0000000010004a5c       0x90 CMakeFiles/serial.dir/Users/dirtyryguy/pico/pico-sdk/src/rp2_common/pico_double/double_v1_rom_shim.S.obj
                0x0000000010004a5c                uint2double_shim
                0x0000000010004a5e                ufix2double_shim
                0x0000000010004a64                int2double_shim
                0x0000000010004a66                fix2double_shim
                0x0000000010004a6c                uint642double_shim
                0x0000000010004a6e                ufix642double_shim
                0x0000000010004a74                int642double_shim
                0x0000000010004a76                fix642double_shim
 .text.dunpacks
                0x0000000010004aec       0x3c CMakeFiles/serial.dir/Users/dirtyryguy/pico/pico-sdk/src/rp2_common/pico_double/double_v1_rom_shim.S.obj
                0x0000000010004aec                dunpacks
 .text.__aeabi_lmul
                0x0000000010004b28       0x32 CMakeFiles/serial.dir/Users/dirtyryguy/pico/pico-sdk/src/rp2_common/pico_int64_ops/pico_int64_ops_aeabi.S.obj
                0x0000000010004b28                __wrap___aeabi_lmul
 *fill*         0x0000000010004b5a        0x2 
 .text.__aeabi_float_init
                0x0000000010004b5c       0x64 CMakeFiles/serial.dir/Users/dirtyryguy/pico/pico-sdk/src/rp2_common/pico_float/float_init_rom.c.obj
                0x0000000010004b5c                __aeabi_float_init
 .text.float_table_shim_on_use_helper
                0x0000000010004bc0       0x2c CMakeFiles/serial.dir/Users/dirtyryguy/pico/pico-sdk/src/rp2_common/pico_float/float_v1_rom_shim.S.obj
                0x0000000010004bc0                float_table_shim_on_use_helper
 .text.__wrap_malloc
                0x0000000010004bec       0x3c CMakeFiles/serial.dir/Users/dirtyryguy/pico/pico-sdk/src/rp2_common/pico_malloc/pico_malloc.c.obj
                0x0000000010004bec                __wrap_malloc
 .text.__wrap_realloc
                0x0000000010004c28       0x40 CMakeFiles/serial.dir/Users/dirtyryguy/pico/pico-sdk/src/rp2_common/pico_malloc/pico_malloc.c.obj
                0x0000000010004c28                __wrap_realloc
 .text.__wrap_free
                0x0000000010004c68       0x20 CMakeFiles/serial.dir/Users/dirtyryguy/pico/pico-sdk/src/rp2_common/pico_malloc/pico_malloc.c.obj
                0x0000000010004c68                __wrap_free
 .text          0x0000000010004c88       0x10 CMakeFiles/serial.dir/Users/dirtyryguy/pico/pico-sdk/src/rp2_common/pico_mem_ops/mem_ops_aeabi.S.obj
                0x0000000010004c88                __aeabi_mem_init
 .text.memset   0x0000000010004c98        0xc CMakeFiles/serial.dir/Users/dirtyryguy/pico/pico-sdk/src/rp2_common/pico_mem_ops/mem_ops_aeabi.S.obj
                0x0000000010004c98                __wrap_memset
 .text.memcpy   0x0000000010004ca4        0xc CMakeFiles/serial.dir/Users/dirtyryguy/pico/pico-sdk/src/rp2_common/pico_mem_ops/mem_ops_aeabi.S.obj
                0x0000000010004ca4                __wrap___aeabi_memcpy
                0x0000000010004ca4                __wrap_memcpy
 .text.stdio_out_chars_no_crlf
                0x0000000010004cb0       0x10 CMakeFiles/serial.dir/Users/dirtyryguy/pico/pico-sdk/src/rp2_common/pico_stdio/stdio.c.obj
 .text.stdio_out_chars_crlf
                0x0000000010004cc0       0xb4 CMakeFiles/serial.dir/Users/dirtyryguy/pico/pico-sdk/src/rp2_common/pico_stdio/stdio.c.obj
 .text.stdio_buffered_printer
                0x0000000010004d74       0x64 CMakeFiles/serial.dir/Users/dirtyryguy/pico/pico-sdk/src/rp2_common/pico_stdio/stdio.c.obj
 .text.stdio_put_string.isra.0
                0x0000000010004dd8       0xfc CMakeFiles/serial.dir/Users/dirtyryguy/pico/pico-sdk/src/rp2_common/pico_stdio/stdio.c.obj
 .text.__wrap_putchar
                0x0000000010004ed4       0xa0 CMakeFiles/serial.dir/Users/dirtyryguy/pico/pico-sdk/src/rp2_common/pico_stdio/stdio.c.obj
                0x0000000010004ed4                __wrap_putchar
 .text.__wrap_puts
                0x0000000010004f74       0x3c CMakeFiles/serial.dir/Users/dirtyryguy/pico/pico-sdk/src/rp2_common/pico_stdio/stdio.c.obj
                0x0000000010004f74                __wrap_puts
 .text._read    0x0000000010004fb0       0x94 CMakeFiles/serial.dir/Users/dirtyryguy/pico/pico-sdk/src/rp2_common/pico_stdio/stdio.c.obj
                0x0000000010004fb0                _read
 .text._write   0x0000000010005044       0xb0 CMakeFiles/serial.dir/Users/dirtyryguy/pico/pico-sdk/src/rp2_common/pico_stdio/stdio.c.obj
                0x0000000010005044                _write
 .text.stdio_set_driver_enabled
                0x00000000100050f4       0x30 CMakeFiles/serial.dir/Users/dirtyryguy/pico/pico-sdk/src/rp2_common/pico_stdio/stdio.c.obj
                0x00000000100050f4                stdio_set_driver_enabled
 .text.__wrap_vprintf
                0x0000000010005124       0xd8 CMakeFiles/serial.dir/Users/dirtyryguy/pico/pico-sdk/src/rp2_common/pico_stdio/stdio.c.obj
                0x0000000010005124                __wrap_vprintf
 .text.__wrap_printf
                0x00000000100051fc       0x18 CMakeFiles/serial.dir/Users/dirtyryguy/pico/pico-sdk/src/rp2_common/pico_stdio/stdio.c.obj
                0x00000000100051fc                __wrap_printf
 .text.stdio_init_all
                0x0000000010005214        0x8 CMakeFiles/serial.dir/Users/dirtyryguy/pico/pico-sdk/src/rp2_common/pico_stdio/stdio.c.obj
                0x0000000010005214                stdio_init_all
 .text.resetd_init
                0x000000001000521c        0x4 CMakeFiles/serial.dir/Users/dirtyryguy/pico/pico-sdk/src/rp2_common/pico_stdio_usb/reset_interface.c.obj
 .text.resetd_reset
                0x0000000010005220        0xc CMakeFiles/serial.dir/Users/dirtyryguy/pico/pico-sdk/src/rp2_common/pico_stdio_usb/reset_interface.c.obj
 .text.resetd_open
                0x000000001000522c       0x28 CMakeFiles/serial.dir/Users/dirtyryguy/pico/pico-sdk/src/rp2_common/pico_stdio_usb/reset_interface.c.obj
 .text.resetd_xfer_cb
                0x0000000010005254        0x4 CMakeFiles/serial.dir/Users/dirtyryguy/pico/pico-sdk/src/rp2_common/pico_stdio_usb/reset_interface.c.obj
 .text.resetd_control_xfer_cb
                0x0000000010005258       0x64 CMakeFiles/serial.dir/Users/dirtyryguy/pico/pico-sdk/src/rp2_common/pico_stdio_usb/reset_interface.c.obj
 .text.usbd_app_driver_get_cb
                0x00000000100052bc        0xc CMakeFiles/serial.dir/Users/dirtyryguy/pico/pico-sdk/src/rp2_common/pico_stdio_usb/reset_interface.c.obj
                0x00000000100052bc                usbd_app_driver_get_cb
 .text.tud_cdc_line_coding_cb
                0x00000000100052c8       0x34 CMakeFiles/serial.dir/Users/dirtyryguy/pico/pico-sdk/src/rp2_common/pico_stdio_usb/reset_interface.c.obj
                0x00000000100052c8                tud_cdc_line_coding_cb
 .text.stdio_usb_in_chars
                0x00000000100052fc       0x68 CMakeFiles/serial.dir/Users/dirtyryguy/pico/pico-sdk/src/rp2_common/pico_stdio_usb/stdio_usb.c.obj
                0x00000000100052fc                stdio_usb_in_chars
 .text.stdio_usb_out_chars
                0x0000000010005364       0xe4 CMakeFiles/serial.dir/Users/dirtyryguy/pico/pico-sdk/src/rp2_common/pico_stdio_usb/stdio_usb.c.obj
 .text.timer_task
                0x0000000010005448       0x18 CMakeFiles/serial.dir/Users/dirtyryguy/pico/pico-sdk/src/rp2_common/pico_stdio_usb/stdio_usb.c.obj
 .text.usb_irq  0x0000000010005460       0x10 CMakeFiles/serial.dir/Users/dirtyryguy/pico/pico-sdk/src/rp2_common/pico_stdio_usb/stdio_usb.c.obj
 .text.low_priority_worker_irq
                0x0000000010005470       0x24 CMakeFiles/serial.dir/Users/dirtyryguy/pico/pico-sdk/src/rp2_common/pico_stdio_usb/stdio_usb.c.obj
 .text.stdio_usb_init
                0x0000000010005494       0xb0 CMakeFiles/serial.dir/Users/dirtyryguy/pico/pico-sdk/src/rp2_common/pico_stdio_usb/stdio_usb.c.obj
                0x0000000010005494                stdio_usb_init
 .text.stdio_usb_connected
                0x0000000010005544        0xc CMakeFiles/serial.dir/Users/dirtyryguy/pico/pico-sdk/src/rp2_common/pico_stdio_usb/stdio_usb.c.obj
                0x0000000010005544                stdio_usb_connected
 .text.tud_descriptor_device_cb
                0x0000000010005550        0x8 CMakeFiles/serial.dir/Users/dirtyryguy/pico/pico-sdk/src/rp2_common/pico_stdio_usb/stdio_usb_descriptors.c.obj
                0x0000000010005550                tud_descriptor_device_cb
 .text.tud_descriptor_configuration_cb
                0x0000000010005558        0x8 CMakeFiles/serial.dir/Users/dirtyryguy/pico/pico-sdk/src/rp2_common/pico_stdio_usb/stdio_usb_descriptors.c.obj
                0x0000000010005558                tud_descriptor_configuration_cb
 .text.tud_descriptor_string_cb
                0x0000000010005560       0x74 CMakeFiles/serial.dir/Users/dirtyryguy/pico/pico-sdk/src/rp2_common/pico_stdio_usb/stdio_usb_descriptors.c.obj
                0x0000000010005560                tud_descriptor_string_cb
 .text.dcd_rp2040_irq
                0x00000000100055d4      0x21c CMakeFiles/serial.dir/Users/dirtyryguy/pico/pico-sdk/lib/tinyusb/src/portable/raspberrypi/rp2040/dcd_rp2040.c.obj
 .text.dcd_int_enable
                0x00000000100057f0        0xc CMakeFiles/serial.dir/Users/dirtyryguy/pico/pico-sdk/lib/tinyusb/src/portable/raspberrypi/rp2040/dcd_rp2040.c.obj
                0x00000000100057f0                dcd_int_enable
 .text.dcd_set_address
                0x00000000100057fc       0x14 CMakeFiles/serial.dir/Users/dirtyryguy/pico/pico-sdk/lib/tinyusb/src/portable/raspberrypi/rp2040/dcd_rp2040.c.obj
                0x00000000100057fc                dcd_set_address
 .text.dcd_connect
                0x0000000010005810       0x10 CMakeFiles/serial.dir/Users/dirtyryguy/pico/pico-sdk/lib/tinyusb/src/portable/raspberrypi/rp2040/dcd_rp2040.c.obj
                0x0000000010005810                dcd_connect
 .text.dcd_init
                0x0000000010005820      0x144 CMakeFiles/serial.dir/Users/dirtyryguy/pico/pico-sdk/lib/tinyusb/src/portable/raspberrypi/rp2040/dcd_rp2040.c.obj
                0x0000000010005820                dcd_init
 .text.dcd_edpt0_status_complete
                0x0000000010005964       0x1c CMakeFiles/serial.dir/Users/dirtyryguy/pico/pico-sdk/lib/tinyusb/src/portable/raspberrypi/rp2040/dcd_rp2040.c.obj
                0x0000000010005964                dcd_edpt0_status_complete
 .text.dcd_edpt_open
                0x0000000010005980       0xf0 CMakeFiles/serial.dir/Users/dirtyryguy/pico/pico-sdk/lib/tinyusb/src/portable/raspberrypi/rp2040/dcd_rp2040.c.obj
                0x0000000010005980                dcd_edpt_open
 .text.dcd_edpt_close_all
                0x0000000010005a70       0xbc CMakeFiles/serial.dir/Users/dirtyryguy/pico/pico-sdk/lib/tinyusb/src/portable/raspberrypi/rp2040/dcd_rp2040.c.obj
                0x0000000010005a70                dcd_edpt_close_all
 .text.dcd_edpt_xfer
                0x0000000010005b2c       0x24 CMakeFiles/serial.dir/Users/dirtyryguy/pico/pico-sdk/lib/tinyusb/src/portable/raspberrypi/rp2040/dcd_rp2040.c.obj
                0x0000000010005b2c                dcd_edpt_xfer
 .text.dcd_edpt_stall
                0x0000000010005b50       0x38 CMakeFiles/serial.dir/Users/dirtyryguy/pico/pico-sdk/lib/tinyusb/src/portable/raspberrypi/rp2040/dcd_rp2040.c.obj
                0x0000000010005b50                dcd_edpt_stall
 .text.dcd_edpt_clear_stall
                0x0000000010005b88       0x30 CMakeFiles/serial.dir/Users/dirtyryguy/pico/pico-sdk/lib/tinyusb/src/portable/raspberrypi/rp2040/dcd_rp2040.c.obj
                0x0000000010005b88                dcd_edpt_clear_stall
 .text._hw_endpoint_buffer_control_update32.part.0.isra.0
                0x0000000010005bb8       0x1c CMakeFiles/serial.dir/Users/dirtyryguy/pico/pico-sdk/lib/tinyusb/src/portable/raspberrypi/rp2040/rp2040_usb.c.obj
 .text.rp2040_usb_init
                0x0000000010005bd4       0x4c CMakeFiles/serial.dir/Users/dirtyryguy/pico/pico-sdk/lib/tinyusb/src/portable/raspberrypi/rp2040/rp2040_usb.c.obj
                0x0000000010005bd4                rp2040_usb_init
 .text.hw_endpoint_reset_transfer
                0x0000000010005c20        0xc CMakeFiles/serial.dir/Users/dirtyryguy/pico/pico-sdk/lib/tinyusb/src/portable/raspberrypi/rp2040/rp2040_usb.c.obj
                0x0000000010005c20                hw_endpoint_reset_transfer
 .text._hw_endpoint_buffer_control_update32
                0x0000000010005c2c       0x44 CMakeFiles/serial.dir/Users/dirtyryguy/pico/pico-sdk/lib/tinyusb/src/portable/raspberrypi/rp2040/rp2040_usb.c.obj
                0x0000000010005c2c                _hw_endpoint_buffer_control_update32
 .text.hw_endpoint_xfer_start
                0x0000000010005c70      0x138 CMakeFiles/serial.dir/Users/dirtyryguy/pico/pico-sdk/lib/tinyusb/src/portable/raspberrypi/rp2040/rp2040_usb.c.obj
                0x0000000010005c70                hw_endpoint_xfer_start
 .text.hw_endpoint_xfer_continue
                0x0000000010005da8      0x1e4 CMakeFiles/serial.dir/Users/dirtyryguy/pico/pico-sdk/lib/tinyusb/src/portable/raspberrypi/rp2040/rp2040_usb.c.obj
                0x0000000010005da8                hw_endpoint_xfer_continue
 .text.tud_mounted
                0x0000000010005f8c       0x10 CMakeFiles/serial.dir/Users/dirtyryguy/pico/pico-sdk/lib/tinyusb/src/device/usbd.c.obj
                0x0000000010005f8c                tud_mounted
 .text.tud_suspended
                0x0000000010005f9c       0x10 CMakeFiles/serial.dir/Users/dirtyryguy/pico/pico-sdk/lib/tinyusb/src/device/usbd.c.obj
                0x0000000010005f9c                tud_suspended
 .text.tud_inited
                0x0000000010005fac        0xc CMakeFiles/serial.dir/Users/dirtyryguy/pico/pico-sdk/lib/tinyusb/src/device/usbd.c.obj
                0x0000000010005fac                tud_inited
 .text.tud_init
                0x0000000010005fb8       0xd8 CMakeFiles/serial.dir/Users/dirtyryguy/pico/pico-sdk/lib/tinyusb/src/device/usbd.c.obj
                0x0000000010005fb8                tud_init
 .text.tud_task
                0x0000000010006090      0x8ec CMakeFiles/serial.dir/Users/dirtyryguy/pico/pico-sdk/lib/tinyusb/src/device/usbd.c.obj
                0x0000000010006090                tud_task
 .text.dcd_event_bus_signal
                0x000000001000697c      0x120 CMakeFiles/serial.dir/Users/dirtyryguy/pico/pico-sdk/lib/tinyusb/src/device/usbd.c.obj
                0x000000001000697c                dcd_event_bus_signal
 .text.dcd_event_bus_reset
                0x0000000010006a9c       0x54 CMakeFiles/serial.dir/Users/dirtyryguy/pico/pico-sdk/lib/tinyusb/src/device/usbd.c.obj
                0x0000000010006a9c                dcd_event_bus_reset
 .text.dcd_event_setup_received
                0x0000000010006af0       0x50 CMakeFiles/serial.dir/Users/dirtyryguy/pico/pico-sdk/lib/tinyusb/src/device/usbd.c.obj
                0x0000000010006af0                dcd_event_setup_received
 .text.dcd_event_xfer_complete
                0x0000000010006b40       0x68 CMakeFiles/serial.dir/Users/dirtyryguy/pico/pico-sdk/lib/tinyusb/src/device/usbd.c.obj
                0x0000000010006b40                dcd_event_xfer_complete
 .text.usbd_open_edpt_pair
                0x0000000010006ba8       0x80 CMakeFiles/serial.dir/Users/dirtyryguy/pico/pico-sdk/lib/tinyusb/src/device/usbd.c.obj
                0x0000000010006ba8                usbd_open_edpt_pair
 .text.usbd_edpt_open
                0x0000000010006c28       0x30 CMakeFiles/serial.dir/Users/dirtyryguy/pico/pico-sdk/lib/tinyusb/src/device/usbd.c.obj
                0x0000000010006c28                usbd_edpt_open
 .text.usbd_edpt_claim
                0x0000000010006c58       0x64 CMakeFiles/serial.dir/Users/dirtyryguy/pico/pico-sdk/lib/tinyusb/src/device/usbd.c.obj
                0x0000000010006c58                usbd_edpt_claim
 .text.usbd_edpt_release
                0x0000000010006cbc       0x4c CMakeFiles/serial.dir/Users/dirtyryguy/pico/pico-sdk/lib/tinyusb/src/device/usbd.c.obj
                0x0000000010006cbc                usbd_edpt_release
 .text.usbd_edpt_xfer
                0x0000000010006d08       0x48 CMakeFiles/serial.dir/Users/dirtyryguy/pico/pico-sdk/lib/tinyusb/src/device/usbd.c.obj
                0x0000000010006d08                usbd_edpt_xfer
 .text.tud_control_status
                0x0000000010006d50       0x30 CMakeFiles/serial.dir/Users/dirtyryguy/pico/pico-sdk/lib/tinyusb/src/device/usbd_control.c.obj
                0x0000000010006d50                tud_control_status
 .text.tud_control_xfer
                0x0000000010006d80       0xbc CMakeFiles/serial.dir/Users/dirtyryguy/pico/pico-sdk/lib/tinyusb/src/device/usbd_control.c.obj
                0x0000000010006d80                tud_control_xfer
 .text.usbd_control_reset
                0x0000000010006e3c       0x14 CMakeFiles/serial.dir/Users/dirtyryguy/pico/pico-sdk/lib/tinyusb/src/device/usbd_control.c.obj
                0x0000000010006e3c                usbd_control_reset
 .text.usbd_control_set_complete_callback
                0x0000000010006e50        0xc CMakeFiles/serial.dir/Users/dirtyryguy/pico/pico-sdk/lib/tinyusb/src/device/usbd_control.c.obj
                0x0000000010006e50                usbd_control_set_complete_callback
 .text.usbd_control_set_request
                0x0000000010006e5c       0x1c CMakeFiles/serial.dir/Users/dirtyryguy/pico/pico-sdk/lib/tinyusb/src/device/usbd_control.c.obj
                0x0000000010006e5c                usbd_control_set_request
 .text.usbd_control_xfer_cb
                0x0000000010006e78       0xfc CMakeFiles/serial.dir/Users/dirtyryguy/pico/pico-sdk/lib/tinyusb/src/device/usbd_control.c.obj
                0x0000000010006e78                usbd_control_xfer_cb
 .text.tud_cdc_n_connected
                0x0000000010006f74       0x30 CMakeFiles/serial.dir/Users/dirtyryguy/pico/pico-sdk/lib/tinyusb/src/class/cdc/cdc_device.c.obj
                0x0000000010006f74                tud_cdc_n_connected
 .text.tud_cdc_n_available
                0x0000000010006fa4       0x18 CMakeFiles/serial.dir/Users/dirtyryguy/pico/pico-sdk/lib/tinyusb/src/class/cdc/cdc_device.c.obj
                0x0000000010006fa4                tud_cdc_n_available
 .text.tud_cdc_n_read
                0x0000000010006fbc       0x70 CMakeFiles/serial.dir/Users/dirtyryguy/pico/pico-sdk/lib/tinyusb/src/class/cdc/cdc_device.c.obj
                0x0000000010006fbc                tud_cdc_n_read
 .text.tud_cdc_n_write_flush
                0x000000001000702c       0x78 CMakeFiles/serial.dir/Users/dirtyryguy/pico/pico-sdk/lib/tinyusb/src/class/cdc/cdc_device.c.obj
                0x000000001000702c                tud_cdc_n_write_flush
 .text.tud_cdc_n_write
                0x00000000100070a4       0x34 CMakeFiles/serial.dir/Users/dirtyryguy/pico/pico-sdk/lib/tinyusb/src/class/cdc/cdc_device.c.obj
                0x00000000100070a4                tud_cdc_n_write
 .text.tud_cdc_n_write_available
                0x00000000100070d8       0x18 CMakeFiles/serial.dir/Users/dirtyryguy/pico/pico-sdk/lib/tinyusb/src/class/cdc/cdc_device.c.obj
                0x00000000100070d8                tud_cdc_n_write_available
 .text.cdcd_init
                0x00000000100070f0       0x7c CMakeFiles/serial.dir/Users/dirtyryguy/pico/pico-sdk/lib/tinyusb/src/class/cdc/cdc_device.c.obj
                0x00000000100070f0                cdcd_init
 .text.cdcd_reset
                0x000000001000716c       0x2c CMakeFiles/serial.dir/Users/dirtyryguy/pico/pico-sdk/lib/tinyusb/src/class/cdc/cdc_device.c.obj
                0x000000001000716c                cdcd_reset
 .text.cdcd_open
                0x0000000010007198       0xe4 CMakeFiles/serial.dir/Users/dirtyryguy/pico/pico-sdk/lib/tinyusb/src/class/cdc/cdc_device.c.obj
                0x0000000010007198                cdcd_open
 .text.cdcd_control_xfer_cb
                0x000000001000727c       0xe4 CMakeFiles/serial.dir/Users/dirtyryguy/pico/pico-sdk/lib/tinyusb/src/class/cdc/cdc_device.c.obj
                0x000000001000727c                cdcd_control_xfer_cb
 .text.cdcd_xfer_cb
                0x0000000010007360      0x148 CMakeFiles/serial.dir/Users/dirtyryguy/pico/pico-sdk/lib/tinyusb/src/class/cdc/cdc_device.c.obj
                0x0000000010007360                cdcd_xfer_cb
 .text.tusb_init
                0x00000000100074a8        0xc CMakeFiles/serial.dir/Users/dirtyryguy/pico/pico-sdk/lib/tinyusb/src/tusb.c.obj
                0x00000000100074a8                tusb_init
 .text.tusb_inited
                0x00000000100074b4        0x8 CMakeFiles/serial.dir/Users/dirtyryguy/pico/pico-sdk/lib/tinyusb/src/tusb.c.obj
                0x00000000100074b4                tusb_inited
 .text.tu_edpt_validate
                0x00000000100074bc       0x78 CMakeFiles/serial.dir/Users/dirtyryguy/pico/pico-sdk/lib/tinyusb/src/tusb.c.obj
                0x00000000100074bc                tu_edpt_validate
 .text.tu_edpt_bind_driver
                0x0000000010007534       0x2c CMakeFiles/serial.dir/Users/dirtyryguy/pico/pico-sdk/lib/tinyusb/src/tusb.c.obj
                0x0000000010007534                tu_edpt_bind_driver
 .text.tu_fifo_config
                0x0000000010007560       0x78 CMakeFiles/serial.dir/Users/dirtyryguy/pico/pico-sdk/lib/tinyusb/src/common/tusb_fifo.c.obj
                0x0000000010007560                tu_fifo_config
 .text.tu_fifo_count
                0x00000000100075d8       0x20 CMakeFiles/serial.dir/Users/dirtyryguy/pico/pico-sdk/lib/tinyusb/src/common/tusb_fifo.c.obj
                0x00000000100075d8                tu_fifo_count
 .text.tu_fifo_empty
                0x00000000100075f8       0x10 CMakeFiles/serial.dir/Users/dirtyryguy/pico/pico-sdk/lib/tinyusb/src/common/tusb_fifo.c.obj
                0x00000000100075f8                tu_fifo_empty
 .text.tu_fifo_remaining
                0x0000000010007608       0x1c CMakeFiles/serial.dir/Users/dirtyryguy/pico/pico-sdk/lib/tinyusb/src/common/tusb_fifo.c.obj
                0x0000000010007608                tu_fifo_remaining
 .text.tu_fifo_read
                0x0000000010007624       0x9c CMakeFiles/serial.dir/Users/dirtyryguy/pico/pico-sdk/lib/tinyusb/src/common/tusb_fifo.c.obj
                0x0000000010007624                tu_fifo_read
 .text.tu_fifo_read_n
                0x00000000100076c0      0x100 CMakeFiles/serial.dir/Users/dirtyryguy/pico/pico-sdk/lib/tinyusb/src/common/tusb_fifo.c.obj
                0x00000000100076c0                tu_fifo_read_n
 .text.tu_fifo_write
                0x00000000100077c0       0x7c CMakeFiles/serial.dir/Users/dirtyryguy/pico/pico-sdk/lib/tinyusb/src/common/tusb_fifo.c.obj
                0x00000000100077c0                tu_fifo_write
 .text.tu_fifo_write_n
                0x000000001000783c      0x100 CMakeFiles/serial.dir/Users/dirtyryguy/pico/pico-sdk/lib/tinyusb/src/common/tusb_fifo.c.obj
                0x000000001000783c                tu_fifo_write_n
 .text.tu_fifo_clear
                0x000000001000793c       0x4c CMakeFiles/serial.dir/Users/dirtyryguy/pico/pico-sdk/lib/tinyusb/src/common/tusb_fifo.c.obj
                0x000000001000793c                tu_fifo_clear
 .text.tu_fifo_set_overwritable
                0x0000000010007988       0x3c CMakeFiles/serial.dir/Users/dirtyryguy/pico/pico-sdk/lib/tinyusb/src/common/tusb_fifo.c.obj
                0x0000000010007988                tu_fifo_set_overwritable
 .text.startup._retrieve_unique_id_on_boot
                0x00000000100079c4       0x10 CMakeFiles/serial.dir/Users/dirtyryguy/pico/pico-sdk/src/rp2_common/pico_unique_id/unique_id.c.obj
 .text.pico_get_unique_board_id_string
                0x00000000100079d4      0x1a8 CMakeFiles/serial.dir/Users/dirtyryguy/pico/pico-sdk/src/rp2_common/pico_unique_id/unique_id.c.obj
                0x00000000100079d4                pico_get_unique_board_id_string
 .text.flash_get_unique_id
                0x0000000010007b7c       0x40 CMakeFiles/serial.dir/Users/dirtyryguy/pico/pico-sdk/src/rp2_common/hardware_flash/flash.c.obj
                0x0000000010007b7c                flash_get_unique_id
 .text.core1_trampoline
                0x0000000010007bbc        0x4 CMakeFiles/serial.dir/Users/dirtyryguy/pico/pico-sdk/src/rp2_common/pico_multicore/multicore.c.obj
 .text.core1_wrapper
                0x0000000010007bc0        0xc CMakeFiles/serial.dir/Users/dirtyryguy/pico/pico-sdk/src/rp2_common/pico_multicore/multicore.c.obj
                0x0000000010007bc0                core1_wrapper
 .text.multicore_launch_core1_raw
                0x0000000010007bcc       0x84 CMakeFiles/serial.dir/Users/dirtyryguy/pico/pico-sdk/src/rp2_common/pico_multicore/multicore.c.obj
                0x0000000010007bcc                multicore_launch_core1_raw
 .text.multicore_launch_core1
                0x0000000010007c50       0x4c CMakeFiles/serial.dir/Users/dirtyryguy/pico/pico-sdk/src/rp2_common/pico_multicore/multicore.c.obj
                0x0000000010007c50                multicore_launch_core1
 .text._calloc_r
                0x0000000010007c9c       0x9c /usr/local/Cellar/arm-none-eabi-gcc/10.3-2021.07/gcc/bin/../lib/gcc/arm-none-eabi/10.3.1/../../../../arm-none-eabi/lib/thumb/v6-m/nofp/libc.a(lib_a-callocr.o)
                0x0000000010007c9c                _calloc_r
 .text.__errno  0x0000000010007d38        0xc /usr/local/Cellar/arm-none-eabi-gcc/10.3-2021.07/gcc/bin/../lib/gcc/arm-none-eabi/10.3.1/../../../../arm-none-eabi/lib/thumb/v6-m/nofp/libc.a(lib_a-errno.o)
                0x0000000010007d38                __errno
 .text.malloc   0x0000000010007d44       0x14 /usr/local/Cellar/arm-none-eabi-gcc/10.3-2021.07/gcc/bin/../lib/gcc/arm-none-eabi/10.3.1/../../../../arm-none-eabi/lib/thumb/v6-m/nofp/libc.a(lib_a-malloc.o)
                0x0000000010007d44                malloc
 .text.free     0x0000000010007d58       0x14 /usr/local/Cellar/arm-none-eabi-gcc/10.3-2021.07/gcc/bin/../lib/gcc/arm-none-eabi/10.3.1/../../../../arm-none-eabi/lib/thumb/v6-m/nofp/libc.a(lib_a-malloc.o)
                0x0000000010007d58                free
 .text._malloc_r
                0x0000000010007d6c      0x584 /usr/local/Cellar/arm-none-eabi-gcc/10.3-2021.07/gcc/bin/../lib/gcc/arm-none-eabi/10.3.1/../../../../arm-none-eabi/lib/thumb/v6-m/nofp/libc.a(lib_a-mallocr.o)
                0x0000000010007d6c                _malloc_r
 .text.__malloc_lock
                0x00000000100082f0       0x10 /usr/local/Cellar/arm-none-eabi-gcc/10.3-2021.07/gcc/bin/../lib/gcc/arm-none-eabi/10.3.1/../../../../arm-none-eabi/lib/thumb/v6-m/nofp/libc.a(lib_a-mlock.o)
                0x00000000100082f0                __malloc_lock
 .text.__malloc_unlock
                0x0000000010008300       0x10 /usr/local/Cellar/arm-none-eabi-gcc/10.3-2021.07/gcc/bin/../lib/gcc/arm-none-eabi/10.3.1/../../../../arm-none-eabi/lib/thumb/v6-m/nofp/libc.a(lib_a-mlock.o)
                0x0000000010008300                __malloc_unlock
 .text.realloc  0x0000000010008310       0x18 /usr/local/Cellar/arm-none-eabi-gcc/10.3-2021.07/gcc/bin/../lib/gcc/arm-none-eabi/10.3.1/../../../../arm-none-eabi/lib/thumb/v6-m/nofp/libc.a(lib_a-realloc.o)
                0x0000000010008310                realloc
 .text._realloc_r
                0x0000000010008328      0x354 /usr/local/Cellar/arm-none-eabi-gcc/10.3-2021.07/gcc/bin/../lib/gcc/arm-none-eabi/10.3.1/../../../../arm-none-eabi/lib/thumb/v6-m/nofp/libc.a(lib_a-reallocr.o)
                0x0000000010008328                _realloc_r
 .text._sbrk_r  0x000000001000867c       0x24 /usr/local/Cellar/arm-none-eabi-gcc/10.3-2021.07/gcc/bin/../lib/gcc/arm-none-eabi/10.3.1/../../../../arm-none-eabi/lib/thumb/v6-m/nofp/libc.a(lib_a-sbrkr.o)
                0x000000001000867c                _sbrk_r
 .text.scanf    0x00000000100086a0       0x24 /usr/local/Cellar/arm-none-eabi-gcc/10.3-2021.07/gcc/bin/../lib/gcc/arm-none-eabi/10.3.1/../../../../arm-none-eabi/lib/thumb/v6-m/nofp/libc.a(lib_a-scanf.o)
                0x00000000100086a0                scanf
 .text.strlen   0x00000000100086c4       0x5c /usr/local/Cellar/arm-none-eabi-gcc/10.3-2021.07/gcc/bin/../lib/gcc/arm-none-eabi/10.3.1/../../../../arm-none-eabi/lib/thumb/v6-m/nofp/libc.a(lib_a-strlen-stub.o)
                0x00000000100086c4                strlen
 .text.__svfscanf_r
                0x0000000010008720     0x17d8 /usr/local/Cellar/arm-none-eabi-gcc/10.3-2021.07/gcc/bin/../lib/gcc/arm-none-eabi/10.3.1/../../../../arm-none-eabi/lib/thumb/v6-m/nofp/libc.a(lib_a-vfscanf.o)
                0x0000000010008720                __svfscanf_r
 .text._vfscanf_r
                0x0000000010009ef8       0x28 /usr/local/Cellar/arm-none-eabi-gcc/10.3-2021.07/gcc/bin/../lib/gcc/arm-none-eabi/10.3.1/../../../../arm-none-eabi/lib/thumb/v6-m/nofp/libc.a(lib_a-vfscanf.o)
                0x0000000010009ef8                _vfscanf_r
 .text._cleanup_r
                0x0000000010009f20       0x10 /usr/local/Cellar/arm-none-eabi-gcc/10.3-2021.07/gcc/bin/../lib/gcc/arm-none-eabi/10.3.1/../../../../arm-none-eabi/lib/thumb/v6-m/nofp/libc.a(lib_a-findfp.o)
                0x0000000010009f20                _cleanup_r
 .text.__sinit  0x0000000010009f30      0x120 /usr/local/Cellar/arm-none-eabi-gcc/10.3-2021.07/gcc/bin/../lib/gcc/arm-none-eabi/10.3.1/../../../../arm-none-eabi/lib/thumb/v6-m/nofp/libc.a(lib_a-findfp.o)
                0x0000000010009f30                __sinit
 .text.__sfp_lock_acquire
                0x000000001000a050       0x10 /usr/local/Cellar/arm-none-eabi-gcc/10.3-2021.07/gcc/bin/../lib/gcc/arm-none-eabi/10.3.1/../../../../arm-none-eabi/lib/thumb/v6-m/nofp/libc.a(lib_a-findfp.o)
                0x000000001000a050                __sfp_lock_acquire
 .text.__sfp_lock_release
                0x000000001000a060       0x10 /usr/local/Cellar/arm-none-eabi-gcc/10.3-2021.07/gcc/bin/../lib/gcc/arm-none-eabi/10.3.1/../../../../arm-none-eabi/lib/thumb/v6-m/nofp/libc.a(lib_a-findfp.o)
                0x000000001000a060                __sfp_lock_release
 .text._fread_r
                0x000000001000a070      0x1bc /usr/local/Cellar/arm-none-eabi-gcc/10.3-2021.07/gcc/bin/../lib/gcc/arm-none-eabi/10.3.1/../../../../arm-none-eabi/lib/thumb/v6-m/nofp/libc.a(lib_a-fread.o)
                0x000000001000a070                _fread_r
 .text._malloc_trim_r
                0x000000001000a22c       0x9c /usr/local/Cellar/arm-none-eabi-gcc/10.3-2021.07/gcc/bin/../lib/gcc/arm-none-eabi/10.3.1/../../../../arm-none-eabi/lib/thumb/v6-m/nofp/libc.a(lib_a-freer.o)
                0x000000001000a22c                _malloc_trim_r
 .text._free_r  0x000000001000a2c8      0x1c4 /usr/local/Cellar/arm-none-eabi-gcc/10.3-2021.07/gcc/bin/../lib/gcc/arm-none-eabi/10.3.1/../../../../arm-none-eabi/lib/thumb/v6-m/nofp/libc.a(lib_a-freer.o)
                0x000000001000a2c8                _free_r
 .text._fwalk   0x000000001000a48c       0x40 /usr/local/Cellar/arm-none-eabi-gcc/10.3-2021.07/gcc/bin/../lib/gcc/arm-none-eabi/10.3.1/../../../../arm-none-eabi/lib/thumb/v6-m/nofp/libc.a(lib_a-fwalk.o)
                0x000000001000a48c                _fwalk
 .text._fwalk_reent
                0x000000001000a4cc       0x48 /usr/local/Cellar/arm-none-eabi-gcc/10.3-2021.07/gcc/bin/../lib/gcc/arm-none-eabi/10.3.1/../../../../arm-none-eabi/lib/thumb/v6-m/nofp/libc.a(lib_a-fwalk.o)
                0x000000001000a4cc                _fwalk_reent
 .text.iswspace
                0x000000001000a514        0xc /usr/local/Cellar/arm-none-eabi-gcc/10.3-2021.07/gcc/bin/../lib/gcc/arm-none-eabi/10.3.1/../../../../arm-none-eabi/lib/thumb/v6-m/nofp/libc.a(lib_a-iswspace.o)
                0x000000001000a514                iswspace
 .text.iswspace_l
                0x000000001000a520       0x18 /usr/local/Cellar/arm-none-eabi-gcc/10.3-2021.07/gcc/bin/../lib/gcc/arm-none-eabi/10.3.1/../../../../arm-none-eabi/lib/thumb/v6-m/nofp/libc.a(lib_a-iswspace_l.o)
                0x000000001000a520                iswspace_l
 .text.__locale_mb_cur_max
                0x000000001000a538       0x10 /usr/local/Cellar/arm-none-eabi-gcc/10.3-2021.07/gcc/bin/../lib/gcc/arm-none-eabi/10.3.1/../../../../arm-none-eabi/lib/thumb/v6-m/nofp/libc.a(lib_a-locale.o)
                0x000000001000a538                __locale_mb_cur_max
 .text._localeconv_r
                0x000000001000a548        0x8 /usr/local/Cellar/arm-none-eabi-gcc/10.3-2021.07/gcc/bin/../lib/gcc/arm-none-eabi/10.3.1/../../../../arm-none-eabi/lib/thumb/v6-m/nofp/libc.a(lib_a-localeconv.o)
                0x000000001000a548                _localeconv_r
 .text.__retarget_lock_init_recursive
                0x000000001000a550        0x4 /usr/local/Cellar/arm-none-eabi-gcc/10.3-2021.07/gcc/bin/../lib/gcc/arm-none-eabi/10.3.1/../../../../arm-none-eabi/lib/thumb/v6-m/nofp/libc.a(lib_a-lock.o)
                0x000000001000a550                __retarget_lock_init_recursive
 .text.__retarget_lock_close_recursive
                0x000000001000a554        0x4 /usr/local/Cellar/arm-none-eabi-gcc/10.3-2021.07/gcc/bin/../lib/gcc/arm-none-eabi/10.3.1/../../../../arm-none-eabi/lib/thumb/v6-m/nofp/libc.a(lib_a-lock.o)
                0x000000001000a554                __retarget_lock_close_recursive
 .text.__retarget_lock_acquire_recursive
                0x000000001000a558        0x4 /usr/local/Cellar/arm-none-eabi-gcc/10.3-2021.07/gcc/bin/../lib/gcc/arm-none-eabi/10.3.1/../../../../arm-none-eabi/lib/thumb/v6-m/nofp/libc.a(lib_a-lock.o)
                0x000000001000a558                __retarget_lock_acquire_recursive
 .text.__retarget_lock_release_recursive
                0x000000001000a55c        0x4 /usr/local/Cellar/arm-none-eabi-gcc/10.3-2021.07/gcc/bin/../lib/gcc/arm-none-eabi/10.3.1/../../../../arm-none-eabi/lib/thumb/v6-m/nofp/libc.a(lib_a-lock.o)
                0x000000001000a55c                __retarget_lock_release_recursive
 .text._mbrtowc_r
                0x000000001000a560       0x4c /usr/local/Cellar/arm-none-eabi-gcc/10.3-2021.07/gcc/bin/../lib/gcc/arm-none-eabi/10.3.1/../../../../arm-none-eabi/lib/thumb/v6-m/nofp/libc.a(lib_a-mbrtowc.o)
                0x000000001000a560                _mbrtowc_r
 .text.__ascii_mbtowc
                0x000000001000a5ac       0x2c /usr/local/Cellar/arm-none-eabi-gcc/10.3-2021.07/gcc/bin/../lib/gcc/arm-none-eabi/10.3.1/../../../../arm-none-eabi/lib/thumb/v6-m/nofp/libc.a(lib_a-mbtowc_r.o)
                0x000000001000a5ac                __ascii_mbtowc
 .text.lflush   0x000000001000a5d8       0x1c /usr/local/Cellar/arm-none-eabi-gcc/10.3-2021.07/gcc/bin/../lib/gcc/arm-none-eabi/10.3.1/../../../../arm-none-eabi/lib/thumb/v6-m/nofp/libc.a(lib_a-refill.o)
 .text.__srefill_r
                0x000000001000a5f4      0x124 /usr/local/Cellar/arm-none-eabi-gcc/10.3-2021.07/gcc/bin/../lib/gcc/arm-none-eabi/10.3.1/../../../../arm-none-eabi/lib/thumb/v6-m/nofp/libc.a(lib_a-refill.o)
                0x000000001000a5f4                __srefill_r
 .text.__sccl   0x000000001000a718       0x80 /usr/local/Cellar/arm-none-eabi-gcc/10.3-2021.07/gcc/bin/../lib/gcc/arm-none-eabi/10.3.1/../../../../arm-none-eabi/lib/thumb/v6-m/nofp/libc.a(lib_a-sccl.o)
                0x000000001000a718                __sccl
 .text.nanf     0x000000001000a798        0x8 /usr/local/Cellar/arm-none-eabi-gcc/10.3-2021.07/gcc/bin/../lib/gcc/arm-none-eabi/10.3.1/../../../../arm-none-eabi/lib/thumb/v6-m/nofp/libc.a(lib_a-sf_nan.o)
                0x000000001000a798                nanf
 .text.__sread  0x000000001000a7a0       0x28 /usr/local/Cellar/arm-none-eabi-gcc/10.3-2021.07/gcc/bin/../lib/gcc/arm-none-eabi/10.3.1/../../../../arm-none-eabi/lib/thumb/v6-m/nofp/libc.a(lib_a-stdio.o)
                0x000000001000a7a0                __sread
 .text.__swrite
                0x000000001000a7c8       0x40 /usr/local/Cellar/arm-none-eabi-gcc/10.3-2021.07/gcc/bin/../lib/gcc/arm-none-eabi/10.3.1/../../../../arm-none-eabi/lib/thumb/v6-m/nofp/libc.a(lib_a-stdio.o)
                0x000000001000a7c8                __swrite
 .text.__sseek  0x000000001000a808       0x2c /usr/local/Cellar/arm-none-eabi-gcc/10.3-2021.07/gcc/bin/../lib/gcc/arm-none-eabi/10.3.1/../../../../arm-none-eabi/lib/thumb/v6-m/nofp/libc.a(lib_a-stdio.o)
                0x000000001000a808                __sseek
 .text.__sclose
                0x000000001000a834        0xc /usr/local/Cellar/arm-none-eabi-gcc/10.3-2021.07/gcc/bin/../lib/gcc/arm-none-eabi/10.3.1/../../../../arm-none-eabi/lib/thumb/v6-m/nofp/libc.a(lib_a-stdio.o)
                0x000000001000a834                __sclose
 .text._strtod_l
                0x000000001000a840      0xf78 /usr/local/Cellar/arm-none-eabi-gcc/10.3-2021.07/gcc/bin/../lib/gcc/arm-none-eabi/10.3.1/../../../../arm-none-eabi/lib/thumb/v6-m/nofp/libc.a(lib_a-strtod.o)
                0x000000001000a840                _strtod_l
 .text._strtod_r
                0x000000001000b7b8       0x10 /usr/local/Cellar/arm-none-eabi-gcc/10.3-2021.07/gcc/bin/../lib/gcc/arm-none-eabi/10.3.1/../../../../arm-none-eabi/lib/thumb/v6-m/nofp/libc.a(lib_a-strtod.o)
                0x000000001000b7b8                _strtod_r
 .text._strtol_l.part.0
                0x000000001000b7c8      0x144 /usr/local/Cellar/arm-none-eabi-gcc/10.3-2021.07/gcc/bin/../lib/gcc/arm-none-eabi/10.3.1/../../../../arm-none-eabi/lib/thumb/v6-m/nofp/libc.a(lib_a-strtol.o)
 .text._strtol_r
                0x000000001000b90c       0x1c /usr/local/Cellar/arm-none-eabi-gcc/10.3-2021.07/gcc/bin/../lib/gcc/arm-none-eabi/10.3.1/../../../../arm-none-eabi/lib/thumb/v6-m/nofp/libc.a(lib_a-strtol.o)
                0x000000001000b90c                _strtol_r
 .text._strtoll_l.constprop.0
                0x000000001000b928      0x198 /usr/local/Cellar/arm-none-eabi-gcc/10.3-2021.07/gcc/bin/../lib/gcc/arm-none-eabi/10.3.1/../../../../arm-none-eabi/lib/thumb/v6-m/nofp/libc.a(lib_a-strtoll.o)
 .text._strtoll_r
                0x000000001000bac0        0x8 /usr/local/Cellar/arm-none-eabi-gcc/10.3-2021.07/gcc/bin/../lib/gcc/arm-none-eabi/10.3.1/../../../../arm-none-eabi/lib/thumb/v6-m/nofp/libc.a(lib_a-strtoll.o)
                0x000000001000bac0                _strtoll_r
 .text._strtoul_l.constprop.0
                0x000000001000bac8      0x148 /usr/local/Cellar/arm-none-eabi-gcc/10.3-2021.07/gcc/bin/../lib/gcc/arm-none-eabi/10.3.1/../../../../arm-none-eabi/lib/thumb/v6-m/nofp/libc.a(lib_a-strtoul.o)
 .text._strtoul_r
                0x000000001000bc10        0x8 /usr/local/Cellar/arm-none-eabi-gcc/10.3-2021.07/gcc/bin/../lib/gcc/arm-none-eabi/10.3.1/../../../../arm-none-eabi/lib/thumb/v6-m/nofp/libc.a(lib_a-strtoul.o)
                0x000000001000bc10                _strtoul_r
 .text._strtoull_l.constprop.0
                0x000000001000bc18      0x1bc /usr/local/Cellar/arm-none-eabi-gcc/10.3-2021.07/gcc/bin/../lib/gcc/arm-none-eabi/10.3.1/../../../../arm-none-eabi/lib/thumb/v6-m/nofp/libc.a(lib_a-strtoull.o)
 .text._strtoull_r
                0x000000001000bdd4        0x8 /usr/local/Cellar/arm-none-eabi-gcc/10.3-2021.07/gcc/bin/../lib/gcc/arm-none-eabi/10.3.1/../../../../arm-none-eabi/lib/thumb/v6-m/nofp/libc.a(lib_a-strtoull.o)
                0x000000001000bdd4                _strtoull_r
 .text.__submore
                0x000000001000bddc       0x84 /usr/local/Cellar/arm-none-eabi-gcc/10.3-2021.07/gcc/bin/../lib/gcc/arm-none-eabi/10.3.1/../../../../arm-none-eabi/lib/thumb/v6-m/nofp/libc.a(lib_a-ungetc.o)
                0x000000001000bddc                __submore
 .text._ungetc_r
                0x000000001000be60      0x138 /usr/local/Cellar/arm-none-eabi-gcc/10.3-2021.07/gcc/bin/../lib/gcc/arm-none-eabi/10.3.1/../../../../arm-none-eabi/lib/thumb/v6-m/nofp/libc.a(lib_a-ungetc.o)
                0x000000001000be60                _ungetc_r
 .text.__ascii_wctomb
                0x000000001000bf98       0x1c /usr/local/Cellar/arm-none-eabi-gcc/10.3-2021.07/gcc/bin/../lib/gcc/arm-none-eabi/10.3.1/../../../../arm-none-eabi/lib/thumb/v6-m/nofp/libc.a(lib_a-wctomb_r.o)
                0x000000001000bf98                __ascii_wctomb
 .text._write_r
                0x000000001000bfb4       0x28 /usr/local/Cellar/arm-none-eabi-gcc/10.3-2021.07/gcc/bin/../lib/gcc/arm-none-eabi/10.3.1/../../../../arm-none-eabi/lib/thumb/v6-m/nofp/libc.a(lib_a-writer.o)
                0x000000001000bfb4                _write_r
 .text._close_r
                0x000000001000bfdc       0x24 /usr/local/Cellar/arm-none-eabi-gcc/10.3-2021.07/gcc/bin/../lib/gcc/arm-none-eabi/10.3.1/../../../../arm-none-eabi/lib/thumb/v6-m/nofp/libc.a(lib_a-closer.o)
                0x000000001000bfdc                _close_r
 .text._fclose_r
                0x000000001000c000       0xdc /usr/local/Cellar/arm-none-eabi-gcc/10.3-2021.07/gcc/bin/../lib/gcc/arm-none-eabi/10.3.1/../../../../arm-none-eabi/lib/thumb/v6-m/nofp/libc.a(lib_a-fclose.o)
                0x000000001000c000                _fclose_r
 .text.__sflush_r
                0x000000001000c0dc      0x140 /usr/local/Cellar/arm-none-eabi-gcc/10.3-2021.07/gcc/bin/../lib/gcc/arm-none-eabi/10.3.1/../../../../arm-none-eabi/lib/thumb/v6-m/nofp/libc.a(lib_a-fflush.o)
                0x000000001000c0dc                __sflush_r
 .text._fflush_r
                0x000000001000c21c       0x6c /usr/local/Cellar/arm-none-eabi-gcc/10.3-2021.07/gcc/bin/../lib/gcc/arm-none-eabi/10.3.1/../../../../arm-none-eabi/lib/thumb/v6-m/nofp/libc.a(lib_a-fflush.o)
                0x000000001000c21c                _fflush_r
 .text.fflush   0x000000001000c288       0x78 /usr/local/Cellar/arm-none-eabi-gcc/10.3-2021.07/gcc/bin/../lib/gcc/arm-none-eabi/10.3.1/../../../../arm-none-eabi/lib/thumb/v6-m/nofp/libc.a(lib_a-fflush.o)
                0x000000001000c288                fflush
 .text.rshift   0x000000001000c300       0xa4 /usr/local/Cellar/arm-none-eabi-gcc/10.3-2021.07/gcc/bin/../lib/gcc/arm-none-eabi/10.3.1/../../../../arm-none-eabi/lib/thumb/v6-m/nofp/libc.a(lib_a-gdtoa-gethex.o)
 .text.__gethex
                0x000000001000c3a4      0x5cc /usr/local/Cellar/arm-none-eabi-gcc/10.3-2021.07/gcc/bin/../lib/gcc/arm-none-eabi/10.3.1/../../../../arm-none-eabi/lib/thumb/v6-m/nofp/libc.a(lib_a-gdtoa-gethex.o)
                0x000000001000c3a4                __gethex
 .text.__match  0x000000001000c970       0x2c /usr/local/Cellar/arm-none-eabi-gcc/10.3-2021.07/gcc/bin/../lib/gcc/arm-none-eabi/10.3.1/../../../../arm-none-eabi/lib/thumb/v6-m/nofp/libc.a(lib_a-gdtoa-hexnan.o)
                0x000000001000c970                __match
 .text.__hexnan
                0x000000001000c99c      0x1d0 /usr/local/Cellar/arm-none-eabi-gcc/10.3-2021.07/gcc/bin/../lib/gcc/arm-none-eabi/10.3.1/../../../../arm-none-eabi/lib/thumb/v6-m/nofp/libc.a(lib_a-gdtoa-hexnan.o)
                0x000000001000c99c                __hexnan
 .text._lseek_r
                0x000000001000cb6c       0x28 /usr/local/Cellar/arm-none-eabi-gcc/10.3-2021.07/gcc/bin/../lib/gcc/arm-none-eabi/10.3.1/../../../../arm-none-eabi/lib/thumb/v6-m/nofp/libc.a(lib_a-lseekr.o)
                0x000000001000cb6c                _lseek_r
 .text.__smakebuf_r
                0x000000001000cb94       0xe4 /usr/local/Cellar/arm-none-eabi-gcc/10.3-2021.07/gcc/bin/../lib/gcc/arm-none-eabi/10.3.1/../../../../arm-none-eabi/lib/thumb/v6-m/nofp/libc.a(lib_a-makebuf.o)
                0x000000001000cb94                __smakebuf_r
 .text._Balloc  0x000000001000cc78       0x50 /usr/local/Cellar/arm-none-eabi-gcc/10.3-2021.07/gcc/bin/../lib/gcc/arm-none-eabi/10.3.1/../../../../arm-none-eabi/lib/thumb/v6-m/nofp/libc.a(lib_a-mprec.o)
                0x000000001000cc78                _Balloc
 .text._Bfree   0x000000001000ccc8       0x14 /usr/local/Cellar/arm-none-eabi-gcc/10.3-2021.07/gcc/bin/../lib/gcc/arm-none-eabi/10.3.1/../../../../arm-none-eabi/lib/thumb/v6-m/nofp/libc.a(lib_a-mprec.o)
                0x000000001000ccc8                _Bfree
 .text.__multadd
                0x000000001000ccdc       0xa8 /usr/local/Cellar/arm-none-eabi-gcc/10.3-2021.07/gcc/bin/../lib/gcc/arm-none-eabi/10.3.1/../../../../arm-none-eabi/lib/thumb/v6-m/nofp/libc.a(lib_a-mprec.o)
                0x000000001000ccdc                __multadd
 .text.__s2b    0x000000001000cd84       0xb0 /usr/local/Cellar/arm-none-eabi-gcc/10.3-2021.07/gcc/bin/../lib/gcc/arm-none-eabi/10.3.1/../../../../arm-none-eabi/lib/thumb/v6-m/nofp/libc.a(lib_a-mprec.o)
                0x000000001000cd84                __s2b
 .text.__hi0bits
                0x000000001000ce34       0x38 /usr/local/Cellar/arm-none-eabi-gcc/10.3-2021.07/gcc/bin/../lib/gcc/arm-none-eabi/10.3.1/../../../../arm-none-eabi/lib/thumb/v6-m/nofp/libc.a(lib_a-mprec.o)
                0x000000001000ce34                __hi0bits
 .text.__lo0bits
                0x000000001000ce6c       0x5c /usr/local/Cellar/arm-none-eabi-gcc/10.3-2021.07/gcc/bin/../lib/gcc/arm-none-eabi/10.3.1/../../../../arm-none-eabi/lib/thumb/v6-m/nofp/libc.a(lib_a-mprec.o)
                0x000000001000ce6c                __lo0bits
 .text.__i2b    0x000000001000cec8       0x60 /usr/local/Cellar/arm-none-eabi-gcc/10.3-2021.07/gcc/bin/../lib/gcc/arm-none-eabi/10.3.1/../../../../arm-none-eabi/lib/thumb/v6-m/nofp/libc.a(lib_a-mprec.o)
                0x000000001000cec8                __i2b
 .text.__multiply
                0x000000001000cf28      0x1a4 /usr/local/Cellar/arm-none-eabi-gcc/10.3-2021.07/gcc/bin/../lib/gcc/arm-none-eabi/10.3.1/../../../../arm-none-eabi/lib/thumb/v6-m/nofp/libc.a(lib_a-mprec.o)
                0x000000001000cf28                __multiply
 .text.__pow5mult
                0x000000001000d0cc       0xd8 /usr/local/Cellar/arm-none-eabi-gcc/10.3-2021.07/gcc/bin/../lib/gcc/arm-none-eabi/10.3.1/../../../../arm-none-eabi/lib/thumb/v6-m/nofp/libc.a(lib_a-mprec.o)
                0x000000001000d0cc                __pow5mult
 .text.__lshift
                0x000000001000d1a4       0xfc /usr/local/Cellar/arm-none-eabi-gcc/10.3-2021.07/gcc/bin/../lib/gcc/arm-none-eabi/10.3.1/../../../../arm-none-eabi/lib/thumb/v6-m/nofp/libc.a(lib_a-mprec.o)
                0x000000001000d1a4                __lshift
 .text.__mcmp   0x000000001000d2a0       0x34 /usr/local/Cellar/arm-none-eabi-gcc/10.3-2021.07/gcc/bin/../lib/gcc/arm-none-eabi/10.3.1/../../../../arm-none-eabi/lib/thumb/v6-m/nofp/libc.a(lib_a-mprec.o)
                0x000000001000d2a0                __mcmp
 .text.__mdiff  0x000000001000d2d4      0x18c /usr/local/Cellar/arm-none-eabi-gcc/10.3-2021.07/gcc/bin/../lib/gcc/arm-none-eabi/10.3.1/../../../../arm-none-eabi/lib/thumb/v6-m/nofp/libc.a(lib_a-mprec.o)
                0x000000001000d2d4                __mdiff
 .text.__ulp    0x000000001000d460       0x48 /usr/local/Cellar/arm-none-eabi-gcc/10.3-2021.07/gcc/bin/../lib/gcc/arm-none-eabi/10.3.1/../../../../arm-none-eabi/lib/thumb/v6-m/nofp/libc.a(lib_a-mprec.o)
                0x000000001000d460                __ulp
 .text.__b2d    0x000000001000d4a8       0xc8 /usr/local/Cellar/arm-none-eabi-gcc/10.3-2021.07/gcc/bin/../lib/gcc/arm-none-eabi/10.3.1/../../../../arm-none-eabi/lib/thumb/v6-m/nofp/libc.a(lib_a-mprec.o)
                0x000000001000d4a8                __b2d
 .text.__d2b    0x000000001000d570       0xd8 /usr/local/Cellar/arm-none-eabi-gcc/10.3-2021.07/gcc/bin/../lib/gcc/arm-none-eabi/10.3.1/../../../../arm-none-eabi/lib/thumb/v6-m/nofp/libc.a(lib_a-mprec.o)
                0x000000001000d570                __d2b
 .text.__ratio  0x000000001000d648       0x68 /usr/local/Cellar/arm-none-eabi-gcc/10.3-2021.07/gcc/bin/../lib/gcc/arm-none-eabi/10.3.1/../../../../arm-none-eabi/lib/thumb/v6-m/nofp/libc.a(lib_a-mprec.o)
                0x000000001000d648                __ratio
 .text.__copybits
                0x000000001000d6b0       0x40 /usr/local/Cellar/arm-none-eabi-gcc/10.3-2021.07/gcc/bin/../lib/gcc/arm-none-eabi/10.3.1/../../../../arm-none-eabi/lib/thumb/v6-m/nofp/libc.a(lib_a-mprec.o)
                0x000000001000d6b0                __copybits
 .text.__any_on
                0x000000001000d6f0       0x50 /usr/local/Cellar/arm-none-eabi-gcc/10.3-2021.07/gcc/bin/../lib/gcc/arm-none-eabi/10.3.1/../../../../arm-none-eabi/lib/thumb/v6-m/nofp/libc.a(lib_a-mprec.o)
                0x000000001000d6f0                __any_on
 .text._read_r  0x000000001000d740       0x28 /usr/local/Cellar/arm-none-eabi-gcc/10.3-2021.07/gcc/bin/../lib/gcc/arm-none-eabi/10.3.1/../../../../arm-none-eabi/lib/thumb/v6-m/nofp/libc.a(lib_a-readr.o)
                0x000000001000d740                _read_r
 .text.nan      0x000000001000d768        0xc /usr/local/Cellar/arm-none-eabi-gcc/10.3-2021.07/gcc/bin/../lib/gcc/arm-none-eabi/10.3.1/../../../../arm-none-eabi/lib/thumb/v6-m/nofp/libc.a(lib_a-s_nan.o)
                0x000000001000d768                nan
 .text.strncmp  0x000000001000d774       0x74 /usr/local/Cellar/arm-none-eabi-gcc/10.3-2021.07/gcc/bin/../lib/gcc/arm-none-eabi/10.3.1/../../../../arm-none-eabi/lib/thumb/v6-m/nofp/libc.a(lib_a-strncmp.o)
                0x000000001000d774                strncmp
 .text._fstat_r
                0x000000001000d7e8       0x28 /usr/local/Cellar/arm-none-eabi-gcc/10.3-2021.07/gcc/bin/../lib/gcc/arm-none-eabi/10.3.1/../../../../arm-none-eabi/lib/thumb/v6-m/nofp/libc.a(lib_a-fstatr.o)
                0x000000001000d7e8                _fstat_r
 .text._isatty_r
                0x000000001000d810       0x24 /usr/local/Cellar/arm-none-eabi-gcc/10.3-2021.07/gcc/bin/../lib/gcc/arm-none-eabi/10.3.1/../../../../arm-none-eabi/lib/thumb/v6-m/nofp/libc.a(lib_a-isattyr.o)
                0x000000001000d810                _isatty_r
 .text._close   0x000000001000d834       0x10 /usr/local/Cellar/arm-none-eabi-gcc/10.3-2021.07/gcc/bin/../lib/gcc/arm-none-eabi/10.3.1/../../../../arm-none-eabi/lib/thumb/v6-m/nofp/libnosys.a(close.o)
                0x000000001000d834                _close
 .text._fstat   0x000000001000d844       0x10 /usr/local/Cellar/arm-none-eabi-gcc/10.3-2021.07/gcc/bin/../lib/gcc/arm-none-eabi/10.3.1/../../../../arm-none-eabi/lib/thumb/v6-m/nofp/libnosys.a(fstat.o)
                0x000000001000d844                _fstat
 .text._isatty  0x000000001000d854       0x10 /usr/local/Cellar/arm-none-eabi-gcc/10.3-2021.07/gcc/bin/../lib/gcc/arm-none-eabi/10.3.1/../../../../arm-none-eabi/lib/thumb/v6-m/nofp/libnosys.a(isatty.o)
                0x000000001000d854                _isatty
 .text._lseek   0x000000001000d864       0x10 /usr/local/Cellar/arm-none-eabi-gcc/10.3-2021.07/gcc/bin/../lib/gcc/arm-none-eabi/10.3.1/../../../../arm-none-eabi/lib/thumb/v6-m/nofp/libnosys.a(lseek.o)
                0x000000001000d864                _lseek
 *(.fini)
 .fini          0x000000001000d874        0x4 /usr/local/Cellar/arm-none-eabi-gcc/10.3-2021.07/gcc/bin/../lib/gcc/arm-none-eabi/10.3.1/thumb/v6-m/nofp/crti.o
                0x000000001000d874                _fini
 .fini.__stub   0x000000001000d878       0x80 linker stubs
 *crtbegin.o(.ctors)
 *crtbegin?.o(.ctors)
 *(EXCLUDE_FILE(*crtend.o *crtend?.o) .ctors)
 *(SORT_BY_NAME(.ctors.*))
 *(.ctors)
 *crtbegin.o(.dtors)
 *crtbegin?.o(.dtors)
 *(EXCLUDE_FILE(*crtend.o *crtend?.o) .dtors)
 *(SORT_BY_NAME(.dtors.*))
 *(.dtors)
 *(.eh_frame*)
 .eh_frame      0x000000001000d8f8        0x0 /usr/local/Cellar/arm-none-eabi-gcc/10.3-2021.07/gcc/bin/../lib/gcc/arm-none-eabi/10.3.1/thumb/v6-m/nofp/crtbegin.o
                0x000000001000d8f8                . = ALIGN (0x4)

.glue_7         0x000000001000d8f8        0x0
 .glue_7        0x000000001000d8f8        0x0 linker stubs

.glue_7t        0x000000001000d8f8        0x0
 .glue_7t       0x000000001000d8f8        0x0 linker stubs

.vfp11_veneer   0x000000001000d8f8        0x0
 .vfp11_veneer  0x000000001000d8f8        0x0 linker stubs

.v4_bx          0x000000001000d8f8        0x0
 .v4_bx         0x000000001000d8f8        0x0 linker stubs

.iplt           0x000000001000d8f8        0x0
 .iplt          0x000000001000d8f8        0x0 /usr/local/Cellar/arm-none-eabi-gcc/10.3-2021.07/gcc/bin/../lib/gcc/arm-none-eabi/10.3.1/thumb/v6-m/nofp/crtbegin.o

.rodata         0x000000001000d8f8      0xf1c
 *(EXCLUDE_FILE(*libm.a: *libc.a:*lib_a-mem*.o *libgcc.a:) .rodata*)
 .rodata.core1_entry.str1.4
                0x000000001000d8f8       0x20 CMakeFiles/serial.dir/serial.c.obj
 .rodata.zero.str1.4
                0x000000001000d918       0x20 CMakeFiles/serial.dir/serial.c.obj
                                          0x4 (size before relaxing)
 .rodata        0x000000001000d918       0x50 CMakeFiles/serial.dir/serial.c.obj
 .rodata.half_seq
                0x000000001000d968       0x20 CMakeFiles/serial.dir/serial.c.obj
                0x000000001000d968                half_seq
 .rodata.spin_lock_claim_unused.str1.4
                0x000000001000d988       0x1b CMakeFiles/serial.dir/Users/dirtyryguy/pico/pico-sdk/src/rp2_common/hardware_sync/sync.c.obj
 *fill*         0x000000001000d9a3        0x1 
 .rodata.user_irq_claim_unused.str1.4
                0x000000001000d9a4       0x1b CMakeFiles/serial.dir/Users/dirtyryguy/pico/pico-sdk/src/rp2_common/hardware_irq/irq.c.obj
 *fill*         0x000000001000d9bf        0x1 
 .rodata.at_the_end_of_time
                0x000000001000d9c0        0x8 CMakeFiles/serial.dir/Users/dirtyryguy/pico/pico-sdk/src/common/pico_time/time.c.obj
                0x000000001000d9c0                at_the_end_of_time
 .rodata.hardware_alarm_claim.str1.4
                0x000000001000d9c8       0x22 CMakeFiles/serial.dir/Users/dirtyryguy/pico/pico-sdk/src/rp2_common/hardware_timer/timer.c.obj
 *fill*         0x000000001000d9ea        0x2 
 .rodata.__assert_func.str1.4
                0x000000001000d9ec       0x3f CMakeFiles/serial.dir/Users/dirtyryguy/pico/pico-sdk/src/rp2_common/pico_runtime/runtime.c.obj
                                         0x43 (size before relaxing)
 *fill*         0x000000001000da2b        0x1 
 .rodata.panic.str1.4
                0x000000001000da2c       0x12 CMakeFiles/serial.dir/Users/dirtyryguy/pico/pico-sdk/src/rp2_common/pico_runtime/runtime.c.obj
 *fill*         0x000000001000da3e        0x2 
 .rodata.hard_assertion_failure.str1.4
                0x000000001000da40        0xc CMakeFiles/serial.dir/Users/dirtyryguy/pico/pico-sdk/src/rp2_common/pico_runtime/runtime.c.obj
 .rodata._ftoa.str1.4
                0x000000001000da4c       0x15 CMakeFiles/serial.dir/Users/dirtyryguy/pico/pico-sdk/src/rp2_common/pico_printf/printf.c.obj
 *fill*         0x000000001000da61        0x3 
 .rodata._vsnprintf
                0x000000001000da64      0x1e0 CMakeFiles/serial.dir/Users/dirtyryguy/pico/pico-sdk/src/rp2_common/pico_printf/printf.c.obj
 *fill*         0x000000001000dc44        0x4 
 .rodata.pow10.0
                0x000000001000dc48       0x50 CMakeFiles/serial.dir/Users/dirtyryguy/pico/pico-sdk/src/rp2_common/pico_printf/printf.c.obj
 .rodata.__wrap_malloc.str1.4
                0x000000001000dc98        0xe CMakeFiles/serial.dir/Users/dirtyryguy/pico/pico-sdk/src/rp2_common/pico_malloc/pico_malloc.c.obj
 *fill*         0x000000001000dca6        0x2 
 .rodata.str1.4
                0x000000001000dca8       0x3c CMakeFiles/serial.dir/Users/dirtyryguy/pico/pico-sdk/src/rp2_common/pico_standard_link/binary_info.c.obj
 .rodata.__bi_44
                0x000000001000dce4        0xc CMakeFiles/serial.dir/Users/dirtyryguy/pico/pico-sdk/src/rp2_common/pico_standard_link/binary_info.c.obj
 .rodata.__bi_75
                0x000000001000dcf0        0xc CMakeFiles/serial.dir/Users/dirtyryguy/pico/pico-sdk/src/rp2_common/pico_standard_link/binary_info.c.obj
 .rodata.__bi_81
                0x000000001000dcfc        0xc CMakeFiles/serial.dir/Users/dirtyryguy/pico/pico-sdk/src/rp2_common/pico_standard_link/binary_info.c.obj
 .rodata.crlf_str.0
                0x000000001000dd08        0x2 CMakeFiles/serial.dir/Users/dirtyryguy/pico/pico-sdk/src/rp2_common/pico_stdio/stdio.c.obj
 *fill*         0x000000001000dd0a        0x2 
 .rodata._resetd_driver
                0x000000001000dd0c       0x18 CMakeFiles/serial.dir/Users/dirtyryguy/pico/pico-sdk/src/rp2_common/pico_stdio_usb/reset_interface.c.obj
 .rodata.str1.4
                0x000000001000dd24       0x13 CMakeFiles/serial.dir/Users/dirtyryguy/pico/pico-sdk/src/rp2_common/pico_stdio_usb/stdio_usb.c.obj
 *fill*         0x000000001000dd37        0x1 
 .rodata.__bi_118.0
                0x000000001000dd38        0xc CMakeFiles/serial.dir/Users/dirtyryguy/pico/pico-sdk/src/rp2_common/pico_stdio_usb/stdio_usb.c.obj
 .rodata.str1.4
                0x000000001000dd44       0x2a CMakeFiles/serial.dir/Users/dirtyryguy/pico/pico-sdk/src/rp2_common/pico_stdio_usb/stdio_usb_descriptors.c.obj
 *fill*         0x000000001000dd6e        0x2 
 .rodata.usbd_desc_cfg
                0x000000001000dd70       0x54 CMakeFiles/serial.dir/Users/dirtyryguy/pico/pico-sdk/src/rp2_common/pico_stdio_usb/stdio_usb_descriptors.c.obj
 .rodata.usbd_desc_device
                0x000000001000ddc4       0x12 CMakeFiles/serial.dir/Users/dirtyryguy/pico/pico-sdk/src/rp2_common/pico_stdio_usb/stdio_usb_descriptors.c.obj
 *fill*         0x000000001000ddd6        0x2 
 .rodata.usbd_desc_str
                0x000000001000ddd8       0x18 CMakeFiles/serial.dir/Users/dirtyryguy/pico/pico-sdk/src/rp2_common/pico_stdio_usb/stdio_usb_descriptors.c.obj
 .rodata.dcd_rp2040_irq.str1.4
                0x000000001000ddf0       0x14 CMakeFiles/serial.dir/Users/dirtyryguy/pico/pico-sdk/lib/tinyusb/src/portable/raspberrypi/rp2040/dcd_rp2040.c.obj
 .rodata._hw_endpoint_buffer_control_update32.part.0.isra.0.str1.4
                0x000000001000de04       0x1f CMakeFiles/serial.dir/Users/dirtyryguy/pico/pico-sdk/lib/tinyusb/src/portable/raspberrypi/rp2040/rp2040_usb.c.obj
 *fill*         0x000000001000de23        0x1 
 .rodata.hw_endpoint_xfer_continue.str1.4
                0x000000001000de24       0x29 CMakeFiles/serial.dir/Users/dirtyryguy/pico/pico-sdk/lib/tinyusb/src/portable/raspberrypi/rp2040/rp2040_usb.c.obj
 *fill*         0x000000001000de4d        0x3 
 .rodata.str1.4
                0x000000001000de50        0x7 CMakeFiles/serial.dir/Users/dirtyryguy/pico/pico-sdk/lib/tinyusb/src/portable/raspberrypi/rp2040/rp2040_usb.c.obj
 *fill*         0x000000001000de57        0x1 
 .rodata.tud_task
                0x000000001000de58       0x8c CMakeFiles/serial.dir/Users/dirtyryguy/pico/pico-sdk/lib/tinyusb/src/device/usbd.c.obj
 .rodata._usbd_driver
                0x000000001000dee4       0x18 CMakeFiles/serial.dir/Users/dirtyryguy/pico/pico-sdk/lib/tinyusb/src/device/usbd.c.obj
 .rodata._global_impure_ptr
                0x000000001000defc        0x4 /usr/local/Cellar/arm-none-eabi-gcc/10.3-2021.07/gcc/bin/../lib/gcc/arm-none-eabi/10.3.1/../../../../arm-none-eabi/lib/thumb/v6-m/nofp/libc.a(lib_a-impure.o)
                0x000000001000defc                _global_impure_ptr
 .rodata.__svfscanf_r.str1.4
                0x000000001000df00        0x5 /usr/local/Cellar/arm-none-eabi-gcc/10.3-2021.07/gcc/bin/../lib/gcc/arm-none-eabi/10.3.1/../../../../arm-none-eabi/lib/thumb/v6-m/nofp/libc.a(lib_a-vfscanf.o)
                                          0x9 (size before relaxing)
 *fill*         0x000000001000df05        0x3 
 .rodata.__svfscanf_r
                0x000000001000df08      0x3cc /usr/local/Cellar/arm-none-eabi-gcc/10.3-2021.07/gcc/bin/../lib/gcc/arm-none-eabi/10.3.1/../../../../arm-none-eabi/lib/thumb/v6-m/nofp/libc.a(lib_a-vfscanf.o)
 .rodata.basefix.0
                0x000000001000e2d4       0x22 /usr/local/Cellar/arm-none-eabi-gcc/10.3-2021.07/gcc/bin/../lib/gcc/arm-none-eabi/10.3.1/../../../../arm-none-eabi/lib/thumb/v6-m/nofp/libc.a(lib_a-vfscanf.o)
 *fill*         0x000000001000e2f6        0x2 
 .rodata._ctype_
                0x000000001000e2f8      0x101 /usr/local/Cellar/arm-none-eabi-gcc/10.3-2021.07/gcc/bin/../lib/gcc/arm-none-eabi/10.3.1/../../../../arm-none-eabi/lib/thumb/v6-m/nofp/libc.a(lib_a-ctype_.o)
                0x000000001000e2f8                _ctype_
 *fill*         0x000000001000e3f9        0x3 
 .rodata._setlocale_r.str1.4
                0x000000001000e3fc        0x6 /usr/local/Cellar/arm-none-eabi-gcc/10.3-2021.07/gcc/bin/../lib/gcc/arm-none-eabi/10.3.1/../../../../arm-none-eabi/lib/thumb/v6-m/nofp/libc.a(lib_a-locale.o)
                                          0xd (size before relaxing)
 *fill*         0x000000001000e402        0x2 
 .rodata.str1.4
                0x000000001000e404        0x2 /usr/local/Cellar/arm-none-eabi-gcc/10.3-2021.07/gcc/bin/../lib/gcc/arm-none-eabi/10.3.1/../../../../arm-none-eabi/lib/thumb/v6-m/nofp/libc.a(lib_a-locale.o)
 .rodata._mbrtowc_r.str1.4
                0x000000001000e406        0x1 /usr/local/Cellar/arm-none-eabi-gcc/10.3-2021.07/gcc/bin/../lib/gcc/arm-none-eabi/10.3.1/../../../../arm-none-eabi/lib/thumb/v6-m/nofp/libc.a(lib_a-mbrtowc.o)
 *fill*         0x000000001000e406        0x2 
 .rodata._strtod_l.str1.4
                0x000000001000e408        0xf /usr/local/Cellar/arm-none-eabi-gcc/10.3-2021.07/gcc/bin/../lib/gcc/arm-none-eabi/10.3.1/../../../../arm-none-eabi/lib/thumb/v6-m/nofp/libc.a(lib_a-strtod.o)
                                         0x11 (size before relaxing)
 *fill*         0x000000001000e417        0x1 
 .rodata._strtod_l
                0x000000001000e418       0xd0 /usr/local/Cellar/arm-none-eabi-gcc/10.3-2021.07/gcc/bin/../lib/gcc/arm-none-eabi/10.3.1/../../../../arm-none-eabi/lib/thumb/v6-m/nofp/libc.a(lib_a-strtod.o)
 .rodata.fpi.1  0x000000001000e4e8       0x14 /usr/local/Cellar/arm-none-eabi-gcc/10.3-2021.07/gcc/bin/../lib/gcc/arm-none-eabi/10.3.1/../../../../arm-none-eabi/lib/thumb/v6-m/nofp/libc.a(lib_a-strtod.o)
 .rodata.fpinan.0
                0x000000001000e4fc       0x14 /usr/local/Cellar/arm-none-eabi-gcc/10.3-2021.07/gcc/bin/../lib/gcc/arm-none-eabi/10.3.1/../../../../arm-none-eabi/lib/thumb/v6-m/nofp/libc.a(lib_a-strtod.o)
 .rodata.tinytens
                0x000000001000e510       0x28 /usr/local/Cellar/arm-none-eabi-gcc/10.3-2021.07/gcc/bin/../lib/gcc/arm-none-eabi/10.3.1/../../../../arm-none-eabi/lib/thumb/v6-m/nofp/libc.a(lib_a-strtod.o)
 .rodata.__gethex.str1.4
                0x000000001000e538       0x76 /usr/local/Cellar/arm-none-eabi-gcc/10.3-2021.07/gcc/bin/../lib/gcc/arm-none-eabi/10.3.1/../../../../arm-none-eabi/lib/thumb/v6-m/nofp/libc.a(lib_a-gdtoa-gethex.o)
 *fill*         0x000000001000e5ae        0x2 
 .rodata.__hexdig
                0x000000001000e5b0      0x100 /usr/local/Cellar/arm-none-eabi-gcc/10.3-2021.07/gcc/bin/../lib/gcc/arm-none-eabi/10.3.1/../../../../arm-none-eabi/lib/thumb/v6-m/nofp/libc.a(lib_a-gdtoa-gethex.o)
                0x000000001000e5b0                __hexdig
 .rodata.str1.4
                0x000000001000e6b0        0x5 /usr/local/Cellar/arm-none-eabi-gcc/10.3-2021.07/gcc/bin/../lib/gcc/arm-none-eabi/10.3.1/../../../../arm-none-eabi/lib/thumb/v6-m/nofp/libc.a(lib_a-lnumeric.o)
 .rodata._C_numeric_locale
                0x000000001000e6b0        0xc /usr/local/Cellar/arm-none-eabi-gcc/10.3-2021.07/gcc/bin/../lib/gcc/arm-none-eabi/10.3.1/../../../../arm-none-eabi/lib/thumb/v6-m/nofp/libc.a(lib_a-lnumeric.o)
                0x000000001000e6b0                _C_numeric_locale
 .rodata.__multadd.str1.4