Archive member included to satisfy reference by file (symbol)

/usr/local/Cellar/arm-none-eabi-gcc/10.3-2021.07/gcc/bin/../lib/gcc/arm-none-eabi/10.3.1/thumb/v6-m/nofp/libgcc.a(_dvmd_tls.o)
                              CMakeFiles/serial.dir/Users/dirtyryguy/pico/pico-sdk/src/rp2_common/pico_divider/divider.S.obj (__aeabi_idiv0)
/usr/local/Cellar/arm-none-eabi-gcc/10.3-2021.07/gcc/bin/../lib/gcc/arm-none-eabi/10.3.1/../../../../arm-none-eabi/lib/thumb/v6-m/nofp/libc.a(lib_a-calloc.o)
                              CMakeFiles/serial.dir/Users/dirtyryguy/pico/pico-sdk/src/rp2_common/pico_malloc/pico_malloc.c.obj (calloc)
/usr/local/Cellar/arm-none-eabi-gcc/10.3-2021.07/gcc/bin/../lib/gcc/arm-none-eabi/10.3.1/../../../../arm-none-eabi/lib/thumb/v6-m/nofp/libc.a(lib_a-callocr.o)
                              /usr/local/Cellar/arm-none-eabi-gcc/10.3-2021.07/gcc/bin/../lib/gcc/arm-none-eabi/10.3.1/../../../../arm-none-eabi/lib/thumb/v6-m/nofp/libc.a(lib_a-calloc.o) (_calloc_r)
/usr/local/Cellar/arm-none-eabi-gcc/10.3-2021.07/gcc/bin/../lib/gcc/arm-none-eabi/10.3.1/../../../../arm-none-eabi/lib/thumb/v6-m/nofp/libc.a(lib_a-errno.o)
                              /usr/local/Cellar/arm-none-eabi-gcc/10.3-2021.07/gcc/bin/../lib/gcc/arm-none-eabi/10.3.1/../../../../arm-none-eabi/lib/thumb/v6-m/nofp/libc.a(lib_a-callocr.o) (__errno)
/usr/local/Cellar/arm-none-eabi-gcc/10.3-2021.07/gcc/bin/../lib/gcc/arm-none-eabi/10.3.1/../../../../arm-none-eabi/lib/thumb/v6-m/nofp/libc.a(lib_a-impure.o)
                              /usr/local/Cellar/arm-none-eabi-gcc/10.3-2021.07/gcc/bin/../lib/gcc/arm-none-eabi/10.3.1/../../../../arm-none-eabi/lib/thumb/v6-m/nofp/libc.a(lib_a-calloc.o) (_impure_ptr)
/usr/local/Cellar/arm-none-eabi-gcc/10.3-2021.07/gcc/bin/../lib/gcc/arm-none-eabi/10.3.1/../../../../arm-none-eabi/lib/thumb/v6-m/nofp/libc.a(lib_a-init.o)
                              /usr/local/Cellar/arm-none-eabi-gcc/10.3-2021.07/gcc/bin/../lib/gcc/arm-none-eabi/10.3.1/../../../../arm-none-eabi/lib/thumb/v6-m/nofp/crt0.o (__libc_init_array)
/usr/local/Cellar/arm-none-eabi-gcc/10.3-2021.07/gcc/bin/../lib/gcc/arm-none-eabi/10.3.1/../../../../arm-none-eabi/lib/thumb/v6-m/nofp/libc.a(lib_a-malloc.o)
                              CMakeFiles/serial.dir/Users/dirtyryguy/pico/pico-sdk/src/rp2_common/pico_malloc/pico_malloc.c.obj (malloc)
/usr/local/Cellar/arm-none-eabi-gcc/10.3-2021.07/gcc/bin/../lib/gcc/arm-none-eabi/10.3.1/../../../../arm-none-eabi/lib/thumb/v6-m/nofp/libc.a(lib_a-mallocr.o)
                              /usr/local/Cellar/arm-none-eabi-gcc/10.3-2021.07/gcc/bin/../lib/gcc/arm-none-eabi/10.3.1/../../../../arm-none-eabi/lib/thumb/v6-m/nofp/libc.a(lib_a-callocr.o) (_malloc_r)
/usr/local/Cellar/arm-none-eabi-gcc/10.3-2021.07/gcc/bin/../lib/gcc/arm-none-eabi/10.3.1/../../../../arm-none-eabi/lib/thumb/v6-m/nofp/libc.a(lib_a-mlock.o)
                              /usr/local/Cellar/arm-none-eabi-gcc/10.3-2021.07/gcc/bin/../lib/gcc/arm-none-eabi/10.3.1/../../../../arm-none-eabi/lib/thumb/v6-m/nofp/libc.a(lib_a-mallocr.o) (__malloc_lock)
/usr/local/Cellar/arm-none-eabi-gcc/10.3-2021.07/gcc/bin/../lib/gcc/arm-none-eabi/10.3.1/../../../../arm-none-eabi/lib/thumb/v6-m/nofp/libc.a(lib_a-realloc.o)
                              CMakeFiles/serial.dir/Users/dirtyryguy/pico/pico-sdk/src/rp2_common/pico_malloc/pico_malloc.c.obj (realloc)
/usr/local/Cellar/arm-none-eabi-gcc/10.3-2021.07/gcc/bin/../lib/gcc/arm-none-eabi/10.3.1/../../../../arm-none-eabi/lib/thumb/v6-m/nofp/libc.a(lib_a-reallocr.o)
                              /usr/local/Cellar/arm-none-eabi-gcc/10.3-2021.07/gcc/bin/../lib/gcc/arm-none-eabi/10.3.1/../../../../arm-none-eabi/lib/thumb/v6-m/nofp/libc.a(lib_a-realloc.o) (_realloc_r)
/usr/local/Cellar/arm-none-eabi-gcc/10.3-2021.07/gcc/bin/../lib/gcc/arm-none-eabi/10.3.1/../../../../arm-none-eabi/lib/thumb/v6-m/nofp/libc.a(lib_a-sbrkr.o)
                              /usr/local/Cellar/arm-none-eabi-gcc/10.3-2021.07/gcc/bin/../lib/gcc/arm-none-eabi/10.3.1/../../../../arm-none-eabi/lib/thumb/v6-m/nofp/libc.a(lib_a-mallocr.o) (_sbrk_r)
/usr/local/Cellar/arm-none-eabi-gcc/10.3-2021.07/gcc/bin/../lib/gcc/arm-none-eabi/10.3.1/../../../../arm-none-eabi/lib/thumb/v6-m/nofp/libc.a(lib_a-scanf.o)
                              CMakeFiles/serial.dir/serial.c.obj (scanf)
/usr/local/Cellar/arm-none-eabi-gcc/10.3-2021.07/gcc/bin/../lib/gcc/arm-none-eabi/10.3.1/../../../../arm-none-eabi/lib/thumb/v6-m/nofp/libc.a(lib_a-strlen-stub.o)
                              CMakeFiles/serial.dir/Users/dirtyryguy/pico/pico-sdk/src/rp2_common/pico_stdio/stdio.c.obj (strlen)
/usr/local/Cellar/arm-none-eabi-gcc/10.3-2021.07/gcc/bin/../lib/gcc/arm-none-eabi/10.3.1/../../../../arm-none-eabi/lib/thumb/v6-m/nofp/libc.a(lib_a-vfscanf.o)
                              /usr/local/Cellar/arm-none-eabi-gcc/10.3-2021.07/gcc/bin/../lib/gcc/arm-none-eabi/10.3.1/../../../../arm-none-eabi/lib/thumb/v6-m/nofp/libc.a(lib_a-scanf.o) (_vfscanf_r)
[...]
Memory Configuration

Name             Origin             Length             Attributes
FLASH            0x0000000010000000 0x0000000000200000 xr
RAM              0x0000000020000000 0x0000000000040000 xrw
SCRATCH_X        0x0000000020040000 0x0000000000001000 xrw
SCRATCH_Y        0x0000000020041000 0x0000000000001000 xrw
*default*        0x0000000000000000 0xffffffffffffffff

Linker script and memory map

LOAD /usr/local/Cellar/arm-none-eabi-gcc/10.3-2021.07/gcc/bin/../lib/gcc/arm-none-eabi/10.3.1/thumb/v6-m/nofp/crti.o
LOAD /usr/local/Cellar/arm-none-eabi-gcc/10.3-2021.07/gcc/bin/../lib/gcc/arm-none-eabi/10.3.1/thumb/v6-m/nofp/crtbegin.o
LOAD /usr/local/Cellar/arm-none-eabi-gcc/10.3-2021.07/gcc/bin/../lib/gcc/arm-none-eabi/10.3.1/../../../../arm-none-eabi/lib/thumb/v6-m/nofp/crt0.o

.flash_begin    0x0000000010000000        0x0
                0x0000000010000000                __flash_binary_start = .

.boot2          0x0000000010000000      0x100
                0x0000000010000000                __boot2_start__ = .
 *(.boot2)
 .boot2         0x0000000010000000      0x100 /var/folders/y0/28rp2c3j6f9cfy_bhllm4c5m0000gn/T//cclp6BkB.o
                0x0000000010000100                __boot2_end__ = .
                0x0000000000000001                ASSERT (((__boot2_end__ - __boot2_start__) == 0x100), ERROR: Pico second stage bootloader must be 256 bytes in size)

.text           0x0000000010000100     0xda60
                0x0000000010000100                __logical_binary_start = .
 *(.vectors)
 .vectors       0x0000000010000100       0xd4 CMakeFiles/serial.dir/Users/dirtyryguy/pico/pico-sdk/src/rp2_common/pico_standard_link/crt0.S.obj
                0x0000000010000100                __VECTOR_TABLE
                0x0000000010000100                __vectors
                0x00000000100001c0                __default_isrs_start
                0x00000000100001c0                isr_invalid
                0x00000000100001c2                isr_nmi
                0x00000000100001c4                isr_hardfault
                0x00000000100001c6                isr_svcall
                0x00000000100001c8                isr_pendsv
                0x00000000100001ca                isr_systick
                0x00000000100001cc                isr_irq28
                0x00000000100001cc                isr_irq19
                0x00000000100001cc                isr_irq0
                0x00000000100001cc                isr_irq6
                0x00000000100001cc                isr_irq22
                0x00000000100001cc                isr_irq17
                0x00000000100001cc                isr_irq14
                0x00000000100001cc                isr_irq2
                0x00000000100001cc                isr_irq10
                0x00000000100001cc                isr_irq8
                0x00000000100001cc                isr_irq24
                0x00000000100001cc                isr_irq1
                0x00000000100001cc                isr_irq7
                0x00000000100001cc                isr_irq21
                0x00000000100001cc                isr_irq20
                0x00000000100001cc                isr_irq15
                0x00000000100001cc                isr_irq25
                0x00000000100001cc                isr_irq4
                0x00000000100001cc                isr_irq16
                0x00000000100001cc                isr_irq29
                0x00000000100001cc                isr_irq26
                0x00000000100001cc                __default_isrs_end
                0x00000000100001cc                isr_irq3
                0x00000000100001cc                isr_irq9
                0x00000000100001cc                __unhandled_user_irq
                0x00000000100001cc                isr_irq13
                0x00000000100001cc                isr_irq27
                0x00000000100001cc                isr_irq31
                0x00000000100001cc                isr_irq5
                0x00000000100001cc                isr_irq11
                0x00000000100001cc                isr_irq23
                0x00000000100001cc                isr_irq18
                0x00000000100001cc                isr_irq30
                0x00000000100001cc                isr_irq12
                0x00000000100001d2                unhandled_user_irq_num_in_r0
 *(.binary_info_header)
 .binary_info_header
                0x00000000100001d4       0x14 CMakeFiles/serial.dir/Users/dirtyryguy/pico/pico-sdk/src/rp2_common/pico_standard_link/crt0.S.obj
                0x00000000100001e8                __binary_info_header_end = .
 *(.reset)
 .reset         0x00000000100001e8       0xa8 CMakeFiles/serial.dir/Users/dirtyryguy/pico/pico-sdk/src/rp2_common/pico_standard_link/crt0.S.obj
                0x00000000100001e8                _entry_point
                0x0000000010000266                __get_current_exception
 .reset         0x0000000010000290       0x30 CMakeFiles/serial.dir/Users/dirtyryguy/pico/pico-sdk/src/rp2_common/pico_standard_link/binary_info.c.obj
 *(.init)
 .init          0x00000000100002c0        0x4 /usr/local/Cellar/arm-none-eabi-gcc/10.3-2021.07/gcc/bin/../lib/gcc/arm-none-eabi/10.3.1/thumb/v6-m/nofp/crti.o
                0x00000000100002c0                _init
 *(EXCLUDE_FILE(*libm.a: *libc.a:*lib_a-mem*.o *libgcc.a:) .text*)
 .text          0x00000000100002c4       0x48 /usr/local/Cellar/arm-none-eabi-gcc/10.3-2021.07/gcc/bin/../lib/gcc/arm-none-eabi/10.3.1/thumb/v6-m/nofp/crtbegin.o
 .text.core1_entry
                0x000000001000030c       0x5c CMakeFiles/serial.dir/serial.c.obj
                0x000000001000030c                core1_entry
 .text.init_stepper
                0x0000000010000368       0x5c CMakeFiles/serial.dir/serial.c.obj
                0x0000000010000368                init_stepper
 .text.startup.main
                0x00000000100003c4      0x8b0 CMakeFiles/serial.dir/serial.c.obj
                0x00000000100003c4                main
 .text.gpio_set_pulls
                0x0000000010000c74       0x30 CMakeFiles/serial.dir/Users/dirtyryguy/pico/pico-sdk/src/rp2_common/hardware_gpio/gpio.c.obj
                0x0000000010000c74                gpio_set_pulls
 .text.gpio_init
                0x0000000010000ca4       0x3c CMakeFiles/serial.dir/Users/dirtyryguy/pico/pico-sdk/src/rp2_common/hardware_gpio/gpio.c.obj
                0x0000000010000ca4                gpio_init
 .text.hw_claim_or_assert
                0x0000000010000ce0       0x44 CMakeFiles/serial.dir/Users/dirtyryguy/pico/pico-sdk/src/rp2_common/hardware_claim/claim.c.obj
                0x0000000010000ce0                hw_claim_or_assert
 .text.hw_claim_unused_from_range
                0x0000000010000d24       0x9c CMakeFiles/serial.dir/Users/dirtyryguy/pico/pico-sdk/src/rp2_common/hardware_claim/claim.c.obj
                0x0000000010000d24                hw_claim_unused_from_range
 .text.running_on_fpga
                0x0000000010000dc0       0x10 CMakeFiles/serial.dir/Users/dirtyryguy/pico/pico-sdk/src/rp2_common/pico_platform/platform.c.obj
                0x0000000010000dc0                running_on_fpga
 .text.spin_locks_reset
                0x0000000010000dd0       0x1c CMakeFiles/serial.dir/Users/dirtyryguy/pico/pico-sdk/src/rp2_common/hardware_sync/sync.c.obj
                0x0000000010000dd0                spin_locks_reset
 .text.next_striped_spin_lock_num
                0x0000000010000dec       0x18 CMakeFiles/serial.dir/Users/dirtyryguy/pico/pico-sdk/src/rp2_common/hardware_sync/sync.c.obj
                0x0000000010000dec                next_striped_spin_lock_num
 .text.spin_lock_claim_unused
                0x0000000010000e04       0x20 CMakeFiles/serial.dir/Users/dirtyryguy/pico/pico-sdk/src/rp2_common/hardware_sync/sync.c.obj
                0x0000000010000e04                spin_lock_claim_unused
 .text.irq_set_enabled
                0x0000000010000e24       0x24 CMakeFiles/serial.dir/Users/dirtyryguy/pico/pico-sdk/src/rp2_common/hardware_irq/irq.c.obj
                0x0000000010000e24                irq_set_enabled
 .text.irq_is_enabled
                0x0000000010000e48       0x18 CMakeFiles/serial.dir/Users/dirtyryguy/pico/pico-sdk/src/rp2_common/hardware_irq/irq.c.obj
                0x0000000010000e48                irq_is_enabled
 .text.irq_set_pending
                0x0000000010000e60       0x10 CMakeFiles/serial.dir/Users/dirtyryguy/pico/pico-sdk/src/rp2_common/hardware_irq/irq.c.obj
                0x0000000010000e60                irq_set_pending
 .text.irq_has_shared_handler
                0x0000000010000e70       0x2c CMakeFiles/serial.dir/Users/dirtyryguy/pico/pico-sdk/src/rp2_common/hardware_irq/irq.c.obj
                0x0000000010000e70                irq_has_shared_handler
 .text.irq_get_vtable_handler
                0x0000000010000e9c       0x10 CMakeFiles/serial.dir/Users/dirtyryguy/pico/pico-sdk/src/rp2_common/hardware_irq/irq.c.obj
                0x0000000010000e9c                irq_get_vtable_handler
 .text.irq_set_exclusive_handler
                0x0000000010000eac       0x54 CMakeFiles/serial.dir/Users/dirtyryguy/pico/pico-sdk/src/rp2_common/hardware_irq/irq.c.obj
                0x0000000010000eac                irq_set_exclusive_handler
 .text.irq_add_shared_handler
                0x0000000010000f00      0x1e4 CMakeFiles/serial.dir/Users/dirtyryguy/pico/pico-sdk/src/rp2_common/hardware_irq/irq.c.obj
                0x0000000010000f00                irq_add_shared_handler
 .text.irq_remove_handler
                0x00000000100010e4      0x1b4 CMakeFiles/serial.dir/Users/dirtyryguy/pico/pico-sdk/src/rp2_common/hardware_irq/irq.c.obj
                0x00000000100010e4                irq_remove_handler
 .text.irq_add_tail_to_free_list
                0x0000000010001298       0xb4 CMakeFiles/serial.dir/Users/dirtyryguy/pico/pico-sdk/src/rp2_common/hardware_irq/irq.c.obj
                0x0000000010001298                irq_add_tail_to_free_list
 .text.irq_init_priorities
                0x000000001000134c       0x24 CMakeFiles/serial.dir/Users/dirtyryguy/pico/pico-sdk/src/rp2_common/hardware_irq/irq.c.obj
                0x000000001000134c                irq_init_priorities
 .text.user_irq_claim_unused
                0x0000000010001370       0x30 CMakeFiles/serial.dir/Users/dirtyryguy/pico/pico-sdk/src/rp2_common/hardware_irq/irq.c.obj
                0x0000000010001370                user_irq_claim_unused
 .text.lock_init
                0x00000000100013a0       0x10 CMakeFiles/serial.dir/Users/dirtyryguy/pico/pico-sdk/src/common/pico_sync/lock_core.c.obj
                0x00000000100013a0                lock_init
 .text.timer_pool_entry_comparator
                0x00000000100013b0       0x34 CMakeFiles/serial.dir/Users/dirtyryguy/pico/pico-sdk/src/common/pico_time/time.c.obj
                0x00000000100013b0                timer_pool_entry_comparator
 .text.sleep_until_callback
                0x00000000100013e4       0x30 CMakeFiles/serial.dir/Users/dirtyryguy/pico/pico-sdk/src/common/pico_time/time.c.obj
 .text.add_alarm_under_lock.isra.0
                0x0000000010001414      0x100 CMakeFiles/serial.dir/Users/dirtyryguy/pico/pico-sdk/src/common/pico_time/time.c.obj
 .text.alarm_pool_alarm_callback
                0x0000000010001514      0x1c8 CMakeFiles/serial.dir/Users/dirtyryguy/pico/pico-sdk/src/common/pico_time/time.c.obj
 .text.alarm_pool_add_alarm_at.constprop.0
                0x00000000100016dc      0x11c CMakeFiles/serial.dir/Users/dirtyryguy/pico/pico-sdk/src/common/pico_time/time.c.obj
 .text.alarm_pool_init_default
                0x00000000100017f8       0x64 CMakeFiles/serial.dir/Users/dirtyryguy/pico/pico-sdk/src/common/pico_time/time.c.obj
                0x00000000100017f8                alarm_pool_init_default
 .text.alarm_pool_get_default
                0x000000001000185c        0x8 CMakeFiles/serial.dir/Users/dirtyryguy/pico/pico-sdk/src/common/pico_time/time.c.obj
                0x000000001000185c                alarm_pool_get_default
 .text.alarm_pool_add_alarm_at
                0x0000000010001864      0x194 CMakeFiles/serial.dir/Users/dirtyryguy/pico/pico-sdk/src/common/pico_time/time.c.obj
                0x0000000010001864                alarm_pool_add_alarm_at
 .text.sleep_until
                0x00000000100019f8       0xac CMakeFiles/serial.dir/Users/dirtyryguy/pico/pico-sdk/src/common/pico_time/time.c.obj
                0x00000000100019f8                sleep_until
 .text.sleep_us
                0x0000000010001aa4       0x30 CMakeFiles/serial.dir/Users/dirtyryguy/pico/pico-sdk/src/common/pico_time/time.c.obj
                0x0000000010001aa4                sleep_us
 .text.sleep_ms
                0x0000000010001ad4       0x38 CMakeFiles/serial.dir/Users/dirtyryguy/pico/pico-sdk/src/common/pico_time/time.c.obj
                0x0000000010001ad4                sleep_ms
 .text.best_effort_wfe_or_timeout
                0x0000000010001b0c       0xd4 CMakeFiles/serial.dir/Users/dirtyryguy/pico/pico-sdk/src/common/pico_time/time.c.obj
                0x0000000010001b0c                best_effort_wfe_or_timeout
 .text.hardware_alarm_irq_handler
                0x0000000010001be0       0xb8 CMakeFiles/serial.dir/Users/dirtyryguy/pico/pico-sdk/src/rp2_common/hardware_timer/timer.c.obj
 .text.hardware_alarm_claim
                0x0000000010001c98       0x18 CMakeFiles/serial.dir/Users/dirtyryguy/pico/pico-sdk/src/rp2_common/hardware_timer/timer.c.obj
                0x0000000010001c98                hardware_alarm_claim
 .text.time_us_64
                0x0000000010001cb0       0x14 CMakeFiles/serial.dir/Users/dirtyryguy/pico/pico-sdk/src/rp2_common/hardware_timer/timer.c.obj
                0x0000000010001cb0                time_us_64
 .text.busy_wait_us
                0x0000000010001cc4       0x54 CMakeFiles/serial.dir/Users/dirtyryguy/pico/pico-sdk/src/rp2_common/hardware_timer/timer.c.obj
                0x0000000010001cc4                busy_wait_us
 .text.busy_wait_until
                0x0000000010001d18       0x20 CMakeFiles/serial.dir/Users/dirtyryguy/pico/pico-sdk/src/rp2_common/hardware_timer/timer.c.obj
                0x0000000010001d18                busy_wait_until
 .text.hardware_alarm_set_callback
                0x0000000010001d38       0x8c CMakeFiles/serial.dir/Users/dirtyryguy/pico/pico-sdk/src/rp2_common/hardware_timer/timer.c.obj
                0x0000000010001d38                hardware_alarm_set_callback
 .text.hardware_alarm_set_target
                0x0000000010001dc4       0xe0 CMakeFiles/serial.dir/Users/dirtyryguy/pico/pico-sdk/src/rp2_common/hardware_timer/timer.c.obj
                0x0000000010001dc4                hardware_alarm_set_target
 .text.hardware_alarm_cancel
                0x0000000010001ea4       0x3c CMakeFiles/serial.dir/Users/dirtyryguy/pico/pico-sdk/src/rp2_common/hardware_timer/timer.c.obj
                0x0000000010001ea4                hardware_alarm_cancel
 .text.ph_merge_nodes
                0x0000000010001ee0       0x68 CMakeFiles/serial.dir/Users/dirtyryguy/pico/pico-sdk/src/common/pico_util/pheap.c.obj
 .text.ph_post_alloc_init
                0x0000000010001f48       0x3c CMakeFiles/serial.dir/Users/dirtyryguy/pico/pico-sdk/src/common/pico_util/pheap.c.obj
                0x0000000010001f48                ph_post_alloc_init
 .text.ph_merge_two_pass
                0x0000000010001f84       0x90 CMakeFiles/serial.dir/Users/dirtyryguy/pico/pico-sdk/src/common/pico_util/pheap.c.obj
                0x0000000010001f84                ph_merge_two_pass
 .text.ph_remove_any_head
                0x0000000010002014       0xf8 CMakeFiles/serial.dir/Users/dirtyryguy/pico/pico-sdk/src/common/pico_util/pheap.c.obj
 .text.ph_remove_head
                0x000000001000210c       0xfc CMakeFiles/serial.dir/Users/dirtyryguy/pico/pico-sdk/src/common/pico_util/pheap.c.obj
                0x000000001000210c                ph_remove_head
 .text.ph_remove_and_free_node
                0x0000000010002208       0x7c CMakeFiles/serial.dir/Users/dirtyryguy/pico/pico-sdk/src/common/pico_util/pheap.c.obj
                0x0000000010002208                ph_remove_and_free_node
 .text.mutex_init
                0x0000000010002284       0x1c CMakeFiles/serial.dir/Users/dirtyryguy/pico/pico-sdk/src/common/pico_sync/mutex.c.obj
                0x0000000010002284                mutex_init
 .text.recursive_mutex_init
                0x00000000100022a0       0x1c CMakeFiles/serial.dir/Users/dirtyryguy/pico/pico-sdk/src/common/pico_sync/mutex.c.obj
                0x00000000100022a0                recursive_mutex_init
 .text.critical_section_init
                0x00000000100022bc       0x20 CMakeFiles/serial.dir/Users/dirtyryguy/pico/pico-sdk/src/common/pico_sync/critical_section.c.obj
                0x00000000100022bc                critical_section_init
 .text.runtime_init
                0x00000000100022dc       0xf0 CMakeFiles/serial.dir/Users/dirtyryguy/pico/pico-sdk/src/rp2_common/pico_runtime/runtime.c.obj
                0x00000000100022dc                runtime_init
 .text._sbrk    0x00000000100023cc       0x34 CMakeFiles/serial.dir/Users/dirtyryguy/pico/pico-sdk/src/rp2_common/pico_runtime/runtime.c.obj
                0x00000000100023cc                _sbrk
 .text.exit     0x0000000010002400        0x4 CMakeFiles/serial.dir/Users/dirtyryguy/pico/pico-sdk/src/rp2_common/pico_runtime/runtime.c.obj
                0x0000000010002400                exit
 .text.__assert_func
                0x0000000010002404       0x34 CMakeFiles/serial.dir/Users/dirtyryguy/pico/pico-sdk/src/rp2_common/pico_runtime/runtime.c.obj
                0x0000000010002404                __assert_func
 .text.panic    0x0000000010002438       0x30 CMakeFiles/serial.dir/Users/dirtyryguy/pico/pico-sdk/src/rp2_common/pico_runtime/runtime.c.obj
                0x0000000010002438                panic
 .text.hard_assertion_failure
                0x0000000010002468        0xc CMakeFiles/serial.dir/Users/dirtyryguy/pico/pico-sdk/src/rp2_common/pico_runtime/runtime.c.obj
                0x0000000010002468                hard_assertion_failure
 .text.clocks_init
                0x0000000010002474      0x2bc CMakeFiles/serial.dir/Users/dirtyryguy/pico/pico-sdk/src/rp2_common/hardware_clocks/clocks.c.obj
                0x0000000010002474                clocks_init
 .text.pll_init
                0x0000000010002730       0xb0 CMakeFiles/serial.dir/Users/dirtyryguy/pico/pico-sdk/src/rp2_common/hardware_pll/pll.c.obj
                0x0000000010002730                pll_init
 .text.watchdog_start_tick
                0x00000000100027e0       0x10 CMakeFiles/serial.dir/Users/dirtyryguy/pico/pico-sdk/src/rp2_common/hardware_watchdog/watchdog.c.obj
                0x00000000100027e0                watchdog_start_tick
 .text.watchdog_reboot
                0x00000000100027f0       0x98 CMakeFiles/serial.dir/Users/dirtyryguy/pico/pico-sdk/src/rp2_common/hardware_watchdog/watchdog.c.obj
                0x00000000100027f0                watchdog_reboot
 .text.xosc_init
                0x0000000010002888       0x28 CMakeFiles/serial.dir/Users/dirtyryguy/pico/pico-sdk/src/rp2_common/hardware_xosc/xosc.c.obj
                0x0000000010002888                xosc_init
 .text._out_buffer
                0x00000000100028b0        0x8 CMakeFiles/serial.dir/Users/dirtyryguy/pico/pico-sdk/src/rp2_common/pico_printf/printf.c.obj
 .text._out_null
                0x00000000100028b8        0x4 CMakeFiles/serial.dir/Users/dirtyryguy/pico/pico-sdk/src/rp2_common/pico_printf/printf.c.obj
 .text._out_rev
                0x00000000100028bc       0x9c CMakeFiles/serial.dir/Users/dirtyryguy/pico/pico-sdk/src/rp2_common/pico_printf/printf.c.obj
 .text._ntoa_format
                0x0000000010002958      0x1cc CMakeFiles/serial.dir/Users/dirtyryguy/pico/pico-sdk/src/rp2_common/pico_printf/printf.c.obj
 .text._out_char
                0x0000000010002b24       0x10 CMakeFiles/serial.dir/Users/dirtyryguy/pico/pico-sdk/src/rp2_common/pico_printf/printf.c.obj
 .text._out_fct
                0x0000000010002b34       0x10 CMakeFiles/serial.dir/Users/dirtyryguy/pico/pico-sdk/src/rp2_common/pico_printf/printf.c.obj
 .text._etoa    0x0000000010002b44      0x44c CMakeFiles/serial.dir/Users/dirtyryguy/pico/pico-sdk/src/rp2_common/pico_printf/printf.c.obj
 .text._ftoa    0x0000000010002f90      0x398 CMakeFiles/serial.dir/Users/dirtyryguy/pico/pico-sdk/src/rp2_common/pico_printf/printf.c.obj
 .text._vsnprintf
                0x0000000010003328      0xb04 CMakeFiles/serial.dir/Users/dirtyryguy/pico/pico-sdk/src/rp2_common/pico_printf/printf.c.obj
 .text.__wrap_sprintf
                0x0000000010003e2c       0x28 CMakeFiles/serial.dir/Users/dirtyryguy/pico/pico-sdk/src/rp2_common/pico_printf/printf.c.obj
                0x0000000010003e2c                __wrap_sprintf
 .text.vfctprintf
                0x0000000010003e54       0x20 CMakeFiles/serial.dir/Users/dirtyryguy/pico/pico-sdk/src/rp2_common/pico_printf/printf.c.obj
                0x0000000010003e54                vfctprintf
 .text.weak_raw_printf
                0x0000000010003e74       0x40 CMakeFiles/serial.dir/Users/dirtyryguy/pico/pico-sdk/src/rp2_common/pico_printf/printf.c.obj
                0x0000000010003e74                weak_raw_printf
 .text.weak_raw_vprintf
                0x0000000010003eb4       0x30 CMakeFiles/serial.dir/Users/dirtyryguy/pico/pico-sdk/src/rp2_common/pico_printf/printf.c.obj
                0x0000000010003eb4                weak_raw_vprintf
 .text          0x0000000010003ee4       0x10 CMakeFiles/serial.dir/Users/dirtyryguy/pico/pico-sdk/src/rp2_common/pico_bit_ops/bit_ops_aeabi.S.obj
 .text.rom_func_lookup
                0x0000000010003ef4       0x10 CMakeFiles/serial.dir/Users/dirtyryguy/pico/pico-sdk/src/rp2_common/pico_bootrom/bootrom.c.obj
                0x0000000010003ef4                rom_func_lookup
 .text.rom_data_lookup
                0x0000000010003f04       0x10 CMakeFiles/serial.dir/Users/dirtyryguy/pico/pico-sdk/src/rp2_common/pico_bootrom/bootrom.c.obj
                0x0000000010003f04                rom_data_lookup
 .text.rom_funcs_lookup
                0x0000000010003f14       0x44 CMakeFiles/serial.dir/Users/dirtyryguy/pico/pico-sdk/src/rp2_common/pico_bootrom/bootrom.c.obj
                0x0000000010003f14                rom_funcs_lookup
 .text.__wrap___aeabi_idiv
                0x0000000010003f58       0x50 CMakeFiles/serial.dir/Users/dirtyryguy/pico/pico-sdk/src/rp2_common/pico_divider/divider.S.obj
                0x0000000010003f58                __wrap___aeabi_idivmod
                0x0000000010003f58                divmod_s32s32
                0x0000000010003f58                div_s32s32
                0x0000000010003f58                __wrap___aeabi_idiv
                0x0000000010003f60                divmod_s32s32_unsafe
                0x0000000010003f8c                divmod_s32s32_savestate
 .text.__wrap___aeabi_uidiv
                0x0000000010003fa8       0x4c CMakeFiles/serial.dir/Users/dirtyryguy/pico/pico-sdk/src/rp2_common/pico_divider/divider.S.obj
                0x0000000010003fa8                __wrap___aeabi_uidiv
                0x0000000010003fa8                __wrap___aeabi_uidivmod
                0x0000000010003fa8                div_u32u32
                0x0000000010003fa8                divmod_u32u32
                0x0000000010003fb0                divmod_u32u32_unsafe
                0x0000000010003fd8                divmod_u32u32_savestate
 .text.__wrap___aeabi_ldiv
                0x0000000010003ff4      0x434 CMakeFiles/serial.dir/Users/dirtyryguy/pico/pico-sdk/src/rp2_common/pico_divider/divider.S.obj
                0x0000000010003ff4                __wrap___aeabi_ldivmod
                0x0000000010003ff4                div_s64s64
                0x0000000010003ff4                divmod_s64s64
                0x000000001000402c                divmod_u64u64
                0x000000001000402c                div_u64u64
                0x000000001000402c                __wrap___aeabi_uldivmod
                0x000000001000403c                divmod_u64u64_savestate
                0x0000000010004064                divmod_s64s64_unsafe
                0x00000000100040ec                divmod_u64u64_unsafe
 .text.__wrap___aeabi_darithmetic
                0x0000000010004428       0x80 CMakeFiles/serial.dir/Users/dirtyryguy/pico/pico-sdk/src/rp2_common/pico_double/double_aeabi.S.obj
                0x0000000010004428                __wrap___aeabi_drsub
                0x000000001000442e                __wrap___aeabi_dsub
                0x0000000010004440                __wrap___aeabi_dadd
                0x0000000010004452                __wrap___aeabi_ddiv
                0x000000001000448e                __wrap___aeabi_dmul
 .text.__wrap___aeabi_cdcmple
                0x00000000100044a8       0x6c CMakeFiles/serial.dir/Users/dirtyryguy/pico/pico-sdk/src/rp2_common/pico_double/double_aeabi.S.obj
                0x00000000100044a8                __wrap___aeabi_cdrcmple
                0x00000000100044b8                __wrap___aeabi_cdcmple
                0x00000000100044b8                __wrap___aeabi_cdcmpeq
 .text.__wrap___aeabi_dcmpeq
                0x0000000010004514       0x10 CMakeFiles/serial.dir/Users/dirtyryguy/pico/pico-sdk/src/rp2_common/pico_double/double_aeabi.S.obj
                0x0000000010004514                __wrap___aeabi_dcmpeq
 .text.__wrap___aeabi_dcmplt
                0x0000000010004524        0xc CMakeFiles/serial.dir/Users/dirtyryguy/pico/pico-sdk/src/rp2_common/pico_double/double_aeabi.S.obj
                0x0000000010004524                __wrap___aeabi_dcmplt
 .text.__wrap___aeabi_dcmple
                0x0000000010004530       0x10 CMakeFiles/serial.dir/Users/dirtyryguy/pico/pico-sdk/src/rp2_common/pico_double/double_aeabi.S.obj
                0x0000000010004530                __wrap___aeabi_dcmple
 .text.__wrap___aeabi_dcmpge
                0x0000000010004540       0x10 CMakeFiles/serial.dir/Users/dirtyryguy/pico/pico-sdk/src/rp2_common/pico_double/double_aeabi.S.obj
                0x0000000010004540                __wrap___aeabi_dcmpge
 .text.__wrap___aeabi_dcmpgt
                0x0000000010004550        0xa CMakeFiles/serial.dir/Users/dirtyryguy/pico/pico-sdk/src/rp2_common/pico_double/double_aeabi.S.obj
                0x0000000010004550                __wrap___aeabi_dcmpgt
 .text.__wrap___aeabi_dcmpun
                0x000000001000455a       0x1c CMakeFiles/serial.dir/Users/dirtyryguy/pico/pico-sdk/src/rp2_common/pico_double/double_aeabi.S.obj
                0x000000001000455a                __wrap___aeabi_dcmpun
 *fill*         0x0000000010004576        0x2 
 .text.__wrap___aeabi_i2d
                0x0000000010004578       0x38 CMakeFiles/serial.dir/Users/dirtyryguy/pico/pico-sdk/src/rp2_common/pico_double/double_aeabi.S.obj
                0x0000000010004578                __wrap___aeabi_ui2d
                0x0000000010004580                __wrap___aeabi_i2d
 .text.__wrap___aeabi_d2iz
                0x00000000100045b0       0x48 CMakeFiles/serial.dir/Users/dirtyryguy/pico/pico-sdk/src/rp2_common/pico_double/double_aeabi.S.obj
                0x00000000100045b0                __wrap___aeabi_d2iz
                0x00000000100045b0                double2int_z
 .text.__wrap___aeabi_d2uiz
                0x00000000100045f8       0x18 CMakeFiles/serial.dir/Users/dirtyryguy/pico/pico-sdk/src/rp2_common/pico_double/double_aeabi.S.obj
                0x00000000100045f8                double2uint
                0x00000000100045f8                __wrap___aeabi_d2uiz
 .text.__wrap___aeabi_l2d
                0x0000000010004610       0x18 CMakeFiles/serial.dir/Users/dirtyryguy/pico/pico-sdk/src/rp2_common/pico_double/double_aeabi.S.obj
                0x0000000010004610                __wrap___aeabi_l2d
 .text.__wrap___aeabi_d2lz
                0x0000000010004628       0x26 CMakeFiles/serial.dir/Users/dirtyryguy/pico/pico-sdk/src/rp2_common/pico_double/double_aeabi.S.obj
                0x0000000010004628                __wrap___aeabi_d2lz
                0x0000000010004628                double2int64_z
 *fill*         0x000000001000464e        0x2 
 .text.double2int64
                0x0000000010004650       0x18 CMakeFiles/serial.dir/Users/dirtyryguy/pico/pico-sdk/src/rp2_common/pico_double/double_aeabi.S.obj
                0x0000000010004650                double2int64
 .text.double2ufix64
                0x0000000010004668       0x18 CMakeFiles/serial.dir/Users/dirtyryguy/pico/pico-sdk/src/rp2_common/pico_double/double_aeabi.S.obj
                0x0000000010004668                double2ufix64
 .text.__wrap___aeabi_d2f
                0x0000000010004680       0x18 CMakeFiles/serial.dir/Users/dirtyryguy/pico/pico-sdk/src/rp2_common/pico_double/double_aeabi.S.obj
                0x0000000010004680                __wrap___aeabi_d2f
 .text.__aeabi_double_init
                0x0000000010004698       0x94 CMakeFiles/serial.dir/Users/dirtyryguy/pico/pico-sdk/src/rp2_common/pico_double/double_init_rom.c.obj
                0x0000000010004698                __aeabi_double_init
 .text.double_table_shim_on_use_helper
                0x000000001000472c       0x2c CMakeFiles/serial.dir/Users/dirtyryguy/pico/pico-sdk/src/rp2_common/pico_double/double_v1_rom_shim.S.obj
                0x000000001000472c                double_table_shim_on_use_helper
 .text.__wrap___aeabi_dsub
                0x0000000010004758       0x10 CMakeFiles/serial.dir/Users/dirtyryguy/pico/pico-sdk/src/rp2_common/pico_double/double_v1_rom_shim.S.obj
                0x0000000010004758                drsub_shim
                0x000000001000475e                dsub_shim
 .text.dadd_shim
                0x0000000010004768      0x15c CMakeFiles/serial.dir/Users/dirtyryguy/pico/pico-sdk/src/rp2_common/pico_double/double_v1_rom_shim.S.obj
                0x0000000010004768                dadd_shim
 .text.dmul_shim
                0x00000000100048c4      0x15c CMakeFiles/serial.dir/Users/dirtyryguy/pico/pico-sdk/src/rp2_common/pico_double/double_v1_rom_shim.S.obj
                0x00000000100048c4                dmul_shim
 .text.ddiv_shim
                0x0000000010004a20      0x1b0 CMakeFiles/serial.dir/Users/dirtyryguy/pico/pico-sdk/src/rp2_common/pico_double/double_v1_rom_shim.S.obj
                0x0000000010004a20                ddiv_shim
 .text.double2uint_shim
                0x0000000010004bd0        0xe CMakeFiles/serial.dir/Users/dirtyryguy/pico/pico-sdk/src/rp2_common/pico_double/double_v1_rom_shim.S.obj
                0x0000000010004bd0                double2uint_shim
                0x0000000010004bd2                double2ufix_shim
 .text.double2int64_shim
                0x0000000010004bde       0x1a CMakeFiles/serial.dir/Users/dirtyryguy/pico/pico-sdk/src/rp2_common/pico_double/double_v1_rom_shim.S.obj
                0x0000000010004bde                double2int64_shim
                0x0000000010004be0                double2fix64_shim
 .text.double2uint64_shim
                0x0000000010004bf8       0x70 CMakeFiles/serial.dir/Users/dirtyryguy/pico/pico-sdk/src/rp2_common/pico_double/double_v1_rom_shim.S.obj
                0x0000000010004bf8                double2uint64_shim
                0x0000000010004bfa                double2ufix64_shim
                0x0000000010004c1a                d2fix_a
 .text.double2float_shim
                0x0000000010004c68       0x5c CMakeFiles/serial.dir/Users/dirtyryguy/pico/pico-sdk/src/rp2_common/pico_double/double_v1_rom_shim.S.obj
                0x0000000010004c68                double2float_shim
 .text.x2double_shims
                0x0000000010004cc4       0x90 CMakeFiles/serial.dir/Users/dirtyryguy/pico/pico-sdk/src/rp2_common/pico_double/double_v1_rom_shim.S.obj
                0x0000000010004cc4                uint2double_shim
                0x0000000010004cc6                ufix2double_shim
                0x0000000010004ccc                int2double_shim
                0x0000000010004cce                fix2double_shim
                0x0000000010004cd4                uint642double_shim
                0x0000000010004cd6                ufix642double_shim
                0x0000000010004cdc                int642double_shim
                0x0000000010004cde                fix642double_shim
 .text.dunpacks
                0x0000000010004d54       0x3c CMakeFiles/serial.dir/Users/dirtyryguy/pico/pico-sdk/src/rp2_common/pico_double/double_v1_rom_shim.S.obj
                0x0000000010004d54                dunpacks
 .text.__aeabi_lmul
                0x0000000010004d90       0x32 CMakeFiles/serial.dir/Users/dirtyryguy/pico/pico-sdk/src/rp2_common/pico_int64_ops/pico_int64_ops_aeabi.S.obj
                0x0000000010004d90                __wrap___aeabi_lmul
 *fill*         0x0000000010004dc2        0x2 
 .text.__aeabi_float_init
                0x0000000010004dc4       0x64 CMakeFiles/serial.dir/Users/dirtyryguy/pico/pico-sdk/src/rp2_common/pico_float/float_init_rom.c.obj
                0x0000000010004dc4                __aeabi_float_init
 .text.float_table_shim_on_use_helper
                0x0000000010004e28       0x2c CMakeFiles/serial.dir/Users/dirtyryguy/pico/pico-sdk/src/rp2_common/pico_float/float_v1_rom_shim.S.obj
                0x0000000010004e28                float_table_shim_on_use_helper
 .text.__wrap_malloc
                0x0000000010004e54       0x3c CMakeFiles/serial.dir/Users/dirtyryguy/pico/pico-sdk/src/rp2_common/pico_malloc/pico_malloc.c.obj
                0x0000000010004e54                __wrap_malloc
 .text.__wrap_realloc
                0x0000000010004e90       0x40 CMakeFiles/serial.dir/Users/dirtyryguy/pico/pico-sdk/src/rp2_common/pico_malloc/pico_malloc.c.obj
                0x0000000010004e90                __wrap_realloc
 .text.__wrap_free
                0x0000000010004ed0       0x20 CMakeFiles/serial.dir/Users/dirtyryguy/pico/pico-sdk/src/rp2_common/pico_malloc/pico_malloc.c.obj
                0x0000000010004ed0                __wrap_free
 .text          0x0000000010004ef0       0x10 CMakeFiles/serial.dir/Users/dirtyryguy/pico/pico-sdk/src/rp2_common/pico_mem_ops/mem_ops_aeabi.S.obj
                0x0000000010004ef0                __aeabi_mem_init
 .text.memset   0x0000000010004f00        0xc CMakeFiles/serial.dir/Users/dirtyryguy/pico/pico-sdk/src/rp2_common/pico_mem_ops/mem_ops_aeabi.S.obj
                0x0000000010004f00                __wrap_memset
 .text.memcpy   0x0000000010004f0c        0xc CMakeFiles/serial.dir/Users/dirtyryguy/pico/pico-sdk/src/rp2_common/pico_mem_ops/mem_ops_aeabi.S.obj
                0x0000000010004f0c                __wrap___aeabi_memcpy
                0x0000000010004f0c                __wrap_memcpy
 .text.stdio_out_chars_no_crlf
                0x0000000010004f18       0x10 CMakeFiles/serial.dir/Users/dirtyryguy/pico/pico-sdk/src/rp2_common/pico_stdio/stdio.c.obj
 .text.stdio_out_chars_crlf
                0x0000000010004f28       0xb4 CMakeFiles/serial.dir/Users/dirtyryguy/pico/pico-sdk/src/rp2_common/pico_stdio/stdio.c.obj
 .text.stdio_buffered_printer
                0x0000000010004fdc       0x64 CMakeFiles/serial.dir/Users/dirtyryguy/pico/pico-sdk/src/rp2_common/pico_stdio/stdio.c.obj
 .text.stdio_put_string.isra.0
                0x0000000010005040       0xfc CMakeFiles/serial.dir/Users/dirtyryguy/pico/pico-sdk/src/rp2_common/pico_stdio/stdio.c.obj
 .text.__wrap_putchar
                0x000000001000513c       0xa0 CMakeFiles/serial.dir/Users/dirtyryguy/pico/pico-sdk/src/rp2_common/pico_stdio/stdio.c.obj
                0x000000001000513c                __wrap_putchar
 .text.__wrap_puts
                0x00000000100051dc       0x3c CMakeFiles/serial.dir/Users/dirtyryguy/pico/pico-sdk/src/rp2_common/pico_stdio/stdio.c.obj
                0x00000000100051dc                __wrap_puts
 .text._read    0x0000000010005218       0x94 CMakeFiles/serial.dir/Users/dirtyryguy/pico/pico-sdk/src/rp2_common/pico_stdio/stdio.c.obj
                0x0000000010005218                _read
 .text._write   0x00000000100052ac       0xb0 CMakeFiles/serial.dir/Users/dirtyryguy/pico/pico-sdk/src/rp2_common/pico_stdio/stdio.c.obj
                0x00000000100052ac                _write
 .text.stdio_set_driver_enabled
                0x000000001000535c       0x30 CMakeFiles/serial.dir/Users/dirtyryguy/pico/pico-sdk/src/rp2_common/pico_stdio/stdio.c.obj
                0x000000001000535c                stdio_set_driver_enabled
 .text.__wrap_vprintf
                0x000000001000538c       0xd8 CMakeFiles/serial.dir/Users/dirtyryguy/pico/pico-sdk/src/rp2_common/pico_stdio/stdio.c.obj
                0x000000001000538c                __wrap_vprintf
 .text.__wrap_printf
                0x0000000010005464       0x18 CMakeFiles/serial.dir/Users/dirtyryguy/pico/pico-sdk/src/rp2_common/pico_stdio/stdio.c.obj
                0x0000000010005464                __wrap_printf
 .text.stdio_init_all
                0x000000001000547c        0x8 CMakeFiles/serial.dir/Users/dirtyryguy/pico/pico-sdk/src/rp2_common/pico_stdio/stdio.c.obj
                0x000000001000547c                stdio_init_all
 .text.resetd_init
                0x0000000010005484        0x4 CMakeFiles/serial.dir/Users/dirtyryguy/pico/pico-sdk/src/rp2_common/pico_stdio_usb/reset_interface.c.obj
 .text.resetd_reset
                0x0000000010005488        0xc CMakeFiles/serial.dir/Users/dirtyryguy/pico/pico-sdk/src/rp2_common/pico_stdio_usb/reset_interface.c.obj
 .text.resetd_open
                0x0000000010005494       0x28 CMakeFiles/serial.dir/Users/dirtyryguy/pico/pico-sdk/src/rp2_common/pico_stdio_usb/reset_interface.c.obj
 .text.resetd_xfer_cb
                0x00000000100054bc        0x4 CMakeFiles/serial.dir/Users/dirtyryguy/pico/pico-sdk/src/rp2_common/pico_stdio_usb/reset_interface.c.obj
 .text.resetd_control_xfer_cb
                0x00000000100054c0       0x64 CMakeFiles/serial.dir/Users/dirtyryguy/pico/pico-sdk/src/rp2_common/pico_stdio_usb/reset_interface.c.obj
 .text.usbd_app_driver_get_cb
                0x0000000010005524        0xc CMakeFiles/serial.dir/Users/dirtyryguy/pico/pico-sdk/src/rp2_common/pico_stdio_usb/reset_interface.c.obj
                0x0000000010005524                usbd_app_driver_get_cb
 .text.tud_cdc_line_coding_cb
                0x0000000010005530       0x34 CMakeFiles/serial.dir/Users/dirtyryguy/pico/pico-sdk/src/rp2_common/pico_stdio_usb/reset_interface.c.obj
                0x0000000010005530                tud_cdc_line_coding_cb
 .text.stdio_usb_in_chars
                0x0000000010005564       0x68 CMakeFiles/serial.dir/Users/dirtyryguy/pico/pico-sdk/src/rp2_common/pico_stdio_usb/stdio_usb.c.obj
                0x0000000010005564                stdio_usb_in_chars
 .text.stdio_usb_out_chars
                0x00000000100055cc       0xe4 CMakeFiles/serial.dir/Users/dirtyryguy/pico/pico-sdk/src/rp2_common/pico_stdio_usb/stdio_usb.c.obj
 .text.timer_task
                0x00000000100056b0       0x18 CMakeFiles/serial.dir/Users/dirtyryguy/pico/pico-sdk/src/rp2_common/pico_stdio_usb/stdio_usb.c.obj
 .text.usb_irq  0x00000000100056c8       0x10 CMakeFiles/serial.dir/Users/dirtyryguy/pico/pico-sdk/src/rp2_common/pico_stdio_usb/stdio_usb.c.obj
 .text.low_priority_worker_irq
                0x00000000100056d8       0x24 CMakeFiles/serial.dir/Users/dirtyryguy/pico/pico-sdk/src/rp2_common/pico_stdio_usb/stdio_usb.c.obj
 .text.stdio_usb_init
                0x00000000100056fc       0xb0 CMakeFiles/serial.dir/Users/dirtyryguy/pico/pico-sdk/src/rp2_common/pico_stdio_usb/stdio_usb.c.obj
                0x00000000100056fc                stdio_usb_init
 .text.stdio_usb_connected
                0x00000000100057ac        0xc CMakeFiles/serial.dir/Users/dirtyryguy/pico/pico-sdk/src/rp2_common/pico_stdio_usb/stdio_usb.c.obj
                0x00000000100057ac                stdio_usb_connected
 .text.tud_descriptor_device_cb
                0x00000000100057b8        0x8 CMakeFiles/serial.dir/Users/dirtyryguy/pico/pico-sdk/src/rp2_common/pico_stdio_usb/stdio_usb_descriptors.c.obj
                0x00000000100057b8                tud_descriptor_device_cb
 .text.tud_descriptor_configuration_cb
                0x00000000100057c0        0x8 CMakeFiles/serial.dir/Users/dirtyryguy/pico/pico-sdk/src/rp2_common/pico_stdio_usb/stdio_usb_descriptors.c.obj
                0x00000000100057c0                tud_descriptor_configuration_cb
 .text.tud_descriptor_string_cb
                0x00000000100057c8       0x74 CMakeFiles/serial.dir/Users/dirtyryguy/pico/pico-sdk/src/rp2_common/pico_stdio_usb/stdio_usb_descriptors.c.obj
                0x00000000100057c8                tud_descriptor_string_cb
 .text.dcd_rp2040_irq
                0x000000001000583c      0x21c CMakeFiles/serial.dir/Users/dirtyryguy/pico/pico-sdk/lib/tinyusb/src/portable/raspberrypi/rp2040/dcd_rp2040.c.obj
 .text.dcd_int_enable
                0x0000000010005a58        0xc CMakeFiles/serial.dir/Users/dirtyryguy/pico/pico-sdk/lib/tinyusb/src/portable/raspberrypi/rp2040/dcd_rp2040.c.obj
                0x0000000010005a58                dcd_int_enable
 .text.dcd_set_address
                0x0000000010005a64       0x14 CMakeFiles/serial.dir/Users/dirtyryguy/pico/pico-sdk/lib/tinyusb/src/portable/raspberrypi/rp2040/dcd_rp2040.c.obj
                0x0000000010005a64                dcd_set_address
 .text.dcd_connect
                0x0000000010005a78       0x10 CMakeFiles/serial.dir/Users/dirtyryguy/pico/pico-sdk/lib/tinyusb/src/portable/raspberrypi/rp2040/dcd_rp2040.c.obj
                0x0000000010005a78                dcd_connect
 .text.dcd_init
                0x0000000010005a88      0x144 CMakeFiles/serial.dir/Users/dirtyryguy/pico/pico-sdk/lib/tinyusb/src/portable/raspberrypi/rp2040/dcd_rp2040.c.obj
                0x0000000010005a88                dcd_init
 .text.dcd_edpt0_status_complete
                0x0000000010005bcc       0x1c CMakeFiles/serial.dir/Users/dirtyryguy/pico/pico-sdk/lib/tinyusb/src/portable/raspberrypi/rp2040/dcd_rp2040.c.obj
                0x0000000010005bcc                dcd_edpt0_status_complete
 .text.dcd_edpt_open
                0x0000000010005be8       0xf0 CMakeFiles/serial.dir/Users/dirtyryguy/pico/pico-sdk/lib/tinyusb/src/portable/raspberrypi/rp2040/dcd_rp2040.c.obj
                0x0000000010005be8                dcd_edpt_open
 .text.dcd_edpt_close_all
                0x0000000010005cd8       0xbc CMakeFiles/serial.dir/Users/dirtyryguy/pico/pico-sdk/lib/tinyusb/src/portable/raspberrypi/rp2040/dcd_rp2040.c.obj
                0x0000000010005cd8                dcd_edpt_close_all
 .text.dcd_edpt_xfer
                0x0000000010005d94       0x24 CMakeFiles/serial.dir/Users/dirtyryguy/pico/pico-sdk/lib/tinyusb/src/portable/raspberrypi/rp2040/dcd_rp2040.c.obj
                0x0000000010005d94                dcd_edpt_xfer
 .text.dcd_edpt_stall
                0x0000000010005db8       0x38 CMakeFiles/serial.dir/Users/dirtyryguy/pico/pico-sdk/lib/tinyusb/src/portable/raspberrypi/rp2040/dcd_rp2040.c.obj
                0x0000000010005db8                dcd_edpt_stall
 .text.dcd_edpt_clear_stall
                0x0000000010005df0       0x30 CMakeFiles/serial.dir/Users/dirtyryguy/pico/pico-sdk/lib/tinyusb/src/portable/raspberrypi/rp2040/dcd_rp2040.c.obj
                0x0000000010005df0                dcd_edpt_clear_stall
 .text._hw_endpoint_buffer_control_update32.part.0.isra.0
                0x0000000010005e20       0x1c CMakeFiles/serial.dir/Users/dirtyryguy/pico/pico-sdk/lib/tinyusb/src/portable/raspberrypi/rp2040/rp2040_usb.c.obj
 .text.rp2040_usb_init
                0x0000000010005e3c       0x4c CMakeFiles/serial.dir/Users/dirtyryguy/pico/pico-sdk/lib/tinyusb/src/portable/raspberrypi/rp2040/rp2040_usb.c.obj
                0x0000000010005e3c                rp2040_usb_init
 .text.hw_endpoint_reset_transfer
                0x0000000010005e88        0xc CMakeFiles/serial.dir/Users/dirtyryguy/pico/pico-sdk/lib/tinyusb/src/portable/raspberrypi/rp2040/rp2040_usb.c.obj
                0x0000000010005e88                hw_endpoint_reset_transfer
 .text._hw_endpoint_buffer_control_update32
                0x0000000010005e94       0x44 CMakeFiles/serial.dir/Users/dirtyryguy/pico/pico-sdk/lib/tinyusb/src/portable/raspberrypi/rp2040/rp2040_usb.c.obj
                0x0000000010005e94                _hw_endpoint_buffer_control_update32
 .text.hw_endpoint_xfer_start
                0x0000000010005ed8      0x138 CMakeFiles/serial.dir/Users/dirtyryguy/pico/pico-sdk/lib/tinyusb/src/portable/raspberrypi/rp2040/rp2040_usb.c.obj
                0x0000000010005ed8                hw_endpoint_xfer_start
 .text.hw_endpoint_xfer_continue
                0x0000000010006010      0x1e4 CMakeFiles/serial.dir/Users/dirtyryguy/pico/pico-sdk/lib/tinyusb/src/portable/raspberrypi/rp2040/rp2040_usb.c.obj
                0x0000000010006010                hw_endpoint_xfer_continue
 .text.tud_mounted
                0x00000000100061f4       0x10 CMakeFiles/serial.dir/Users/dirtyryguy/pico/pico-sdk/lib/tinyusb/src/device/usbd.c.obj
                0x00000000100061f4                tud_mounted
 .text.tud_suspended
                0x0000000010006204       0x10 CMakeFiles/serial.dir/Users/dirtyryguy/pico/pico-sdk/lib/tinyusb/src/device/usbd.c.obj
                0x0000000010006204                tud_suspended
 .text.tud_inited
                0x0000000010006214        0xc CMakeFiles/serial.dir/Users/dirtyryguy/pico/pico-sdk/lib/tinyusb/src/device/usbd.c.obj
                0x0000000010006214                tud_inited
 .text.tud_init
                0x0000000010006220       0xd8 CMakeFiles/serial.dir/Users/dirtyryguy/pico/pico-sdk/lib/tinyusb/src/device/usbd.c.obj
                0x0000000010006220                tud_init
 .text.tud_task
                0x00000000100062f8      0x8ec CMakeFiles/serial.dir/Users/dirtyryguy/pico/pico-sdk/lib/tinyusb/src/device/usbd.c.obj
                0x00000000100062f8                tud_task
 .text.dcd_event_bus_signal
                0x0000000010006be4      0x120 CMakeFiles/serial.dir/Users/dirtyryguy/pico/pico-sdk/lib/tinyusb/src/device/usbd.c.obj
                0x0000000010006be4                dcd_event_bus_signal
 .text.dcd_event_bus_reset
                0x0000000010006d04       0x54 CMakeFiles/serial.dir/Users/dirtyryguy/pico/pico-sdk/lib/tinyusb/src/device/usbd.c.obj
                0x0000000010006d04                dcd_event_bus_reset
 .text.dcd_event_setup_received
                0x0000000010006d58       0x50 CMakeFiles/serial.dir/Users/dirtyryguy/pico/pico-sdk/lib/tinyusb/src/device/usbd.c.obj
                0x0000000010006d58                dcd_event_setup_received
 .text.dcd_event_xfer_complete
                0x0000000010006da8       0x68 CMakeFiles/serial.dir/Users/dirtyryguy/pico/pico-sdk/lib/tinyusb/src/device/usbd.c.obj
                0x0000000010006da8                dcd_event_xfer_complete
 .text.usbd_open_edpt_pair
                0x0000000010006e10       0x80 CMakeFiles/serial.dir/Users/dirtyryguy/pico/pico-sdk/lib/tinyusb/src/device/usbd.c.obj
                0x0000000010006e10                usbd_open_edpt_pair
 .text.usbd_edpt_open
                0x0000000010006e90       0x30 CMakeFiles/serial.dir/Users/dirtyryguy/pico/pico-sdk/lib/tinyusb/src/device/usbd.c.obj
                0x0000000010006e90                usbd_edpt_open
 .text.usbd_edpt_claim
                0x0000000010006ec0       0x64 CMakeFiles/serial.dir/Users/dirtyryguy/pico/pico-sdk/lib/tinyusb/src/device/usbd.c.obj
                0x0000000010006ec0                usbd_edpt_claim
 .text.usbd_edpt_release
                0x0000000010006f24       0x4c CMakeFiles/serial.dir/Users/dirtyryguy/pico/pico-sdk/lib/tinyusb/src/device/usbd.c.obj
                0x0000000010006f24                usbd_edpt_release
 .text.usbd_edpt_xfer
                0x0000000010006f70       0x48 CMakeFiles/serial.dir/Users/dirtyryguy/pico/pico-sdk/lib/tinyusb/src/device/usbd.c.obj
                0x0000000010006f70                usbd_edpt_xfer
 .text.tud_control_status
                0x0000000010006fb8       0x30 CMakeFiles/serial.dir/Users/dirtyryguy/pico/pico-sdk/lib/tinyusb/src/device/usbd_control.c.obj
                0x0000000010006fb8                tud_control_status
 .text.tud_control_xfer
                0x0000000010006fe8       0xbc CMakeFiles/serial.dir/Users/dirtyryguy/pico/pico-sdk/lib/tinyusb/src/device/usbd_control.c.obj
                0x0000000010006fe8                tud_control_xfer
 .text.usbd_control_reset
                0x00000000100070a4       0x14 CMakeFiles/serial.dir/Users/dirtyryguy/pico/pico-sdk/lib/tinyusb/src/device/usbd_control.c.obj
                0x00000000100070a4                usbd_control_reset
 .text.usbd_control_set_complete_callback
                0x00000000100070b8        0xc CMakeFiles/serial.dir/Users/dirtyryguy/pico/pico-sdk/lib/tinyusb/src/device/usbd_control.c.obj
                0x00000000100070b8                usbd_control_set_complete_callback
 .text.usbd_control_set_request
                0x00000000100070c4       0x1c CMakeFiles/serial.dir/Users/dirtyryguy/pico/pico-sdk/lib/tinyusb/src/device/usbd_control.c.obj
                0x00000000100070c4                usbd_control_set_request
 .text.usbd_control_xfer_cb
                0x00000000100070e0       0xfc CMakeFiles/serial.dir/Users/dirtyryguy/pico/pico-sdk/lib/tinyusb/src/device/usbd_control.c.obj
                0x00000000100070e0                usbd_control_xfer_cb
 .text.tud_cdc_n_connected
                0x00000000100071dc       0x30 CMakeFiles/serial.dir/Users/dirtyryguy/pico/pico-sdk/lib/tinyusb/src/class/cdc/cdc_device.c.obj
                0x00000000100071dc                tud_cdc_n_connected
 .text.tud_cdc_n_available
                0x000000001000720c       0x18 CMakeFiles/serial.dir/Users/dirtyryguy/pico/pico-sdk/lib/tinyusb/src/class/cdc/cdc_device.c.obj
                0x000000001000720c                tud_cdc_n_available
 .text.tud_cdc_n_read
                0x0000000010007224       0x70 CMakeFiles/serial.dir/Users/dirtyryguy/pico/pico-sdk/lib/tinyusb/src/class/cdc/cdc_device.c.obj
                0x0000000010007224                tud_cdc_n_read
 .text.tud_cdc_n_write_flush
                0x0000000010007294       0x78 CMakeFiles/serial.dir/Users/dirtyryguy/pico/pico-sdk/lib/tinyusb/src/class/cdc/cdc_device.c.obj
                0x0000000010007294                tud_cdc_n_write_flush
 .text.tud_cdc_n_write
                0x000000001000730c       0x34 CMakeFiles/serial.dir/Users/dirtyryguy/pico/pico-sdk/lib/tinyusb/src/class/cdc/cdc_device.c.obj
                0x000000001000730c                tud_cdc_n_write
 .text.tud_cdc_n_write_available
                0x0000000010007340       0x18 CMakeFiles/serial.dir/Users/dirtyryguy/pico/pico-sdk/lib/tinyusb/src/class/cdc/cdc_device.c.obj
                0x0000000010007340                tud_cdc_n_write_available
 .text.cdcd_init
                0x0000000010007358       0x7c CMakeFiles/serial.dir/Users/dirtyryguy/pico/pico-sdk/lib/tinyusb/src/class/cdc/cdc_device.c.obj
                0x0000000010007358                cdcd_init
 .text.cdcd_reset
                0x00000000100073d4       0x2c CMakeFiles/serial.dir/Users/dirtyryguy/pico/pico-sdk/lib/tinyusb/src/class/cdc/cdc_device.c.obj
                0x00000000100073d4                cdcd_reset
 .text.cdcd_open
                0x0000000010007400       0xe4 CMakeFiles/serial.dir/Users/dirtyryguy/pico/pico-sdk/lib/tinyusb/src/class/cdc/cdc_device.c.obj
                0x0000000010007400                cdcd_open
 .text.cdcd_control_xfer_cb
                0x00000000100074e4       0xe4 CMakeFiles/serial.dir/Users/dirtyryguy/pico/pico-sdk/lib/tinyusb/src/class/cdc/cdc_device.c.obj
                0x00000000100074e4                cdcd_control_xfer_cb
 .text.cdcd_xfer_cb
                0x00000000100075c8      0x148 CMakeFiles/serial.dir/Users/dirtyryguy/pico/pico-sdk/lib/tinyusb/src/class/cdc/cdc_device.c.obj
                0x00000000100075c8                cdcd_xfer_cb
 .text.tusb_init
                0x0000000010007710        0xc CMakeFiles/serial.dir/Users/dirtyryguy/pico/pico-sdk/lib/tinyusb/src/tusb.c.obj
                0x0000000010007710                tusb_init
 .text.tusb_inited
                0x000000001000771c        0x8 CMakeFiles/serial.dir/Users/dirtyryguy/pico/pico-sdk/lib/tinyusb/src/tusb.c.obj
                0x000000001000771c                tusb_inited
 .text.tu_edpt_validate
                0x0000000010007724       0x78 CMakeFiles/serial.dir/Users/dirtyryguy/pico/pico-sdk/lib/tinyusb/src/tusb.c.obj
                0x0000000010007724                tu_edpt_validate
 .text.tu_edpt_bind_driver
                0x000000001000779c       0x2c CMakeFiles/serial.dir/Users/dirtyryguy/pico/pico-sdk/lib/tinyusb/src/tusb.c.obj
                0x000000001000779c                tu_edpt_bind_driver
 .text.tu_fifo_config
                0x00000000100077c8       0x78 CMakeFiles/serial.dir/Users/dirtyryguy/pico/pico-sdk/lib/tinyusb/src/common/tusb_fifo.c.obj
                0x00000000100077c8                tu_fifo_config
 .text.tu_fifo_count
                0x0000000010007840       0x20 CMakeFiles/serial.dir/Users/dirtyryguy/pico/pico-sdk/lib/tinyusb/src/common/tusb_fifo.c.obj
                0x0000000010007840                tu_fifo_count
 .text.tu_fifo_empty
                0x0000000010007860       0x10 CMakeFiles/serial.dir/Users/dirtyryguy/pico/pico-sdk/lib/tinyusb/src/common/tusb_fifo.c.obj
                0x0000000010007860                tu_fifo_empty
 .text.tu_fifo_remaining
                0x0000000010007870       0x1c CMakeFiles/serial.dir/Users/dirtyryguy/pico/pico-sdk/lib/tinyusb/src/common/tusb_fifo.c.obj
                0x0000000010007870                tu_fifo_remaining
 .text.tu_fifo_read
                0x000000001000788c       0x9c CMakeFiles/serial.dir/Users/dirtyryguy/pico/pico-sdk/lib/tinyusb/src/common/tusb_fifo.c.obj
                0x000000001000788c                tu_fifo_read
 .text.tu_fifo_read_n
                0x0000000010007928      0x100 CMakeFiles/serial.dir/Users/dirtyryguy/pico/pico-sdk/lib/tinyusb/src/common/tusb_fifo.c.obj
                0x0000000010007928                tu_fifo_read_n
 .text.tu_fifo_write
                0x0000000010007a28       0x7c CMakeFiles/serial.dir/Users/dirtyryguy/pico/pico-sdk/lib/tinyusb/src/common/tusb_fifo.c.obj
                0x0000000010007a28                tu_fifo_write
 .text.tu_fifo_write_n
                0x0000000010007aa4      0x100 CMakeFiles/serial.dir/Users/dirtyryguy/pico/pico-sdk/lib/tinyusb/src/common/tusb_fifo.c.obj
                0x0000000010007aa4                tu_fifo_write_n
 .text.tu_fifo_clear
                0x0000000010007ba4       0x4c CMakeFiles/serial.dir/Users/dirtyryguy/pico/pico-sdk/lib/tinyusb/src/common/tusb_fifo.c.obj
                0x0000000010007ba4                tu_fifo_clear
 .text.tu_fifo_set_overwritable
                0x0000000010007bf0       0x3c CMakeFiles/serial.dir/Users/dirtyryguy/pico/pico-sdk/lib/tinyusb/src/common/tusb_fifo.c.obj
                0x0000000010007bf0                tu_fifo_set_overwritable
 .text.startup._retrieve_unique_id_on_boot
                0x0000000010007c2c       0x10 CMakeFiles/serial.dir/Users/dirtyryguy/pico/pico-sdk/src/rp2_common/pico_unique_id/unique_id.c.obj
 .text.pico_get_unique_board_id_string
                0x0000000010007c3c      0x1a8 CMakeFiles/serial.dir/Users/dirtyryguy/pico/pico-sdk/src/rp2_common/pico_unique_id/unique_id.c.obj
                0x0000000010007c3c                pico_get_unique_board_id_string
 .text.flash_get_unique_id
                0x0000000010007de4       0x40 CMakeFiles/serial.dir/Users/dirtyryguy/pico/pico-sdk/src/rp2_common/hardware_flash/flash.c.obj
                0x0000000010007de4                flash_get_unique_id
 .text.core1_trampoline
                0x0000000010007e24        0x4 CMakeFiles/serial.dir/Users/dirtyryguy/pico/pico-sdk/src/rp2_common/pico_multicore/multicore.c.obj
 .text.core1_wrapper
                0x0000000010007e28        0xc CMakeFiles/serial.dir/Users/dirtyryguy/pico/pico-sdk/src/rp2_common/pico_multicore/multicore.c.obj
                0x0000000010007e28                core1_wrapper
 .text.multicore_launch_core1_raw
                0x0000000010007e34       0x84 CMakeFiles/serial.dir/Users/dirtyryguy/pico/pico-sdk/src/rp2_common/pico_multicore/multicore.c.obj
                0x0000000010007e34                multicore_launch_core1_raw
 .text.multicore_launch_core1
                0x0000000010007eb8       0x4c CMakeFiles/serial.dir/Users/dirtyryguy/pico/pico-sdk/src/rp2_common/pico_multicore/multicore.c.obj
                0x0000000010007eb8                multicore_launch_core1
 .text._calloc_r
                0x0000000010007f04       0x9c /usr/local/Cellar/arm-none-eabi-gcc/10.3-2021.07/gcc/bin/../lib/gcc/arm-none-eabi/10.3.1/../../../../arm-none-eabi/lib/thumb/v6-m/nofp/libc.a(lib_a-callocr.o)
                0x0000000010007f04                _calloc_r
 .text.__errno  0x0000000010007fa0        0xc /usr/local/Cellar/arm-none-eabi-gcc/10.3-2021.07/gcc/bin/../lib/gcc/arm-none-eabi/10.3.1/../../../../arm-none-eabi/lib/thumb/v6-m/nofp/libc.a(lib_a-errno.o)
                0x0000000010007fa0                __errno
 .text.malloc   0x0000000010007fac       0x14 /usr/local/Cellar/arm-none-eabi-gcc/10.3-2021.07/gcc/bin/../lib/gcc/arm-none-eabi/10.3.1/../../../../arm-none-eabi/lib/thumb/v6-m/nofp/libc.a(lib_a-malloc.o)
                0x0000000010007fac                malloc
 .text.free     0x0000000010007fc0       0x14 /usr/local/Cellar/arm-none-eabi-gcc/10.3-2021.07/gcc/bin/../lib/gcc/arm-none-eabi/10.3.1/../../../../arm-none-eabi/lib/thumb/v6-m/nofp/libc.a(lib_a-malloc.o)
                0x0000000010007fc0                free
 .text._malloc_r
                0x0000000010007fd4      0x584 /usr/local/Cellar/arm-none-eabi-gcc/10.3-2021.07/gcc/bin/../lib/gcc/arm-none-eabi/10.3.1/../../../../arm-none-eabi/lib/thumb/v6-m/nofp/libc.a(lib_a-mallocr.o)
                0x0000000010007fd4                _malloc_r
 .text.__malloc_lock
                0x0000000010008558       0x10 /usr/local/Cellar/arm-none-eabi-gcc/10.3-2021.07/gcc/bin/../lib/gcc/arm-none-eabi/10.3.1/../../../../arm-none-eabi/lib/thumb/v6-m/nofp/libc.a(lib_a-mlock.o)
                0x0000000010008558                __malloc_lock
 .text.__malloc_unlock
                0x0000000010008568       0x10 /usr/local/Cellar/arm-none-eabi-gcc/10.3-2021.07/gcc/bin/../lib/gcc/arm-none-eabi/10.3.1/../../../../arm-none-eabi/lib/thumb/v6-m/nofp/libc.a(lib_a-mlock.o)
                0x0000000010008568                __malloc_unlock
 .text.realloc  0x0000000010008578       0x18 /usr/local/Cellar/arm-none-eabi-gcc/10.3-2021.07/gcc/bin/../lib/gcc/arm-none-eabi/10.3.1/../../../../arm-none-eabi/lib/thumb/v6-m/nofp/libc.a(lib_a-realloc.o)
                0x0000000010008578                realloc
 .text._realloc_r
                0x0000000010008590      0x354 /usr/local/Cellar/arm-none-eabi-gcc/10.3-2021.07/gcc/bin/../lib/gcc/arm-none-eabi/10.3.1/../../../../arm-none-eabi/lib/thumb/v6-m/nofp/libc.a(lib_a-reallocr.o)
                0x0000000010008590                _realloc_r
 .text._sbrk_r  0x00000000100088e4       0x24 /usr/local/Cellar/arm-none-eabi-gcc/10.3-2021.07/gcc/bin/../lib/gcc/arm-none-eabi/10.3.1/../../../../arm-none-eabi/lib/thumb/v6-m/nofp/libc.a(lib_a-sbrkr.o)
                0x00000000100088e4                _sbrk_r
 .text.scanf    0x0000000010008908       0x24 /usr/local/Cellar/arm-none-eabi-gcc/10.3-2021.07/gcc/bin/../lib/gcc/arm-none-eabi/10.3.1/../../../../arm-none-eabi/lib/thumb/v6-m/nofp/libc.a(lib_a-scanf.o)
                0x0000000010008908                scanf
 .text.strlen   0x000000001000892c       0x5c /usr/local/Cellar/arm-none-eabi-gcc/10.3-2021.07/gcc/bin/../lib/gcc/arm-none-eabi/10.3.1/../../../../arm-none-eabi/lib/thumb/v6-m/nofp/libc.a(lib_a-strlen-stub.o)
                0x000000001000892c                strlen
 .text.__svfscanf_r
                0x0000000010008988     0x17d8 /usr/local/Cellar/arm-none-eabi-gcc/10.3-2021.07/gcc/bin/../lib/gcc/arm-none-eabi/10.3.1/../../../../arm-none-eabi/lib/thumb/v6-m/nofp/libc.a(lib_a-vfscanf.o)
                0x0000000010008988                __svfscanf_r
 .text._vfscanf_r
                0x000000001000a160       0x28 /usr/local/Cellar/arm-none-eabi-gcc/10.3-2021.07/gcc/bin/../lib/gcc/arm-none-eabi/10.3.1/../../../../arm-none-eabi/lib/thumb/v6-m/nofp/libc.a(lib_a-vfscanf.o)
                0x000000001000a160                _vfscanf_r
 .text._cleanup_r
                0x000000001000a188       0x10 /usr/local/Cellar/arm-none-eabi-gcc/10.3-2021.07/gcc/bin/../lib/gcc/arm-none-eabi/10.3.1/../../../../arm-none-eabi/lib/thumb/v6-m/nofp/libc.a(lib_a-findfp.o)
                0x000000001000a188                _cleanup_r
 .text.__sinit  0x000000001000a198      0x120 /usr/local/Cellar/arm-none-eabi-gcc/10.3-2021.07/gcc/bin/../lib/gcc/arm-none-eabi/10.3.1/../../../../arm-none-eabi/lib/thumb/v6-m/nofp/libc.a(lib_a-findfp.o)
                0x000000001000a198                __sinit
 .text.__sfp_lock_acquire
                0x000000001000a2b8       0x10 /usr/local/Cellar/arm-none-eabi-gcc/10.3-2021.07/gcc/bin/../lib/gcc/arm-none-eabi/10.3.1/../../../../arm-none-eabi/lib/thumb/v6-m/nofp/libc.a(lib_a-findfp.o)
                0x000000001000a2b8                __sfp_lock_acquire
 .text.__sfp_lock_release
                0x000000001000a2c8       0x10 /usr/local/Cellar/arm-none-eabi-gcc/10.3-2021.07/gcc/bin/../lib/gcc/arm-none-eabi/10.3.1/../../../../arm-none-eabi/lib/thumb/v6-m/nofp/libc.a(lib_a-findfp.o)
                0x000000001000a2c8                __sfp_lock_release
 .text._fread_r
                0x000000001000a2d8      0x1bc /usr/local/Cellar/arm-none-eabi-gcc/10.3-2021.07/gcc/bin/../lib/gcc/arm-none-eabi/10.3.1/../../../../arm-none-eabi/lib/thumb/v6-m/nofp/libc.a(lib_a-fread.o)
                0x000000001000a2d8                _fread_r
 .text._malloc_trim_r
                0x000000001000a494       0x9c /usr/local/Cellar/arm-none-eabi-gcc/10.3-2021.07/gcc/bin/../lib/gcc/arm-none-eabi/10.3.1/../../../../arm-none-eabi/lib/thumb/v6-m/nofp/libc.a(lib_a-freer.o)
                0x000000001000a494                _malloc_trim_r
 .text._free_r  0x000000001000a530      0x1c4 /usr/local/Cellar/arm-none-eabi-gcc/10.3-2021.07/gcc/bin/../lib/gcc/arm-none-eabi/10.3.1/../../../../arm-none-eabi/lib/thumb/v6-m/nofp/libc.a(lib_a-freer.o)
                0x000000001000a530                _free_r
 .text._fwalk   0x000000001000a6f4       0x40 /usr/local/Cellar/arm-none-eabi-gcc/10.3-2021.07/gcc/bin/../lib/gcc/arm-none-eabi/10.3.1/../../../../arm-none-eabi/lib/thumb/v6-m/nofp/libc.a(lib_a-fwalk.o)
                0x000000001000a6f4                _fwalk
 .text._fwalk_reent
                0x000000001000a734       0x48 /usr/local/Cellar/arm-none-eabi-gcc/10.3-2021.07/gcc/bin/../lib/gcc/arm-none-eabi/10.3.1/../../../../arm-none-eabi/lib/thumb/v6-m/nofp/libc.a(lib_a-fwalk.o)
                0x000000001000a734                _fwalk_reent
 .text.iswspace
                0x000000001000a77c        0xc /usr/local/Cellar/arm-none-eabi-gcc/10.3-2021.07/gcc/bin/../lib/gcc/arm-none-eabi/10.3.1/../../../../arm-none-eabi/lib/thumb/v6-m/nofp/libc.a(lib_a-iswspace.o)
                0x000000001000a77c                iswspace
 .text.iswspace_l
                0x000000001000a788       0x18 /usr/local/Cellar/arm-none-eabi-gcc/10.3-2021.07/gcc/bin/../lib/gcc/arm-none-eabi/10.3.1/../../../../arm-none-eabi/lib/thumb/v6-m/nofp/libc.a(lib_a-iswspace_l.o)
                0x000000001000a788                iswspace_l
 .text.__locale_mb_cur_max
                0x000000001000a7a0       0x10 /usr/local/Cellar/arm-none-eabi-gcc/10.3-2021.07/gcc/bin/../lib/gcc/arm-none-eabi/10.3.1/../../../../arm-none-eabi/lib/thumb/v6-m/nofp/libc.a(lib_a-locale.o)
                0x000000001000a7a0                __locale_mb_cur_max
 .text._localeconv_r
                0x000000001000a7b0        0x8 /usr/local/Cellar/arm-none-eabi-gcc/10.3-2021.07/gcc/bin/../lib/gcc/arm-none-eabi/10.3.1/../../../../arm-none-eabi/lib/thumb/v6-m/nofp/libc.a(lib_a-localeconv.o)
                0x000000001000a7b0                _localeconv_r
 .text.__retarget_lock_init_recursive
                0x000000001000a7b8        0x4 /usr/local/Cellar/arm-none-eabi-gcc/10.3-2021.07/gcc/bin/../lib/gcc/arm-none-eabi/10.3.1/../../../../arm-none-eabi/lib/thumb/v6-m/nofp/libc.a(lib_a-lock.o)
                0x000000001000a7b8                __retarget_lock_init_recursive
 .text.__retarget_lock_close_recursive
                0x000000001000a7bc        0x4 /usr/local/Cellar/arm-none-eabi-gcc/10.3-2021.07/gcc/bin/../lib/gcc/arm-none-eabi/10.3.1/../../../../arm-none-eabi/lib/thumb/v6-m/nofp/libc.a(lib_a-lock.o)
                0x000000001000a7bc                __retarget_lock_close_recursive
 .text.__retarget_lock_acquire_recursive
                0x000000001000a7c0        0x4 /usr/local/Cellar/arm-none-eabi-gcc/10.3-2021.07/gcc/bin/../lib/gcc/arm-none-eabi/10.3.1/../../../../arm-none-eabi/lib/thumb/v6-m/nofp/libc.a(lib_a-lock.o)
                0x000000001000a7c0                __retarget_lock_acquire_recursive
 .text.__retarget_lock_release_recursive
                0x000000001000a7c4        0x4 /usr/local/Cellar/arm-none-eabi-gcc/10.3-2021.07/gcc/bin/../lib/gcc/arm-none-eabi/10.3.1/../../../../arm-none-eabi/lib/thumb/v6-m/nofp/libc.a(lib_a-lock.o)
                0x000000001000a7c4                __retarget_lock_release_recursive
 .text._mbrtowc_r
                0x000000001000a7c8       0x4c /usr/local/Cellar/arm-none-eabi-gcc/10.3-2021.07/gcc/bin/../lib/gcc/arm-none-eabi/10.3.1/../../../../arm-none-eabi/lib/thumb/v6-m/nofp/libc.a(lib_a-mbrtowc.o)
                0x000000001000a7c8                _mbrtowc_r
 .text.__ascii_mbtowc
                0x000000001000a814       0x2c /usr/local/Cellar/arm-none-eabi-gcc/10.3-2021.07/gcc/bin/../lib/gcc/arm-none-eabi/10.3.1/../../../../arm-none-eabi/lib/thumb/v6-m/nofp/libc.a(lib_a-mbtowc_r.o)
                0x000000001000a814                __ascii_mbtowc
 .text.lflush   0x000000001000a840       0x1c /usr/local/Cellar/arm-none-eabi-gcc/10.3-2021.07/gcc/bin/../lib/gcc/arm-none-eabi/10.3.1/../../../../arm-none-eabi/lib/thumb/v6-m/nofp/libc.a(lib_a-refill.o)
 .text.__srefill_r
                0x000000001000a85c      0x124 /usr/local/Cellar/arm-none-eabi-gcc/10.3-2021.07/gcc/bin/../lib/gcc/arm-none-eabi/10.3.1/../../../../arm-none-eabi/lib/thumb/v6-m/nofp/libc.a(lib_a-refill.o)
                0x000000001000a85c                __srefill_r
 .text.__sccl   0x000000001000a980       0x80 /usr/local/Cellar/arm-none-eabi-gcc/10.3-2021.07/gcc/bin/../lib/gcc/arm-none-eabi/10.3.1/../../../../arm-none-eabi/lib/thumb/v6-m/nofp/libc.a(lib_a-sccl.o)
                0x000000001000a980                __sccl
 .text.nanf     0x000000001000aa00        0x8 /usr/local/Cellar/arm-none-eabi-gcc/10.3-2021.07/gcc/bin/../lib/gcc/arm-none-eabi/10.3.1/../../../../arm-none-eabi/lib/thumb/v6-m/nofp/libc.a(lib_a-sf_nan.o)
                0x000000001000aa00                nanf
 .text.__sread  0x000000001000aa08       0x28 /usr/local/Cellar/arm-none-eabi-gcc/10.3-2021.07/gcc/bin/../lib/gcc/arm-none-eabi/10.3.1/../../../../arm-none-eabi/lib/thumb/v6-m/nofp/libc.a(lib_a-stdio.o)
                0x000000001000aa08                __sread
 .text.__swrite
                0x000000001000aa30       0x40 /usr/local/Cellar/arm-none-eabi-gcc/10.3-2021.07/gcc/bin/../lib/gcc/arm-none-eabi/10.3.1/../../../../arm-none-eabi/lib/thumb/v6-m/nofp/libc.a(lib_a-stdio.o)
                0x000000001000aa30                __swrite
 .text.__sseek  0x000000001000aa70       0x2c /usr/local/Cellar/arm-none-eabi-gcc/10.3-2021.07/gcc/bin/../lib/gcc/arm-none-eabi/10.3.1/../../../../arm-none-eabi/lib/thumb/v6-m/nofp/libc.a(lib_a-stdio.o)
                0x000000001000aa70                __sseek
 .text.__sclose
                0x000000001000aa9c        0xc /usr/local/Cellar/arm-none-eabi-gcc/10.3-2021.07/gcc/bin/../lib/gcc/arm-none-eabi/10.3.1/../../../../arm-none-eabi/lib/thumb/v6-m/nofp/libc.a(lib_a-stdio.o)
                0x000000001000aa9c                __sclose
 .text._strtod_l
                0x000000001000aaa8      0xf78 /usr/local/Cellar/arm-none-eabi-gcc/10.3-2021.07/gcc/bin/../lib/gcc/arm-none-eabi/10.3.1/../../../../arm-none-eabi/lib/thumb/v6-m/nofp/libc.a(lib_a-strtod.o)
                0x000000001000aaa8                _strtod_l
 .text._strtod_r
                0x000000001000ba20       0x10 /usr/local/Cellar/arm-none-eabi-gcc/10.3-2021.07/gcc/bin/../lib/gcc/arm-none-eabi/10.3.1/../../../../arm-none-eabi/lib/thumb/v6-m/nofp/libc.a(lib_a-strtod.o)
                0x000000001000ba20                _strtod_r
 .text._strtol_l.part.0
                0x000000001000ba30      0x144 /usr/local/Cellar/arm-none-eabi-gcc/10.3-2021.07/gcc/bin/../lib/gcc/arm-none-eabi/10.3.1/../../../../arm-none-eabi/lib/thumb/v6-m/nofp/libc.a(lib_a-strtol.o)
 .text._strtol_r
                0x000000001000bb74       0x1c /usr/local/Cellar/arm-none-eabi-gcc/10.3-2021.07/gcc/bin/../lib/gcc/arm-none-eabi/10.3.1/../../../../arm-none-eabi/lib/thumb/v6-m/nofp/libc.a(lib_a-strtol.o)
                0x000000001000bb74                _strtol_r
 .text._strtoll_l.constprop.0
                0x000000001000bb90      0x198 /usr/local/Cellar/arm-none-eabi-gcc/10.3-2021.07/gcc/bin/../lib/gcc/arm-none-eabi/10.3.1/../../../../arm-none-eabi/lib/thumb/v6-m/nofp/libc.a(lib_a-strtoll.o)
 .text._strtoll_r
                0x000000001000bd28        0x8 /usr/local/Cellar/arm-none-eabi-gcc/10.3-2021.07/gcc/bin/../lib/gcc/arm-none-eabi/10.3.1/../../../../arm-none-eabi/lib/thumb/v6-m/nofp/libc.a(lib_a-strtoll.o)
                0x000000001000bd28                _strtoll_r
 .text._strtoul_l.constprop.0
                0x000000001000bd30      0x148 /usr/local/Cellar/arm-none-eabi-gcc/10.3-2021.07/gcc/bin/../lib/gcc/arm-none-eabi/10.3.1/../../../../arm-none-eabi/lib/thumb/v6-m/nofp/libc.a(lib_a-strtoul.o)
 .text._strtoul_r
                0x000000001000be78        0x8 /usr/local/Cellar/arm-none-eabi-gcc/10.3-2021.07/gcc/bin/../lib/gcc/arm-none-eabi/10.3.1/../../../../arm-none-eabi/lib/thumb/v6-m/nofp/libc.a(lib_a-strtoul.o)
                0x000000001000be78                _strtoul_r
 .text._strtoull_l.constprop.0
                0x000000001000be80      0x1bc /usr/local/Cellar/arm-none-eabi-gcc/10.3-2021.07/gcc/bin/../lib/gcc/arm-none-eabi/10.3.1/../../../../arm-none-eabi/lib/thumb/v6-m/nofp/libc.a(lib_a-strtoull.o)
 .text._strtoull_r
                0x000000001000c03c        0x8 /usr/local/Cellar/arm-none-eabi-gcc/10.3-2021.07/gcc/bin/../lib/gcc/arm-none-eabi/10.3.1/../../../../arm-none-eabi/lib/thumb/v6-m/nofp/libc.a(lib_a-strtoull.o)
                0x000000001000c03c                _strtoull_r
 .text.__submore
                0x000000001000c044       0x84 /usr/local/Cellar/arm-none-eabi-gcc/10.3-2021.07/gcc/bin/../lib/gcc/arm-none-eabi/10.3.1/../../../../arm-none-eabi/lib/thumb/v6-m/nofp/libc.a(lib_a-ungetc.o)
                0x000000001000c044                __submore
 .text._ungetc_r
                0x000000001000c0c8      0x138 /usr/local/Cellar/arm-none-eabi-gcc/10.3-2021.07/gcc/bin/../lib/gcc/arm-none-eabi/10.3.1/../../../../arm-none-eabi/lib/thumb/v6-m/nofp/libc.a(lib_a-ungetc.o)
                0x000000001000c0c8                _ungetc_r
 .text.__ascii_wctomb
                0x000000001000c200       0x1c /usr/local/Cellar/arm-none-eabi-gcc/10.3-2021.07/gcc/bin/../lib/gcc/arm-none-eabi/10.3.1/../../../../arm-none-eabi/lib/thumb/v6-m/nofp/libc.a(lib_a-wctomb_r.o)
                0x000000001000c200                __ascii_wctomb
 .text._write_r
                0x000000001000c21c       0x28 /usr/local/Cellar/arm-none-eabi-gcc/10.3-2021.07/gcc/bin/../lib/gcc/arm-none-eabi/10.3.1/../../../../arm-none-eabi/lib/thumb/v6-m/nofp/libc.a(lib_a-writer.o)
                0x000000001000c21c                _write_r
 .text._close_r
                0x000000001000c244       0x24 /usr/local/Cellar/arm-none-eabi-gcc/10.3-2021.07/gcc/bin/../lib/gcc/arm-none-eabi/10.3.1/../../../../arm-none-eabi/lib/thumb/v6-m/nofp/libc.a(lib_a-closer.o)
                0x000000001000c244                _close_r
 .text._fclose_r
                0x000000001000c268       0xdc /usr/local/Cellar/arm-none-eabi-gcc/10.3-2021.07/gcc/bin/../lib/gcc/arm-none-eabi/10.3.1/../../../../arm-none-eabi/lib/thumb/v6-m/nofp/libc.a(lib_a-fclose.o)
                0x000000001000c268                _fclose_r
 .text.__sflush_r
                0x000000001000c344      0x140 /usr/local/Cellar/arm-none-eabi-gcc/10.3-2021.07/gcc/bin/../lib/gcc/arm-none-eabi/10.3.1/../../../../arm-none-eabi/lib/thumb/v6-m/nofp/libc.a(lib_a-fflush.o)
                0x000000001000c344                __sflush_r
 .text._fflush_r
                0x000000001000c484       0x6c /usr/local/Cellar/arm-none-eabi-gcc/10.3-2021.07/gcc/bin/../lib/gcc/arm-none-eabi/10.3.1/../../../../arm-none-eabi/lib/thumb/v6-m/nofp/libc.a(lib_a-fflush.o)
                0x000000001000c484                _fflush_r
 .text.fflush   0x000000001000c4f0       0x78 /usr/local/Cellar/arm-none-eabi-gcc/10.3-2021.07/gcc/bin/../lib/gcc/arm-none-eabi/10.3.1/../../../../arm-none-eabi/lib/thumb/v6-m/nofp/libc.a(lib_a-fflush.o)
                0x000000001000c4f0                fflush
 .text.rshift   0x000000001000c568       0xa4 /usr/local/Cellar/arm-none-eabi-gcc/10.3-2021.07/gcc/bin/../lib/gcc/arm-none-eabi/10.3.1/../../../../arm-none-eabi/lib/thumb/v6-m/nofp/libc.a(lib_a-gdtoa-gethex.o)
 .text.__gethex
                0x000000001000c60c      0x5cc /usr/local/Cellar/arm-none-eabi-gcc/10.3-2021.07/gcc/bin/../lib/gcc/arm-none-eabi/10.3.1/../../../../arm-none-eabi/lib/thumb/v6-m/nofp/libc.a(lib_a-gdtoa-gethex.o)
                0x000000001000c60c                __gethex
 .text.__match  0x000000001000cbd8       0x2c /usr/local/Cellar/arm-none-eabi-gcc/10.3-2021.07/gcc/bin/../lib/gcc/arm-none-eabi/10.3.1/../../../../arm-none-eabi/lib/thumb/v6-m/nofp/libc.a(lib_a-gdtoa-hexnan.o)
                0x000000001000cbd8                __match
 .text.__hexnan
                0x000000001000cc04      0x1d0 /usr/local/Cellar/arm-none-eabi-gcc/10.3-2021.07/gcc/bin/../lib/gcc/arm-none-eabi/10.3.1/../../../../arm-none-eabi/lib/thumb/v6-m/nofp/libc.a(lib_a-gdtoa-hexnan.o)
                0x000000001000cc04                __hexnan
 .text._lseek_r
                0x000000001000cdd4       0x28 /usr/local/Cellar/arm-none-eabi-gcc/10.3-2021.07/gcc/bin/../lib/gcc/arm-none-eabi/10.3.1/../../../../arm-none-eabi/lib/thumb/v6-m/nofp/libc.a(lib_a-lseekr.o)
                0x000000001000cdd4                _lseek_r
 .text.__smakebuf_r
                0x000000001000cdfc       0xe4 /usr/local/Cellar/arm-none-eabi-gcc/10.3-2021.07/gcc/bin/../lib/gcc/arm-none-eabi/10.3.1/../../../../arm-none-eabi/lib/thumb/v6-m/nofp/libc.a(lib_a-makebuf.o)
                0x000000001000cdfc                __smakebuf_r
 .text._Balloc  0x000000001000cee0       0x50 /usr/local/Cellar/arm-none-eabi-gcc/10.3-2021.07/gcc/bin/../lib/gcc/arm-none-eabi/10.3.1/../../../../arm-none-eabi/lib/thumb/v6-m/nofp/libc.a(lib_a-mprec.o)
                0x000000001000cee0                _Balloc
 .text._Bfree   0x000000001000cf30       0x14 /usr/local/Cellar/arm-none-eabi-gcc/10.3-2021.07/gcc/bin/../lib/gcc/arm-none-eabi/10.3.1/../../../../arm-none-eabi/lib/thumb/v6-m/nofp/libc.a(lib_a-mprec.o)
                0x000000001000cf30                _Bfree
 .text.__multadd
                0x000000001000cf44       0xa8 /usr/local/Cellar/arm-none-eabi-gcc/10.3-2021.07/gcc/bin/../lib/gcc/arm-none-eabi/10.3.1/../../../../arm-none-eabi/lib/thumb/v6-m/nofp/libc.a(lib_a-mprec.o)
                0x000000001000cf44                __multadd
 .text.__s2b    0x000000001000cfec       0xb0 /usr/local/Cellar/arm-none-eabi-gcc/10.3-2021.07/gcc/bin/../lib/gcc/arm-none-eabi/10.3.1/../../../../arm-none-eabi/lib/thumb/v6-m/nofp/libc.a(lib_a-mprec.o)
                0x000000001000cfec                __s2b
 .text.__hi0bits
                0x000000001000d09c       0x38 /usr/local/Cellar/arm-none-eabi-gcc/10.3-2021.07/gcc/bin/../lib/gcc/arm-none-eabi/10.3.1/../../../../arm-none-eabi/lib/thumb/v6-m/nofp/libc.a(lib_a-mprec.o)
                0x000000001000d09c                __hi0bits
 .text.__lo0bits
                0x000000001000d0d4       0x5c /usr/local/Cellar/arm-none-eabi-gcc/10.3-2021.07/gcc/bin/../lib/gcc/arm-none-eabi/10.3.1/../../../../arm-none-eabi/lib/thumb/v6-m/nofp/libc.a(lib_a-mprec.o)
                0x000000001000d0d4                __lo0bits
 .text.__i2b    0x000000001000d130       0x60 /usr/local/Cellar/arm-none-eabi-gcc/10.3-2021.07/gcc/bin/../lib/gcc/arm-none-eabi/10.3.1/../../../../arm-none-eabi/lib/thumb/v6-m/nofp/libc.a(lib_a-mprec.o)
                0x000000001000d130                __i2b
 .text.__multiply
                0x000000001000d190      0x1a4 /usr/local/Cellar/arm-none-eabi-gcc/10.3-2021.07/gcc/bin/../lib/gcc/arm-none-eabi/10.3.1/../../../../arm-none-eabi/lib/thumb/v6-m/nofp/libc.a(lib_a-mprec.o)
                0x000000001000d190                __multiply
 .text.__pow5mult
                0x000000001000d334       0xd8 /usr/local/Cellar/arm-none-eabi-gcc/10.3-2021.07/gcc/bin/../lib/gcc/arm-none-eabi/10.3.1/../../../../arm-none-eabi/lib/thumb/v6-m/nofp/libc.a(lib_a-mprec.o)
                0x000000001000d334                __pow5mult
 .text.__lshift
                0x000000001000d40c       0xfc /usr/local/Cellar/arm-none-eabi-gcc/10.3-2021.07/gcc/bin/../lib/gcc/arm-none-eabi/10.3.1/../../../../arm-none-eabi/lib/thumb/v6-m/nofp/libc.a(lib_a-mprec.o)
                0x000000001000d40c                __lshift
 .text.__mcmp   0x000000001000d508       0x34 /usr/local/Cellar/arm-none-eabi-gcc/10.3-2021.07/gcc/bin/../lib/gcc/arm-none-eabi/10.3.1/../../../../arm-none-eabi/lib/thumb/v6-m/nofp/libc.a(lib_a-mprec.o)
                0x000000001000d508                __mcmp
 .text.__mdiff  0x000000001000d53c      0x18c /usr/local/Cellar/arm-none-eabi-gcc/10.3-2021.07/gcc/bin/../lib/gcc/arm-none-eabi/10.3.1/../../../../arm-none-eabi/lib/thumb/v6-m/nofp/libc.a(lib_a-mprec.o)
                0x000000001000d53c                __mdiff
 .text.__ulp    0x000000001000d6c8       0x48 /usr/local/Cellar/arm-none-eabi-gcc/10.3-2021.07/gcc/bin/../lib/gcc/arm-none-eabi/10.3.1/../../../../arm-none-eabi/lib/thumb/v6-m/nofp/libc.a(lib_a-mprec.o)
                0x000000001000d6c8                __ulp
 .text.__b2d    0x000000001000d710       0xc8 /usr/local/Cellar/arm-none-eabi-gcc/10.3-2021.07/gcc/bin/../lib/gcc/arm-none-eabi/10.3.1/../../../../arm-none-eabi/lib/thumb/v6-m/nofp/libc.a(lib_a-mprec.o)
                0x000000001000d710                __b2d
 .text.__d2b    0x000000001000d7d8       0xd8 /usr/local/Cellar/arm-none-eabi-gcc/10.3-2021.07/gcc/bin/../lib/gcc/arm-none-eabi/10.3.1/../../../../arm-none-eabi/lib/thumb/v6-m/nofp/libc.a(lib_a-mprec.o)
                0x000000001000d7d8                __d2b
 .text.__ratio  0x000000001000d8b0       0x68 /usr/local/Cellar/arm-none-eabi-gcc/10.3-2021.07/gcc/bin/../lib/gcc/arm-none-eabi/10.3.1/../../../../arm-none-eabi/lib/thumb/v6-m/nofp/libc.a(lib_a-mprec.o)
                0x000000001000d8b0                __ratio
 .text.__copybits
                0x000000001000d918       0x40 /usr/local/Cellar/arm-none-eabi-gcc/10.3-2021.07/gcc/bin/../lib/gcc/arm-none-eabi/10.3.1/../../../../arm-none-eabi/lib/thumb/v6-m/nofp/libc.a(lib_a-mprec.o)
                0x000000001000d918                __copybits
 .text.__any_on
                0x000000001000d958       0x50 /usr/local/Cellar/arm-none-eabi-gcc/10.3-2021.07/gcc/bin/../lib/gcc/arm-none-eabi/10.3.1/../../../../arm-none-eabi/lib/thumb/v6-m/nofp/libc.a(lib_a-mprec.o)
                0x000000001000d958                __any_on
 .text._read_r  0x000000001000d9a8       0x28 /usr/local/Cellar/arm-none-eabi-gcc/10.3-2021.07/gcc/bin/../lib/gcc/arm-none-eabi/10.3.1/../../../../arm-none-eabi/lib/thumb/v6-m/nofp/libc.a(lib_a-readr.o)
                0x000000001000d9a8                _read_r
 .text.nan      0x000000001000d9d0        0xc /usr/local/Cellar/arm-none-eabi-gcc/10.3-2021.07/gcc/bin/../lib/gcc/arm-none-eabi/10.3.1/../../../../arm-none-eabi/lib/thumb/v6-m/nofp/libc.a(lib_a-s_nan.o)
                0x000000001000d9d0                nan
 .text.strncmp  0x000000001000d9dc       0x74 /usr/local/Cellar/arm-none-eabi-gcc/10.3-2021.07/gcc/bin/../lib/gcc/arm-none-eabi/10.3.1/../../../../arm-none-eabi/lib/thumb/v6-m/nofp/libc.a(lib_a-strncmp.o)
                0x000000001000d9dc                strncmp
 .text._fstat_r
                0x000000001000da50       0x28 /usr/local/Cellar/arm-none-eabi-gcc/10.3-2021.07/gcc/bin/../lib/gcc/arm-none-eabi/10.3.1/../../../../arm-none-eabi/lib/thumb/v6-m/nofp/libc.a(lib_a-fstatr.o)
                0x000000001000da50                _fstat_r
 .text._isatty_r
                0x000000001000da78       0x24 /usr/local/Cellar/arm-none-eabi-gcc/10.3-2021.07/gcc/bin/../lib/gcc/arm-none-eabi/10.3.1/../../../../arm-none-eabi/lib/thumb/v6-m/nofp/libc.a(lib_a-isattyr.o)
                0x000000001000da78                _isatty_r
 .text._close   0x000000001000da9c       0x10 /usr/local/Cellar/arm-none-eabi-gcc/10.3-2021.07/gcc/bin/../lib/gcc/arm-none-eabi/10.3.1/../../../../arm-none-eabi/lib/thumb/v6-m/nofp/libnosys.a(close.o)
                0x000000001000da9c                _close
 .text._fstat   0x000000001000daac       0x10 /usr/local/Cellar/arm-none-eabi-gcc/10.3-2021.07/gcc/bin/../lib/gcc/arm-none-eabi/10.3.1/../../../../arm-none-eabi/lib/thumb/v6-m/nofp/libnosys.a(fstat.o)
                0x000000001000daac                _fstat
 .text._isatty  0x000000001000dabc       0x10 /usr/local/Cellar/arm-none-eabi-gcc/10.3-2021.07/gcc/bin/../lib/gcc/arm-none-eabi/10.3.1/../../../../arm-none-eabi/lib/thumb/v6-m/nofp/libnosys.a(isatty.o)
                0x000000001000dabc                _isatty
 .text._lseek   0x000000001000dacc       0x10 /usr/local/Cellar/arm-none-eabi-gcc/10.3-2021.07/gcc/bin/../lib/gcc/arm-none-eabi/10.3.1/../../../../arm-none-eabi/lib/thumb/v6-m/nofp/libnosys.a(lseek.o)
                0x000000001000dacc                _lseek
 *(.fini)
 .fini          0x000000001000dadc        0x4 /usr/local/Cellar/arm-none-eabi-gcc/10.3-2021.07/gcc/bin/../lib/gcc/arm-none-eabi/10.3.1/thumb/v6-m/nofp/crti.o
                0x000000001000dadc                _fini
 .fini.__stub   0x000000001000dae0       0x80 linker stubs
 *crtbegin.o(.ctors)
 *crtbegin?.o(.ctors)
 *(EXCLUDE_FILE(*crtend.o *crtend?.o) .ctors)
 *(SORT_BY_NAME(.ctors.*))
 *(.ctors)
 *crtbegin.o(.dtors)
 *crtbegin?.o(.dtors)
 *(EXCLUDE_FILE(*crtend.o *crtend?.o) .dtors)
 *(SORT_BY_NAME(.dtors.*))
 *(.dtors)
 *(.eh_frame*)
 .eh_frame      0x000000001000db60        0x0 /usr/local/Cellar/arm-none-eabi-gcc/10.3-2021.07/gcc/bin/../lib/gcc/arm-none-eabi/10.3.1/thumb/v6-m/nofp/crtbegin.o
                0x000000001000db60                . = ALIGN (0x4)

.glue_7         0x000000001000db60        0x0
 .glue_7        0x000000001000db60        0x0 linker stubs

.glue_7t        0x000000001000db60        0x0
 .glue_7t       0x000000001000db60        0x0 linker stubs

.vfp11_veneer   0x000000001000db60        0x0
 .vfp11_veneer  0x000000001000db60        0x0 linker stubs

.v4_bx          0x000000001000db60        0x0
 .v4_bx         0x000000001000db60        0x0 linker stubs

.iplt           0x000000001000db60        0x0
 .iplt          0x000000001000db60        0x0 /usr/local/Cellar/arm-none-eabi-gcc/10.3-2021.07/gcc/bin/../lib/gcc/arm-none-eabi/10.3.1/thumb/v6-m/nofp/crtbegin.o

.rodata         0x000000001000db60      0xf1c
 *(EXCLUDE_FILE(*libm.a: *libc.a:*lib_a-mem*.o *libgcc.a:) .rodata*)
 .rodata.core1_entry.str1.4
                0x000000001000db60       0x20 CMakeFiles/serial.dir/serial.c.obj
 .rodata.zero.str1.4
                0x000000001000db80       0x20 CMakeFiles/serial.dir/serial.c.obj
                                          0x4 (size before relaxing)
 .rodata        0x000000001000db80       0x50 CMakeFiles/serial.dir/serial.c.obj
 .rodata.half_seq
                0x000000001000dbd0       0x20 CMakeFiles/serial.dir/serial.c.obj
                0x000000001000dbd0                half_seq
 .rodata.spin_lock_claim_unused.str1.4
                0x000000001000dbf0       0x1b CMakeFiles/serial.dir/Users/dirtyryguy/pico/pico-sdk/src/rp2_common/hardware_sync/sync.c.obj
 *fill*         0x000000001000dc0b        0x1 
 .rodata.user_irq_claim_unused.str1.4
                0x000000001000dc0c       0x1b CMakeFiles/serial.dir/Users/dirtyryguy/pico/pico-sdk/src/rp2_common/hardware_irq/irq.c.obj
 *fill*         0x000000001000dc27        0x1 
 .rodata.at_the_end_of_time
                0x000000001000dc28        0x8 CMakeFiles/serial.dir/Users/dirtyryguy/pico/pico-sdk/src/common/pico_time/time.c.obj
                0x000000001000dc28                at_the_end_of_time
 .rodata.hardware_alarm_claim.str1.4
                0x000000001000dc30       0x22 CMakeFiles/serial.dir/Users/dirtyryguy/pico/pico-sdk/src/rp2_common/hardware_timer/timer.c.obj
 *fill*         0x000000001000dc52        0x2 
 .rodata.__assert_func.str1.4
                0x000000001000dc54       0x3f CMakeFiles/serial.dir/Users/dirtyryguy/pico/pico-sdk/src/rp2_common/pico_runtime/runtime.c.obj
                                         0x43 (size before relaxing)
 *fill*         0x000000001000dc93        0x1 
 .rodata.panic.str1.4
                0x000000001000dc94       0x12 CMakeFiles/serial.dir/Users/dirtyryguy/pico/pico-sdk/src/rp2_common/pico_runtime/runtime.c.obj
 *fill*         0x000000001000dca6        0x2 
 .rodata.hard_assertion_failure.str1.4
                0x000000001000dca8        0xc CMakeFiles/serial.dir/Users/dirtyryguy/pico/pico-sdk/src/rp2_common/pico_runtime/runtime.c.obj
 .rodata._ftoa.str1.4
                0x000000001000dcb4       0x15 CMakeFiles/serial.dir/Users/dirtyryguy/pico/pico-sdk/src/rp2_common/pico_printf/printf.c.obj
 *fill*         0x000000001000dcc9        0x3 
 .rodata._vsnprintf
                0x000000001000dccc      0x1e0 CMakeFiles/serial.dir/Users/dirtyryguy/pico/pico-sdk/src/rp2_common/pico_printf/printf.c.obj
 *fill*         0x000000001000deac        0x4 
 .rodata.pow10.0
                0x000000001000deb0       0x50 CMakeFiles/serial.dir/Users/dirtyryguy/pico/pico-sdk/src/rp2_common/pico_printf/printf.c.obj
 .rodata.__wrap_malloc.str1.4
                0x000000001000df00        0xe CMakeFiles/serial.dir/Users/dirtyryguy/pico/pico-sdk/src/rp2_common/pico_malloc/pico_malloc.c.obj
 *fill*         0x000000001000df0e        0x2 
 .rodata.str1.4
                0x000000001000df10       0x3c CMakeFiles/serial.dir/Users/dirtyryguy/pico/pico-sdk/src/rp2_common/pico_standard_link/binary_info.c.obj
 .rodata.__bi_44
                0x000000001000df4c        0xc CMakeFiles/serial.dir/Users/dirtyryguy/pico/pico-sdk/src/rp2_common/pico_standard_link/binary_info.c.obj
 .rodata.__bi_75
                0x000000001000df58        0xc CMakeFiles/serial.dir/Users/dirtyryguy/pico/pico-sdk/src/rp2_common/pico_standard_link/binary_info.c.obj
 .rodata.__bi_81
                0x000000001000df64        0xc CMakeFiles/serial.dir/Users/dirtyryguy/pico/pico-sdk/src/rp2_common/pico_standard_link/binary_info.c.obj
 .rodata.crlf_str.0
                0x000000001000df70        0x2 CMakeFiles/serial.dir/Users/dirtyryguy/pico/pico-sdk/src/rp2_common/pico_stdio/stdio.c.obj
 *fill*         0x000000001000df72        0x2 
 .rodata._resetd_driver
                0x000000001000df74       0x18 CMakeFiles/serial.dir/Users/dirtyryguy/pico/pico-sdk/src/rp2_common/pico_stdio_usb/reset_interface.c.obj
 .rodata.str1.4
                0x000000001000df8c       0x13 CMakeFiles/serial.dir/Users/dirtyryguy/pico/pico-sdk/src/rp2_common/pico_stdio_usb/stdio_usb.c.obj
 *fill*         0x000000001000df9f        0x1 
 .rodata.__bi_118.0
                0x000000001000dfa0        0xc CMakeFiles/serial.dir/Users/dirtyryguy/pico/pico-sdk/src/rp2_common/pico_stdio_usb/stdio_usb.c.obj
 .rodata.str1.4
                0x000000001000dfac       0x2a CMakeFiles/serial.dir/Users/dirtyryguy/pico/pico-sdk/src/rp2_common/pico_stdio_usb/stdio_usb_descriptors.c.obj
 *fill*         0x000000001000dfd6        0x2 
 .rodata.usbd_desc_cfg
                0x000000001000dfd8       0x54 CMakeFiles/serial.dir/Users/dirtyryguy/pico/pico-sdk/src/rp2_common/pico_stdio_usb/stdio_usb_descriptors.c.obj
 .rodata.usbd_desc_device
                0x000000001000e02c       0x12 CMakeFiles/serial.dir/Users/dirtyryguy/pico/pico-sdk/src/rp2_common/pico_stdio_usb/stdio_usb_descriptors.c.obj
 *fill*         0x000000001000e03e        0x2 
 .rodata.usbd_desc_str
                0x000000001000e040       0x18 CMakeFiles/serial.dir/Users/dirtyryguy/pico/pico-sdk/src/rp2_common/pico_stdio_usb/stdio_usb_descriptors.c.obj
 .rodata.dcd_rp2040_irq.str1.4
                0x000000001000e058       0x14 CMakeFiles/serial.dir/Users/dirtyryguy/pico/pico-sdk/lib/tinyusb/src/portable/raspberrypi/rp2040/dcd_rp2040.c.obj
 .rodata._hw_endpoint_buffer_control_update32.part.0.isra.0.str1.4
                0x000000001000e06c       0x1f CMakeFiles/serial.dir/Users/dirtyryguy/pico/pico-sdk/lib/tinyusb/src/portable/raspberrypi/rp2040/rp2040_usb.c.obj
 *fill*         0x000000001000e08b        0x1 
 .rodata.hw_endpoint_xfer_continue.str1.4
                0x000000001000e08c       0x29 CMakeFiles/serial.dir/Users/dirtyryguy/pico/pico-sdk/lib/tinyusb/src/portable/raspberrypi/rp2040/rp2040_usb.c.obj
 *fill*         0x000000001000e0b5        0x3 
 .rodata.str1.4
                0x000000001000e0b8        0x7 CMakeFiles/serial.dir/Users/dirtyryguy/pico/pico-sdk/lib/tinyusb/src/portable/raspberrypi/rp2040/rp2040_usb.c.obj
 *fill*         0x000000001000e0bf        0x1 
 .rodata.tud_task
                0x000000001000e0c0       0x8c CMakeFiles/serial.dir/Users/dirtyryguy/pico/pico-sdk/lib/tinyusb/src/device/usbd.c.obj
 .rodata._usbd_driver
                0x000000001000e14c       0x18 CMakeFiles/serial.dir/Users/dirtyryguy/pico/pico-sdk/lib/tinyusb/src/device/usbd.c.obj
 .rodata._global_impure_ptr
                0x000000001000e164        0x4 /usr/local/Cellar/arm-none-eabi-gcc/10.3-2021.07/gcc/bin/../lib/gcc/arm-none-eabi/10.3.1/../../../../arm-none-eabi/lib/thumb/v6-m/nofp/libc.a(lib_a-impure.o)
                0x000000001000e164                _global_impure_ptr
 .rodata.__svfscanf_r.str1.4
                0x000000001000e168        0x5 /usr/local/Cellar/arm-none-eabi-gcc/10.3-2021.07/gcc/bin/../lib/gcc/arm-none-eabi/10.3.1/../../../../arm-none-eabi/lib/thumb/v6-m/nofp/libc.a(lib_a-vfscanf.o)
                                          0x9 (size before relaxing)
 *fill*         0x000000001000e16d        0x3 
 .rodata.__svfscanf_r
                0x000000001000e170      0x3cc /usr/local/Cellar/arm-none-eabi-gcc/10.3-2021.07/gcc/bin/../lib/gcc/arm-none-eabi/10.3.1/../../../../arm-none-eabi/lib/thumb/v6-m/nofp/libc.a(lib_a-vfscanf.o)
 .rodata.basefix.0
                0x000000001000e53c       0x22 /usr/local/Cellar/arm-none-eabi-gcc/10.3-2021.07/gcc/bin/../lib/gcc/arm-none-eabi/10.3.1/../../../../arm-none-eabi/lib/thumb/v6-m/nofp/libc.a(lib_a-vfscanf.o)
 *fill*         0x000000001000e55e        0x2 
 .rodata._ctype_
                0x000000001000e560      0x101 /usr/local/Cellar/arm-none-eabi-gcc/10.3-2021.07/gcc/bin/../lib/gcc/arm-none-eabi/10.3.1/../../../../arm-none-eabi/lib/thumb/v6-m/nofp/libc.a(lib_a-ctype_.o)
                0x000000001000e560                _ctype_
 *fill*         0x000000001000e661        0x3 
 .rodata._setlocale_r.str1.4
                0x000000001000e664        0x6 /usr/local/Cellar/arm-none-eabi-gcc/10.3-2021.07/gcc/bin/../lib/gcc/arm-none-eabi/10.3.1/../../../../arm-none-eabi/lib/thumb/v6-m/nofp/libc.a(lib_a-locale.o)
                                          0xd (size before relaxing)
 *fill*         0x000000001000e66a        0x2 
 .rodata.str1.4
                0x000000001000e66c        0x2 /usr/local/Cellar/arm-none-eabi-gcc/10.3-2021.07/gcc/bin/../lib/gcc/arm-none-eabi/10.3.1/../../../../arm-none-eabi/lib/thumb/v6-m/nofp/libc.a(lib_a-locale.o)
 .rodata._mbrtowc_r.str1.4
                0x000000001000e66e        0x1 /usr/local/Cellar/arm-none-eabi-gcc/10.3-2021.07/gcc/bin/../lib/gcc/arm-none-eabi/10.3.1/../../../../arm-none-eabi/lib/thumb/v6-m/nofp/libc.a(lib_a-mbrtowc.o)
 *fill*         0x000000001000e66e        0x2 
 .rodata._strtod_l.str1.4
                0x000000001000e670        0xf /usr/local/Cellar/arm-none-eabi-gcc/10.3-2021.07/gcc/bin/../lib/gcc/arm-none-eabi/10.3.1/../../../../arm-none-eabi/lib/thumb/v6-m/nofp/libc.a(lib_a-strtod.o)
                                         0x11 (size before relaxing)
 *fill*         0x000000001000e67f        0x1 
 .rodata._strtod_l
                0x000000001000e680       0xd0 /usr/local/Cellar/arm-none-eabi-gcc/10.3-2021.07/gcc/bin/../lib/gcc/arm-none-eabi/10.3.1/../../../../arm-none-eabi/lib/thumb/v6-m/nofp/libc.a(lib_a-strtod.o)
 .rodata.fpi.1  0x000000001000e750       0x14 /usr/local/Cellar/arm-none-eabi-gcc/10.3-2021.07/gcc/bin/../lib/gcc/arm-none-eabi/10.3.1/../../../../arm-none-eabi/lib/thumb/v6-m/nofp/libc.a(lib_a-strtod.o)
 .rodata.fpinan.0
                0x000000001000e764       0x14 /usr/local/Cellar/arm-none-eabi-gcc/10.3-2021.07/gcc/bin/../lib/gcc/arm-none-eabi/10.3.1/../../../../arm-none-eabi/lib/thumb/v6-m/nofp/libc.a(lib_a-strtod.o)
 .rodata.tinytens
                0x000000001000e778       0x28 /usr/local/Cellar/arm-none-eabi-gcc/10.3-2021.07/gcc/bin/../lib/gcc/arm-none-eabi/10.3.1/../../../../arm-none-eabi/lib/thumb/v6-m/nofp/libc.a(lib_a-strtod.o)
 .rodata.__gethex.str1.4
                0x000000001000e7a0       0x76 /usr/local/Cellar/arm-none-eabi-gcc/10.3-2021.07/gcc/bin/../lib/gcc/arm-none-eabi/10.3.1/../../../../arm-none-eabi/lib/thumb/v6-m/nofp/libc.a(lib_a-gdtoa-gethex.o)
 *fill*         0x000000001000e816        0x2 
 .rodata.__hexdig
                0x000000001000e818      0x100 /usr/local/Cellar/arm-none-eabi-gcc/10.3-2021.07/gcc/bin/../lib/gcc/arm-none-eabi/10.3.1/../../../../arm-none-eabi/lib/thumb/v6-m/nofp/libc.a(lib_a-gdtoa-gethex.o)
                0x000000001000e818                __hexdig
 .rodata.str1.4
                0x000000001000e918        0x5 /usr/local/Cellar/arm-none-eabi-gcc/10.3-2021.07/gcc/bin/../lib/gcc/arm-none-eabi/10.3.1/../../../../arm-none-eabi/lib/thumb/v6-m/nofp/libc.a(lib_a-lnumeric.o)
 .rodata._C_numeric_locale
                0x000000001000e918        0xc /usr/local/Cellar/arm-none-eabi-gcc/10.3-2021.07/gcc/bin/../lib/gcc/arm-none-eabi/10.3.1/../../../../arm-none-eabi/lib/thumb/v6-m/nofp/libc.a(lib_a-lnumeric.o)
                0x000000001000e918                _C_numeric_locale
 .rodata.__multadd.str1.4